This file contains any messages produced by compilers while
running configure, to aid debugging if configure makes a mistake.

It was created by icon configure 2024.10, which was
generated by GNU Autoconf 2.71.  Invocation command line was

  $ /scratch/pmazumde/paper-icon-dace/icon-dace/icon-model/configure --enable-atmo --enable-les --disable-ecrad --enable-openmp --enable-nwp --disable-mpi --disable-coupling --disable-ocean --disable-rpaths --disable-upatmo --disable-jsbach --disable-waves --disable-aes --disable-rte-rrtmgp --disable-mpi-gpu --disable-parallel-netcdf --disable-cdi-pio --disable-yaxt --disable-mixed-precision --disable-comin --disable-art --disable-serialization --disable-grib2 --disable-mpi-checks --disable-gpu CFLAGS=-g ICON_CFLAGS=-O3 ICON_BUNDLED_CFLAGS=-O2 'FCFLAGS=-DDACE_SUBST_ENABLE -g -I/scratch/wbenjami/dafy/sdfg_gpu/spack/opt/spack/linux-centos8-zen2/gcc-10.2.0/netcdf-fortran-4.6.0-p7jdeag2groulzasdfqnokx2qiris3zh/include -I/scratch/wbenjami/dafy/sdfg_gpu/spack/opt/spack/linux-centos8-zen2/gcc-10.2.0/netcdf-c-4.9.2-zynxjqlltpkunevnlaltrm7kfqlwjgpu/include ' 'ICON_FCFLAGS=-O2 -std=legacy' LDFLAGS=-L/scratch/pmazumde/gitspace/icon-artifacts/velocity/integrate_meh 'LIBS=-lvelocity_cpu -lopenblas -lnetcdff -lnetcdf'

## --------- ##
## Platform. ##
## --------- ##

hostname = ault23.cscs.ch
uname -m = x86_64
uname -r = 4.18.0-305.19.1.el8_4.x86_64
uname -s = Linux
uname -v = #1 SMP Wed Sep 15 19:12:32 UTC 2021

/usr/bin/uname -p = x86_64
/bin/uname -X     = unknown

/bin/arch              = x86_64
/usr/bin/arch -k       = unknown
/usr/convex/getsysinfo = unknown
/usr/bin/hostinfo      = unknown
/bin/machine           = unknown
/usr/bin/oslevel       = unknown
/bin/universe          = unknown

PATH: /scratch/wbenjami/dafy/sdfg_gpu/spack/opt/spack/linux-centos8-zen2/gcc-10.2.0/netcdf-fortran-4.6.0-p7jdeag2groulzasdfqnokx2qiris3zh/bin/
PATH: /scratch/wbenjami/dafy/sdfg_gpu/spack/opt/spack/linux-centos8-zen2/gcc-10.2.0/netcdf-c-4.9.2-zynxjqlltpkunevnlaltrm7kfqlwjgpu/bin/
PATH: /scratch/wbenjami/dafy/sdfg_gpu/spack/opt/spack/linux-centos8-zen2/gcc-10.2.0/openblas-0.3.23-ara3inpfwh3myjbgqpaiqye5qc2b6wnc/bin/
PATH: /apps/ault/spack/opt/spack/linux-centos8-zen/gcc-8.4.1/cmake-3.21.3-zt24jfeuemvwweacziyho6ccdsdn2w4s/bin/
PATH: /apps/ault/spack/opt/spack/linux-centos8-zen/gcc-8.4.1/gcc-10.2.0-fqf4ze2mfclmx6e7ehrjckznpoqnevmi/bin/
PATH: /users/pmazumde/miniconda3/bin/
PATH: /users/pmazumde/miniconda3/condabin/
PATH: /users/pmazumde/.local/bin/
PATH: /users/pmazumde/bin/
PATH: /usr/local/bin/
PATH: /usr/bin/
PATH: /usr/local/sbin/
PATH: /usr/sbin/


## ----------- ##
## Core tests. ##
## ----------- ##

configure:3288: looking for aux files: install-sh config.guess config.sub
configure:3301:  trying /scratch/pmazumde/paper-icon-dace/icon-dace/icon-model/utils/
configure:3312:   /scratch/pmazumde/paper-icon-dace/icon-dace/icon-model/utils/install-sh found
configure:3330:   /scratch/pmazumde/paper-icon-dace/icon-dace/icon-model/utils/config.guess found
configure:3330:   /scratch/pmazumde/paper-icon-dace/icon-dace/icon-model/utils/config.sub found
configure:4093: loop exchange is enabled because no GPU support is requested: disable the loop exchange if required (--disable-loop-exchange)
configure:4728: checking build system type
configure:4743: result: x86_64-pc-linux-gnu
configure:4763: checking host system type
configure:4777: result: x86_64-pc-linux-gnu
configure:4797: checking for the fully qualified domain name of the host
configure:4814: result: ault23.cscs.ch
configure:4955: checking for Fortran compiler version
configure:4964: /apps/ault/spack/opt/spack/linux-centos8-zen/gcc-8.4.1/gcc-10.2.0-fqf4ze2mfclmx6e7ehrjckznpoqnevmi/bin/gfortran --version >&5
GNU Fortran (Spack GCC) 10.2.0
Copyright (C) 2020 Free Software Foundation, Inc.
This is free software; see the source for copying conditions.  There is NO
warranty; not even for MERCHANTABILITY or FITNESS FOR A PARTICULAR PURPOSE.

configure:4975: $? = 0
configure:4964: /apps/ault/spack/opt/spack/linux-centos8-zen/gcc-8.4.1/gcc-10.2.0-fqf4ze2mfclmx6e7ehrjckznpoqnevmi/bin/gfortran -v >&5
Reading specs from /apps/ault/spack/opt/spack/linux-centos8-zen/gcc-8.4.1/gcc-10.2.0-fqf4ze2mfclmx6e7ehrjckznpoqnevmi/lib/gcc/x86_64-pc-linux-gnu/10.2.0/specs
COLLECT_GCC=/apps/ault/spack/opt/spack/linux-centos8-zen/gcc-8.4.1/gcc-10.2.0-fqf4ze2mfclmx6e7ehrjckznpoqnevmi/bin/gfortran
COLLECT_LTO_WRAPPER=/apps/ault/spack/opt/spack/linux-centos8-zen/gcc-8.4.1/gcc-10.2.0-fqf4ze2mfclmx6e7ehrjckznpoqnevmi/libexec/gcc/x86_64-pc-linux-gnu/10.2.0/lto-wrapper
Target: x86_64-pc-linux-gnu
Configured with: /tmp/kleinm/spack-stage/spack-stage-gcc-10.2.0-fqf4ze2mfclmx6e7ehrjckznpoqnevmi/spack-src/configure --prefix=/apps/ault/spack/opt/spack/linux-centos8-zen/gcc-8.4.1/gcc-10.2.0-fqf4ze2mfclmx6e7ehrjckznpoqnevmi --with-pkgversion='Spack GCC' --with-bugurl=https://github.com/spack/spack/issues --disable-multilib --enable-languages=c,c++,fortran --disable-nls --with-system-zlib --with-zstd-include=/apps/ault/spack/opt/spack/linux-centos8-zen/gcc-8.4.1/zstd-1.5.0-tdqxudxfvvdg24qqzcthxofjxtwgjv2y/include --with-zstd-lib=/apps/ault/spack/opt/spack/linux-centos8-zen/gcc-8.4.1/zstd-1.5.0-tdqxudxfvvdg24qqzcthxofjxtwgjv2y/lib64 --enable-bootstrap --with-mpfr-include=/apps/ault/spack/opt/spack/linux-centos8-zen/gcc-8.4.1/mpfr-4.1.0-ncrm3oi3zq4czkrhtsppakzbathaz7nm/include --with-mpfr-lib=/apps/ault/spack/opt/spack/linux-centos8-zen/gcc-8.4.1/mpfr-4.1.0-ncrm3oi3zq4czkrhtsppakzbathaz7nm/lib --with-gmp-include=/apps/ault/spack/opt/spack/linux-centos8-zen/gcc-8.4.1/gmp-6.2.1-a4uy3yg5ypry4p44urpwhs64ngc26vtd/include --with-gmp-lib=/apps/ault/spack/opt/spack/linux-centos8-zen/gcc-8.4.1/gmp-6.2.1-a4uy3yg5ypry4p44urpwhs64ngc26vtd/lib --with-mpc-include=/apps/ault/spack/opt/spack/linux-centos8-zen/gcc-8.4.1/mpc-1.1.0-6z3raodvxfd6flyau7y4xnubnkohnz5k/include --with-mpc-lib=/apps/ault/spack/opt/spack/linux-centos8-zen/gcc-8.4.1/mpc-1.1.0-6z3raodvxfd6flyau7y4xnubnkohnz5k/lib --without-isl --with-stage1-ldflags='-Wl,-rpath,/apps/ault/spack/opt/spack/linux-centos8-zen/gcc-8.4.1/gcc-10.2.0-fqf4ze2mfclmx6e7ehrjckznpoqnevmi/lib -Wl,-rpath,/apps/ault/spack/opt/spack/linux-centos8-zen/gcc-8.4.1/gcc-10.2.0-fqf4ze2mfclmx6e7ehrjckznpoqnevmi/lib64 -Wl,-rpath,/apps/ault/spack/opt/spack/linux-centos8-zen/gcc-8.4.1/gmp-6.2.1-a4uy3yg5ypry4p44urpwhs64ngc26vtd/lib -Wl,-rpath,/apps/ault/spack/opt/spack/linux-centos8-zen/gcc-8.4.1/mpfr-4.1.0-ncrm3oi3zq4czkrhtsppakzbathaz7nm/lib -Wl,-rpath,/apps/ault/spack/opt/spack/linux-centos8-zen/gcc-8.4.1/mpc-1.1.0-6z3raodvxfd6flyau7y4xnubnkohnz5k/lib -Wl,-rpath,/apps/ault/spack/opt/spack/linux-centos8-zen/gcc-8.4.1/zlib-1.2.11-dif34johfqcbxxhctkbvqxo4uwbhoz4c/lib -Wl,-rpath,/apps/ault/spack/opt/spack/linux-centos8-zen/gcc-8.4.1/zstd-1.5.0-tdqxudxfvvdg24qqzcthxofjxtwgjv2y/lib64' --with-boot-ldflags='-Wl,-rpath,/apps/ault/spack/opt/spack/linux-centos8-zen/gcc-8.4.1/gcc-10.2.0-fqf4ze2mfclmx6e7ehrjckznpoqnevmi/lib -Wl,-rpath,/apps/ault/spack/opt/spack/linux-centos8-zen/gcc-8.4.1/gcc-10.2.0-fqf4ze2mfclmx6e7ehrjckznpoqnevmi/lib64 -Wl,-rpath,/apps/ault/spack/opt/spack/linux-centos8-zen/gcc-8.4.1/gmp-6.2.1-a4uy3yg5ypry4p44urpwhs64ngc26vtd/lib -Wl,-rpath,/apps/ault/spack/opt/spack/linux-centos8-zen/gcc-8.4.1/mpfr-4.1.0-ncrm3oi3zq4czkrhtsppakzbathaz7nm/lib -Wl,-rpath,/apps/ault/spack/opt/spack/linux-centos8-zen/gcc-8.4.1/mpc-1.1.0-6z3raodvxfd6flyau7y4xnubnkohnz5k/lib -Wl,-rpath,/apps/ault/spack/opt/spack/linux-centos8-zen/gcc-8.4.1/zlib-1.2.11-dif34johfqcbxxhctkbvqxo4uwbhoz4c/lib -Wl,-rpath,/apps/ault/spack/opt/spack/linux-centos8-zen/gcc-8.4.1/zstd-1.5.0-tdqxudxfvvdg24qqzcthxofjxtwgjv2y/lib64 -static-libstdc++ -static-libgcc'
Thread model: posix
Supported LTO compression algorithms: zlib zstd
gcc version 10.2.0 (Spack GCC) 
configure:4975: $? = 0
configure:4964: /apps/ault/spack/opt/spack/linux-centos8-zen/gcc-8.4.1/gcc-10.2.0-fqf4ze2mfclmx6e7ehrjckznpoqnevmi/bin/gfortran -V >&5
gfortran: error: unrecognized command-line option '-V'
gfortran: fatal error: no input files
compilation terminated.
configure:4975: $? = 1
configure:4964: /apps/ault/spack/opt/spack/linux-centos8-zen/gcc-8.4.1/gcc-10.2.0-fqf4ze2mfclmx6e7ehrjckznpoqnevmi/bin/gfortran -qversion >&5
gfortran: error: unrecognized command-line option '-qversion'; did you mean '--version'?
gfortran: fatal error: no input files
compilation terminated.
configure:4975: $? = 1
configure:4990: checking whether the Fortran compiler works
configure:5012: /apps/ault/spack/opt/spack/linux-centos8-zen/gcc-8.4.1/gcc-10.2.0-fqf4ze2mfclmx6e7ehrjckznpoqnevmi/bin/gfortran -DDACE_SUBST_ENABLE -g -I/scratch/wbenjami/dafy/sdfg_gpu/spack/opt/spack/linux-centos8-zen2/gcc-10.2.0/netcdf-fortran-4.6.0-p7jdeag2groulzasdfqnokx2qiris3zh/include -I/scratch/wbenjami/dafy/sdfg_gpu/spack/opt/spack/linux-centos8-zen2/gcc-10.2.0/netcdf-c-4.9.2-zynxjqlltpkunevnlaltrm7kfqlwjgpu/include  -O2 -std=legacy -L/scratch/pmazumde/gitspace/icon-artifacts/velocity/integrate_meh  conftest.f -lvelocity_cpu -lopenblas -lnetcdff -lnetcdf >&5
configure:5016: $? = 0
configure:5067: result: yes
configure:5070: checking for Fortran compiler default output file name
configure:5072: result: a.out
configure:5078: checking for suffix of executables
configure:5085: /apps/ault/spack/opt/spack/linux-centos8-zen/gcc-8.4.1/gcc-10.2.0-fqf4ze2mfclmx6e7ehrjckznpoqnevmi/bin/gfortran -o conftest -DDACE_SUBST_ENABLE -g -I/scratch/wbenjami/dafy/sdfg_gpu/spack/opt/spack/linux-centos8-zen2/gcc-10.2.0/netcdf-fortran-4.6.0-p7jdeag2groulzasdfqnokx2qiris3zh/include -I/scratch/wbenjami/dafy/sdfg_gpu/spack/opt/spack/linux-centos8-zen2/gcc-10.2.0/netcdf-c-4.9.2-zynxjqlltpkunevnlaltrm7kfqlwjgpu/include  -O2 -std=legacy -L/scratch/pmazumde/gitspace/icon-artifacts/velocity/integrate_meh  conftest.f -lvelocity_cpu -lopenblas -lnetcdff -lnetcdf >&5
configure:5089: $? = 0
configure:5113: result: 
configure:5130: checking for suffix of object files
configure:5147: /apps/ault/spack/opt/spack/linux-centos8-zen/gcc-8.4.1/gcc-10.2.0-fqf4ze2mfclmx6e7ehrjckznpoqnevmi/bin/gfortran -c -DDACE_SUBST_ENABLE -g -I/scratch/wbenjami/dafy/sdfg_gpu/spack/opt/spack/linux-centos8-zen2/gcc-10.2.0/netcdf-fortran-4.6.0-p7jdeag2groulzasdfqnokx2qiris3zh/include -I/scratch/wbenjami/dafy/sdfg_gpu/spack/opt/spack/linux-centos8-zen2/gcc-10.2.0/netcdf-c-4.9.2-zynxjqlltpkunevnlaltrm7kfqlwjgpu/include  -O2 -std=legacy  conftest.f >&5
configure:5151: $? = 0
configure:5174: result: o
configure:5182: checking whether the compiler supports GNU Fortran
configure:5196: /apps/ault/spack/opt/spack/linux-centos8-zen/gcc-8.4.1/gcc-10.2.0-fqf4ze2mfclmx6e7ehrjckznpoqnevmi/bin/gfortran -c -DDACE_SUBST_ENABLE -g -I/scratch/wbenjami/dafy/sdfg_gpu/spack/opt/spack/linux-centos8-zen2/gcc-10.2.0/netcdf-fortran-4.6.0-p7jdeag2groulzasdfqnokx2qiris3zh/include -I/scratch/wbenjami/dafy/sdfg_gpu/spack/opt/spack/linux-centos8-zen2/gcc-10.2.0/netcdf-c-4.9.2-zynxjqlltpkunevnlaltrm7kfqlwjgpu/include  -O2 -std=legacy  conftest.F >&5
configure:5196: $? = 0
configure:5206: result: yes
configure:5214: checking whether /apps/ault/spack/opt/spack/linux-centos8-zen/gcc-8.4.1/gcc-10.2.0-fqf4ze2mfclmx6e7ehrjckznpoqnevmi/bin/gfortran accepts -g
configure:5226: /apps/ault/spack/opt/spack/linux-centos8-zen/gcc-8.4.1/gcc-10.2.0-fqf4ze2mfclmx6e7ehrjckznpoqnevmi/bin/gfortran -c -g -O2 -std=legacy  conftest.f >&5
configure:5226: $? = 0
configure:5235: result: yes
configure:5282: checking for Fortran compiler flag needed to compile preprocessed .f90 files
configure:5308: /apps/ault/spack/opt/spack/linux-centos8-zen/gcc-8.4.1/gcc-10.2.0-fqf4ze2mfclmx6e7ehrjckznpoqnevmi/bin/gfortran -c -DDACE_SUBST_ENABLE -g -I/scratch/wbenjami/dafy/sdfg_gpu/spack/opt/spack/linux-centos8-zen2/gcc-10.2.0/netcdf-fortran-4.6.0-p7jdeag2groulzasdfqnokx2qiris3zh/include -I/scratch/wbenjami/dafy/sdfg_gpu/spack/opt/spack/linux-centos8-zen2/gcc-10.2.0/netcdf-c-4.9.2-zynxjqlltpkunevnlaltrm7kfqlwjgpu/include  -O2 -std=legacy  conftest.f90 >&5
conftest.f90:3:2:

    3 | #if 0
      |  1
Warning: Illegal preprocessor directive
conftest.f90:4:2:

    4 | #include <ac_nonexistent.h>
      |  1
Warning: Illegal preprocessor directive
conftest.f90:6:2:

    6 | #endif
      |  1
Warning: Illegal preprocessor directive
conftest.f90:5:7:

    5 |       choke me
      |       1
Error: Unclassifiable statement at (1)
configure:5308: $? = 1
configure: failed program was:
|       program main
| 
| #if 0
| #include <ac_nonexistent.h>
|       choke me
| #endif
|       end
configure:5308: /apps/ault/spack/opt/spack/linux-centos8-zen/gcc-8.4.1/gcc-10.2.0-fqf4ze2mfclmx6e7ehrjckznpoqnevmi/bin/gfortran -c -DDACE_SUBST_ENABLE -g -I/scratch/wbenjami/dafy/sdfg_gpu/spack/opt/spack/linux-centos8-zen2/gcc-10.2.0/netcdf-fortran-4.6.0-p7jdeag2groulzasdfqnokx2qiris3zh/include -I/scratch/wbenjami/dafy/sdfg_gpu/spack/opt/spack/linux-centos8-zen2/gcc-10.2.0/netcdf-c-4.9.2-zynxjqlltpkunevnlaltrm7kfqlwjgpu/include  -O2 -std=legacy -ftpp conftest.f90 >&5
gfortran: error: unrecognized command-line option '-ftpp'
configure:5308: $? = 1
configure: failed program was:
|       program main
| 
| #if 0
| #include <ac_nonexistent.h>
|       choke me
| #endif
|       end
configure:5308: /apps/ault/spack/opt/spack/linux-centos8-zen/gcc-8.4.1/gcc-10.2.0-fqf4ze2mfclmx6e7ehrjckznpoqnevmi/bin/gfortran -c -DDACE_SUBST_ENABLE -g -I/scratch/wbenjami/dafy/sdfg_gpu/spack/opt/spack/linux-centos8-zen2/gcc-10.2.0/netcdf-fortran-4.6.0-p7jdeag2groulzasdfqnokx2qiris3zh/include -I/scratch/wbenjami/dafy/sdfg_gpu/spack/opt/spack/linux-centos8-zen2/gcc-10.2.0/netcdf-c-4.9.2-zynxjqlltpkunevnlaltrm7kfqlwjgpu/include  -O2 -std=legacy -fpp conftest.f90 >&5
gfortran: error: unrecognized command-line option '-fpp'; did you mean '-cpp'?
configure:5308: $? = 1
configure: failed program was:
|       program main
| 
| #if 0
| #include <ac_nonexistent.h>
|       choke me
| #endif
|       end
configure:5308: /apps/ault/spack/opt/spack/linux-centos8-zen/gcc-8.4.1/gcc-10.2.0-fqf4ze2mfclmx6e7ehrjckznpoqnevmi/bin/gfortran -c -DDACE_SUBST_ENABLE -g -I/scratch/wbenjami/dafy/sdfg_gpu/spack/opt/spack/linux-centos8-zen2/gcc-10.2.0/netcdf-fortran-4.6.0-p7jdeag2groulzasdfqnokx2qiris3zh/include -I/scratch/wbenjami/dafy/sdfg_gpu/spack/opt/spack/linux-centos8-zen2/gcc-10.2.0/netcdf-c-4.9.2-zynxjqlltpkunevnlaltrm7kfqlwjgpu/include  -O2 -std=legacy -Tf conftest.f90 >&5
conftest.f90:3:2:

    3 | #if 0
      |  1
Warning: Illegal preprocessor directive
conftest.f90:4:2:

    4 | #include <ac_nonexistent.h>
      |  1
Warning: Illegal preprocessor directive
conftest.f90:6:2:

    6 | #endif
      |  1
Warning: Illegal preprocessor directive
conftest.f90:5:7:

    5 |       choke me
      |       1
Error: Unclassifiable statement at (1)
configure:5308: $? = 1
configure: failed program was:
|       program main
| 
| #if 0
| #include <ac_nonexistent.h>
|       choke me
| #endif
|       end
configure:5308: /apps/ault/spack/opt/spack/linux-centos8-zen/gcc-8.4.1/gcc-10.2.0-fqf4ze2mfclmx6e7ehrjckznpoqnevmi/bin/gfortran -c -DDACE_SUBST_ENABLE -g -I/scratch/wbenjami/dafy/sdfg_gpu/spack/opt/spack/linux-centos8-zen2/gcc-10.2.0/netcdf-fortran-4.6.0-p7jdeag2groulzasdfqnokx2qiris3zh/include -I/scratch/wbenjami/dafy/sdfg_gpu/spack/opt/spack/linux-centos8-zen2/gcc-10.2.0/netcdf-c-4.9.2-zynxjqlltpkunevnlaltrm7kfqlwjgpu/include  -O2 -std=legacy -fpp -Tf conftest.f90 >&5
gfortran: error: unrecognized command-line option '-fpp'; did you mean '-cpp'?
configure:5308: $? = 1
configure: failed program was:
|       program main
| 
| #if 0
| #include <ac_nonexistent.h>
|       choke me
| #endif
|       end
configure:5308: /apps/ault/spack/opt/spack/linux-centos8-zen/gcc-8.4.1/gcc-10.2.0-fqf4ze2mfclmx6e7ehrjckznpoqnevmi/bin/gfortran -c -DDACE_SUBST_ENABLE -g -I/scratch/wbenjami/dafy/sdfg_gpu/spack/opt/spack/linux-centos8-zen2/gcc-10.2.0/netcdf-fortran-4.6.0-p7jdeag2groulzasdfqnokx2qiris3zh/include -I/scratch/wbenjami/dafy/sdfg_gpu/spack/opt/spack/linux-centos8-zen2/gcc-10.2.0/netcdf-c-4.9.2-zynxjqlltpkunevnlaltrm7kfqlwjgpu/include  -O2 -std=legacy -xpp=fpp conftest.f90 >&5
gfortran: error: language pp=fpp not recognized
gfortran: error: language pp=fpp not recognized
configure:5308: $? = 1
configure: failed program was:
|       program main
| 
| #if 0
| #include <ac_nonexistent.h>
|       choke me
| #endif
|       end
configure:5308: /apps/ault/spack/opt/spack/linux-centos8-zen/gcc-8.4.1/gcc-10.2.0-fqf4ze2mfclmx6e7ehrjckznpoqnevmi/bin/gfortran -c -DDACE_SUBST_ENABLE -g -I/scratch/wbenjami/dafy/sdfg_gpu/spack/opt/spack/linux-centos8-zen2/gcc-10.2.0/netcdf-fortran-4.6.0-p7jdeag2groulzasdfqnokx2qiris3zh/include -I/scratch/wbenjami/dafy/sdfg_gpu/spack/opt/spack/linux-centos8-zen2/gcc-10.2.0/netcdf-c-4.9.2-zynxjqlltpkunevnlaltrm7kfqlwjgpu/include  -O2 -std=legacy -Mpreprocess conftest.f90 >&5
gfortran: error: unrecognized command-line option '-Mpreprocess'; did you mean '--preprocess'?
configure:5308: $? = 1
configure: failed program was:
|       program main
| 
| #if 0
| #include <ac_nonexistent.h>
|       choke me
| #endif
|       end
configure:5308: /apps/ault/spack/opt/spack/linux-centos8-zen/gcc-8.4.1/gcc-10.2.0-fqf4ze2mfclmx6e7ehrjckznpoqnevmi/bin/gfortran -c -DDACE_SUBST_ENABLE -g -I/scratch/wbenjami/dafy/sdfg_gpu/spack/opt/spack/linux-centos8-zen2/gcc-10.2.0/netcdf-fortran-4.6.0-p7jdeag2groulzasdfqnokx2qiris3zh/include -I/scratch/wbenjami/dafy/sdfg_gpu/spack/opt/spack/linux-centos8-zen2/gcc-10.2.0/netcdf-c-4.9.2-zynxjqlltpkunevnlaltrm7kfqlwjgpu/include  -O2 -std=legacy -e T conftest.f90 >&5
conftest.f90:3:2:

    3 | #if 0
      |  1
Warning: Illegal preprocessor directive
conftest.f90:4:2:

    4 | #include <ac_nonexistent.h>
      |  1
Warning: Illegal preprocessor directive
conftest.f90:6:2:

    6 | #endif
      |  1
Warning: Illegal preprocessor directive
conftest.f90:5:7:

    5 |       choke me
      |       1
Error: Unclassifiable statement at (1)
configure:5308: $? = 1
configure: failed program was:
|       program main
| 
| #if 0
| #include <ac_nonexistent.h>
|       choke me
| #endif
|       end
configure:5308: /apps/ault/spack/opt/spack/linux-centos8-zen/gcc-8.4.1/gcc-10.2.0-fqf4ze2mfclmx6e7ehrjckznpoqnevmi/bin/gfortran -c -DDACE_SUBST_ENABLE -g -I/scratch/wbenjami/dafy/sdfg_gpu/spack/opt/spack/linux-centos8-zen2/gcc-10.2.0/netcdf-fortran-4.6.0-p7jdeag2groulzasdfqnokx2qiris3zh/include -I/scratch/wbenjami/dafy/sdfg_gpu/spack/opt/spack/linux-centos8-zen2/gcc-10.2.0/netcdf-c-4.9.2-zynxjqlltpkunevnlaltrm7kfqlwjgpu/include  -O2 -std=legacy -e Z conftest.f90 >&5
conftest.f90:3:2:

    3 | #if 0
      |  1
Warning: Illegal preprocessor directive
conftest.f90:4:2:

    4 | #include <ac_nonexistent.h>
      |  1
Warning: Illegal preprocessor directive
conftest.f90:6:2:

    6 | #endif
      |  1
Warning: Illegal preprocessor directive
conftest.f90:5:7:

    5 |       choke me
      |       1
Error: Unclassifiable statement at (1)
configure:5308: $? = 1
configure: failed program was:
|       program main
| 
| #if 0
| #include <ac_nonexistent.h>
|       choke me
| #endif
|       end
configure:5308: /apps/ault/spack/opt/spack/linux-centos8-zen/gcc-8.4.1/gcc-10.2.0-fqf4ze2mfclmx6e7ehrjckznpoqnevmi/bin/gfortran -c -DDACE_SUBST_ENABLE -g -I/scratch/wbenjami/dafy/sdfg_gpu/spack/opt/spack/linux-centos8-zen2/gcc-10.2.0/netcdf-fortran-4.6.0-p7jdeag2groulzasdfqnokx2qiris3zh/include -I/scratch/wbenjami/dafy/sdfg_gpu/spack/opt/spack/linux-centos8-zen2/gcc-10.2.0/netcdf-c-4.9.2-zynxjqlltpkunevnlaltrm7kfqlwjgpu/include  -O2 -std=legacy -cpp conftest.f90 >&5
configure:5308: $? = 0
configure:5319: /apps/ault/spack/opt/spack/linux-centos8-zen/gcc-8.4.1/gcc-10.2.0-fqf4ze2mfclmx6e7ehrjckznpoqnevmi/bin/gfortran -c -DDACE_SUBST_ENABLE -g -I/scratch/wbenjami/dafy/sdfg_gpu/spack/opt/spack/linux-centos8-zen2/gcc-10.2.0/netcdf-fortran-4.6.0-p7jdeag2groulzasdfqnokx2qiris3zh/include -I/scratch/wbenjami/dafy/sdfg_gpu/spack/opt/spack/linux-centos8-zen2/gcc-10.2.0/netcdf-c-4.9.2-zynxjqlltpkunevnlaltrm7kfqlwjgpu/include  -O2 -std=legacy -cpp conftest.f90 >&5
conftest.f90:5:2:

    5 |       choke me
      |  1    ~~~~~~~~     
Fatal Error: ac_nonexistent.h: No such file or directory
compilation terminated.
configure:5319: $? = 1
configure: failed program was:
|       program main
| 
| #if 1
| #include <ac_nonexistent.h>
|       choke me
| #endif
|       end
configure:5333: result: -cpp
configure:5363: checking for Fortran compiler vendor
configure:5401: result: gnu
configure:5443: checking for Fortran compiler version
configure:5509: result: 10.2.0
configure:5596: checking whether we are cross compiling
configure:5604: /apps/ault/spack/opt/spack/linux-centos8-zen/gcc-8.4.1/gcc-10.2.0-fqf4ze2mfclmx6e7ehrjckznpoqnevmi/bin/gfortran -o conftest -DDACE_SUBST_ENABLE -g -I/scratch/wbenjami/dafy/sdfg_gpu/spack/opt/spack/linux-centos8-zen2/gcc-10.2.0/netcdf-fortran-4.6.0-p7jdeag2groulzasdfqnokx2qiris3zh/include -I/scratch/wbenjami/dafy/sdfg_gpu/spack/opt/spack/linux-centos8-zen2/gcc-10.2.0/netcdf-c-4.9.2-zynxjqlltpkunevnlaltrm7kfqlwjgpu/include  -O2 -std=legacy -L/scratch/pmazumde/gitspace/icon-artifacts/velocity/integrate_meh -cpp conftest.f90 -lvelocity_cpu -lopenblas -lnetcdff -lnetcdf >&5
configure:5608: $? = 0
configure:5615: ./conftest
configure:5619: $? = 0
configure:5635: result: no
configure:5659: checking for Fortran flag needed to accept unlimited column source lines
configure:5683: /apps/ault/spack/opt/spack/linux-centos8-zen/gcc-8.4.1/gcc-10.2.0-fqf4ze2mfclmx6e7ehrjckznpoqnevmi/bin/gfortran -c -DDACE_SUBST_ENABLE -g -I/scratch/wbenjami/dafy/sdfg_gpu/spack/opt/spack/linux-centos8-zen2/gcc-10.2.0/netcdf-fortran-4.6.0-p7jdeag2groulzasdfqnokx2qiris3zh/include -I/scratch/wbenjami/dafy/sdfg_gpu/spack/opt/spack/linux-centos8-zen2/gcc-10.2.0/netcdf-c-4.9.2-zynxjqlltpkunevnlaltrm7kfqlwjgpu/include  -O2 -std=legacy -cpp conftest.f90 >&5
conftest.f90:2:132:

    2 |       subroutine longer_than_132(arg1,arg2,arg3,arg4,arg5,arg6,arg7,arg8,arg9,arg10,arg11,arg12,arg13,arg14,arg15,arg16,arg17,arg18,arg19)
      |                                                                                                                                    1
Error: Line truncated at (1) [-Werror=line-truncation]
conftest.f90:2:132:

    2 |       subroutine longer_than_132(arg1,arg2,arg3,arg4,arg5,arg6,arg7,arg8,arg9,arg10,arg11,arg12,arg13,arg14,arg15,arg16,arg17,arg18,arg19)
      |                                                                                                                                    1
Error: Invalid character in name at (1)
conftest.f90:4:9:

    4 |       end subroutine
      |         1
Error: Expecting END PROGRAM statement at (1)
f951: Error: Unexpected end of file in 'conftest.f90'
f951: some warnings being treated as errors
configure:5683: $? = 1
configure: failed program was:
| 
|       subroutine longer_than_132(arg1,arg2,arg3,arg4,arg5,arg6,arg7,arg8,arg9,arg10,arg11,arg12,arg13,arg14,arg15,arg16,arg17,arg18,arg19)
|         implicit integer (a)
|       end subroutine
configure:5683: /apps/ault/spack/opt/spack/linux-centos8-zen/gcc-8.4.1/gcc-10.2.0-fqf4ze2mfclmx6e7ehrjckznpoqnevmi/bin/gfortran -c -DDACE_SUBST_ENABLE -g -I/scratch/wbenjami/dafy/sdfg_gpu/spack/opt/spack/linux-centos8-zen2/gcc-10.2.0/netcdf-fortran-4.6.0-p7jdeag2groulzasdfqnokx2qiris3zh/include -I/scratch/wbenjami/dafy/sdfg_gpu/spack/opt/spack/linux-centos8-zen2/gcc-10.2.0/netcdf-c-4.9.2-zynxjqlltpkunevnlaltrm7kfqlwjgpu/include  -ffree-line-length-none -O2 -std=legacy -cpp conftest.f90 >&5
configure:5683: $? = 0
configure:5693: result: -ffree-line-length-none
configure:5726: checking for Fortran compiler flag needed to specify search paths for module files
configure:5746: /apps/ault/spack/opt/spack/linux-centos8-zen/gcc-8.4.1/gcc-10.2.0-fqf4ze2mfclmx6e7ehrjckznpoqnevmi/bin/gfortran -c -DDACE_SUBST_ENABLE -g -I/scratch/wbenjami/dafy/sdfg_gpu/spack/opt/spack/linux-centos8-zen2/gcc-10.2.0/netcdf-fortran-4.6.0-p7jdeag2groulzasdfqnokx2qiris3zh/include -I/scratch/wbenjami/dafy/sdfg_gpu/spack/opt/spack/linux-centos8-zen2/gcc-10.2.0/netcdf-c-4.9.2-zynxjqlltpkunevnlaltrm7kfqlwjgpu/include  -ffree-line-length-none -O2 -std=legacy -cpp conftest.f90 >&5
configure:5746: $? = 0
configure:5760: /apps/ault/spack/opt/spack/linux-centos8-zen/gcc-8.4.1/gcc-10.2.0-fqf4ze2mfclmx6e7ehrjckznpoqnevmi/bin/gfortran -c -DDACE_SUBST_ENABLE -g -I/scratch/wbenjami/dafy/sdfg_gpu/spack/opt/spack/linux-centos8-zen2/gcc-10.2.0/netcdf-fortran-4.6.0-p7jdeag2groulzasdfqnokx2qiris3zh/include -I/scratch/wbenjami/dafy/sdfg_gpu/spack/opt/spack/linux-centos8-zen2/gcc-10.2.0/netcdf-c-4.9.2-zynxjqlltpkunevnlaltrm7kfqlwjgpu/include  -ffree-line-length-none -Mconftest.dir -Mconftest.dir -O2 -std=legacy -cpp conftest.f90 >&5
gfortran: error: unrecognized command-line option '-Mconftest.dir'
gfortran: error: unrecognized command-line option '-Mconftest.dir'
configure:5760: $? = 1
configure: failed program was:
| 
|       program main
|       use conftest_module, only : conftest_routine
|       implicit none
|       call conftest_routine
|       end program
configure:5760: /apps/ault/spack/opt/spack/linux-centos8-zen/gcc-8.4.1/gcc-10.2.0-fqf4ze2mfclmx6e7ehrjckznpoqnevmi/bin/gfortran -c -DDACE_SUBST_ENABLE -g -I/scratch/wbenjami/dafy/sdfg_gpu/spack/opt/spack/linux-centos8-zen2/gcc-10.2.0/netcdf-fortran-4.6.0-p7jdeag2groulzasdfqnokx2qiris3zh/include -I/scratch/wbenjami/dafy/sdfg_gpu/spack/opt/spack/linux-centos8-zen2/gcc-10.2.0/netcdf-c-4.9.2-zynxjqlltpkunevnlaltrm7kfqlwjgpu/include  -ffree-line-length-none -Iconftest.dir -Iconftest.dir -O2 -std=legacy -cpp conftest.f90 >&5
configure:5760: $? = 0
configure:5776: result: -I
configure:5795: checking for Fortran compiler flag needed to specify output path for module files
configure:5819: /apps/ault/spack/opt/spack/linux-centos8-zen/gcc-8.4.1/gcc-10.2.0-fqf4ze2mfclmx6e7ehrjckznpoqnevmi/bin/gfortran -c -DDACE_SUBST_ENABLE -g -I/scratch/wbenjami/dafy/sdfg_gpu/spack/opt/spack/linux-centos8-zen2/gcc-10.2.0/netcdf-fortran-4.6.0-p7jdeag2groulzasdfqnokx2qiris3zh/include -I/scratch/wbenjami/dafy/sdfg_gpu/spack/opt/spack/linux-centos8-zen2/gcc-10.2.0/netcdf-c-4.9.2-zynxjqlltpkunevnlaltrm7kfqlwjgpu/include  -ffree-line-length-none -Jsub -O2 -std=legacy -cpp conftest.f90 >&5
configure:5819: $? = 0
configure:5830: /apps/ault/spack/opt/spack/linux-centos8-zen/gcc-8.4.1/gcc-10.2.0-fqf4ze2mfclmx6e7ehrjckznpoqnevmi/bin/gfortran -c -DDACE_SUBST_ENABLE -g -I/scratch/wbenjami/dafy/sdfg_gpu/spack/opt/spack/linux-centos8-zen2/gcc-10.2.0/netcdf-fortran-4.6.0-p7jdeag2groulzasdfqnokx2qiris3zh/include -I/scratch/wbenjami/dafy/sdfg_gpu/spack/opt/spack/linux-centos8-zen2/gcc-10.2.0/netcdf-c-4.9.2-zynxjqlltpkunevnlaltrm7kfqlwjgpu/include  -ffree-line-length-none -Jsub -O2 -std=legacy -cpp conftest.f90 >&5
f951: Warning: Nonexistent include directory 'sub' [-Wmissing-include-dirs]
configure:5830: $? = 0
configure:5848: result: -J
configure:5868: checking for Fortran compiler module file naming template
configure:5887: /apps/ault/spack/opt/spack/linux-centos8-zen/gcc-8.4.1/gcc-10.2.0-fqf4ze2mfclmx6e7ehrjckznpoqnevmi/bin/gfortran -c -DDACE_SUBST_ENABLE -g -I/scratch/wbenjami/dafy/sdfg_gpu/spack/opt/spack/linux-centos8-zen2/gcc-10.2.0/netcdf-fortran-4.6.0-p7jdeag2groulzasdfqnokx2qiris3zh/include -I/scratch/wbenjami/dafy/sdfg_gpu/spack/opt/spack/linux-centos8-zen2/gcc-10.2.0/netcdf-c-4.9.2-zynxjqlltpkunevnlaltrm7kfqlwjgpu/include  -ffree-line-length-none -O2 -std=legacy -cpp conftest.f90 >&5
configure:5887: $? = 0
configure:5936: result: {name}.mod
configure:5945: checking for Fortran compiler submodule file naming template
configure:5971: /apps/ault/spack/opt/spack/linux-centos8-zen/gcc-8.4.1/gcc-10.2.0-fqf4ze2mfclmx6e7ehrjckznpoqnevmi/bin/gfortran -c -DDACE_SUBST_ENABLE -g -I/scratch/wbenjami/dafy/sdfg_gpu/spack/opt/spack/linux-centos8-zen2/gcc-10.2.0/netcdf-fortran-4.6.0-p7jdeag2groulzasdfqnokx2qiris3zh/include -I/scratch/wbenjami/dafy/sdfg_gpu/spack/opt/spack/linux-centos8-zen2/gcc-10.2.0/netcdf-c-4.9.2-zynxjqlltpkunevnlaltrm7kfqlwjgpu/include  -ffree-line-length-none -O2 -std=legacy -cpp conftest.f90 >&5
configure:5971: $? = 0
configure:6047: result: {name}@{sname}.smod
configure:6055: checking whether Fortran compiler generates submodule files for root ancestors
configure:6078: /apps/ault/spack/opt/spack/linux-centos8-zen/gcc-8.4.1/gcc-10.2.0-fqf4ze2mfclmx6e7ehrjckznpoqnevmi/bin/gfortran -c -DDACE_SUBST_ENABLE -g -I/scratch/wbenjami/dafy/sdfg_gpu/spack/opt/spack/linux-centos8-zen2/gcc-10.2.0/netcdf-fortran-4.6.0-p7jdeag2groulzasdfqnokx2qiris3zh/include -I/scratch/wbenjami/dafy/sdfg_gpu/spack/opt/spack/linux-centos8-zen2/gcc-10.2.0/netcdf-c-4.9.2-zynxjqlltpkunevnlaltrm7kfqlwjgpu/include  -ffree-line-length-none -O2 -std=legacy -cpp conftest.f90 >&5
configure:6078: $? = 0
configure:6098: result: yes
configure:6174: checking for Fortran compiler flag needed to specify search paths for the "INCLUDE" statement
configure:6195: /apps/ault/spack/opt/spack/linux-centos8-zen/gcc-8.4.1/gcc-10.2.0-fqf4ze2mfclmx6e7ehrjckznpoqnevmi/bin/gfortran -o conftest -DDACE_SUBST_ENABLE -g -I/scratch/wbenjami/dafy/sdfg_gpu/spack/opt/spack/linux-centos8-zen2/gcc-10.2.0/netcdf-fortran-4.6.0-p7jdeag2groulzasdfqnokx2qiris3zh/include -I/scratch/wbenjami/dafy/sdfg_gpu/spack/opt/spack/linux-centos8-zen2/gcc-10.2.0/netcdf-c-4.9.2-zynxjqlltpkunevnlaltrm7kfqlwjgpu/include  -ffree-line-length-none -Iconftest.dir -O2 -std=legacy -L/scratch/pmazumde/gitspace/icon-artifacts/velocity/integrate_meh -cpp conftest.f90 -lvelocity_cpu -lopenblas -lnetcdff -lnetcdf >&5
configure:6195: $? = 0
configure:6207: result: -I
configure:6221: checking for Fortran compiler search path order for the "INCLUDE" statement
configure:6259: /apps/ault/spack/opt/spack/linux-centos8-zen/gcc-8.4.1/gcc-10.2.0-fqf4ze2mfclmx6e7ehrjckznpoqnevmi/bin/gfortran -o conftest -DDACE_SUBST_ENABLE -g -I/scratch/wbenjami/dafy/sdfg_gpu/spack/opt/spack/linux-centos8-zen2/gcc-10.2.0/netcdf-fortran-4.6.0-p7jdeag2groulzasdfqnokx2qiris3zh/include -I/scratch/wbenjami/dafy/sdfg_gpu/spack/opt/spack/linux-centos8-zen2/gcc-10.2.0/netcdf-c-4.9.2-zynxjqlltpkunevnlaltrm7kfqlwjgpu/include  -ffree-line-length-none -I../src/inc -I../src/inc2 -O2 -std=legacy -L/scratch/pmazumde/gitspace/icon-artifacts/velocity/integrate_meh -cpp ../src/conftest.f90 -lvelocity_cpu -lopenblas -lnetcdff -lnetcdf >&5
configure:6259: $? = 0
configure:6259: /apps/ault/spack/opt/spack/linux-centos8-zen/gcc-8.4.1/gcc-10.2.0-fqf4ze2mfclmx6e7ehrjckznpoqnevmi/bin/gfortran -o conftest -DDACE_SUBST_ENABLE -g -I/scratch/wbenjami/dafy/sdfg_gpu/spack/opt/spack/linux-centos8-zen2/gcc-10.2.0/netcdf-fortran-4.6.0-p7jdeag2groulzasdfqnokx2qiris3zh/include -I/scratch/wbenjami/dafy/sdfg_gpu/spack/opt/spack/linux-centos8-zen2/gcc-10.2.0/netcdf-c-4.9.2-zynxjqlltpkunevnlaltrm7kfqlwjgpu/include  -ffree-line-length-none -I../src/inc -I../src/inc2 -O2 -std=legacy -L/scratch/pmazumde/gitspace/icon-artifacts/velocity/integrate_meh -cpp ../src/conftest.f90 -lvelocity_cpu -lopenblas -lnetcdff -lnetcdf >&5
configure:6259: $? = 0
configure:6259: /apps/ault/spack/opt/spack/linux-centos8-zen/gcc-8.4.1/gcc-10.2.0-fqf4ze2mfclmx6e7ehrjckznpoqnevmi/bin/gfortran -o conftest -DDACE_SUBST_ENABLE -g -I/scratch/wbenjami/dafy/sdfg_gpu/spack/opt/spack/linux-centos8-zen2/gcc-10.2.0/netcdf-fortran-4.6.0-p7jdeag2groulzasdfqnokx2qiris3zh/include -I/scratch/wbenjami/dafy/sdfg_gpu/spack/opt/spack/linux-centos8-zen2/gcc-10.2.0/netcdf-c-4.9.2-zynxjqlltpkunevnlaltrm7kfqlwjgpu/include  -ffree-line-length-none -I../src/inc -I../src/inc2 -O2 -std=legacy -L/scratch/pmazumde/gitspace/icon-artifacts/velocity/integrate_meh -cpp ../src/conftest.f90 -lvelocity_cpu -lopenblas -lnetcdff -lnetcdf >&5
conftest.inc:1: Error: Can't open included file 'conftest.write'
configure:6259: $? = 1
configure: failed program was:
|       program main
|       include "conftest.inc"
| 
|       end
configure:6302: result: src,flg
configure:6313: checking for Fortran compiler flag needed to specify search paths for the quoted form of the "#include" directive
configure:6334: /apps/ault/spack/opt/spack/linux-centos8-zen/gcc-8.4.1/gcc-10.2.0-fqf4ze2mfclmx6e7ehrjckznpoqnevmi/bin/gfortran -o conftest -DDACE_SUBST_ENABLE -g -I/scratch/wbenjami/dafy/sdfg_gpu/spack/opt/spack/linux-centos8-zen2/gcc-10.2.0/netcdf-fortran-4.6.0-p7jdeag2groulzasdfqnokx2qiris3zh/include -I/scratch/wbenjami/dafy/sdfg_gpu/spack/opt/spack/linux-centos8-zen2/gcc-10.2.0/netcdf-c-4.9.2-zynxjqlltpkunevnlaltrm7kfqlwjgpu/include  -ffree-line-length-none -Iconftest.dir -O2 -std=legacy -L/scratch/pmazumde/gitspace/icon-artifacts/velocity/integrate_meh -cpp conftest.f90 -lvelocity_cpu -lopenblas -lnetcdff -lnetcdf >&5
configure:6334: $? = 0
configure:6346: result: -I
configure:6360: checking for Fortran compiler search path order for the quoted form of the "#include" directive
configure:6398: /apps/ault/spack/opt/spack/linux-centos8-zen/gcc-8.4.1/gcc-10.2.0-fqf4ze2mfclmx6e7ehrjckznpoqnevmi/bin/gfortran -o conftest -DDACE_SUBST_ENABLE -g -I/scratch/wbenjami/dafy/sdfg_gpu/spack/opt/spack/linux-centos8-zen2/gcc-10.2.0/netcdf-fortran-4.6.0-p7jdeag2groulzasdfqnokx2qiris3zh/include -I/scratch/wbenjami/dafy/sdfg_gpu/spack/opt/spack/linux-centos8-zen2/gcc-10.2.0/netcdf-c-4.9.2-zynxjqlltpkunevnlaltrm7kfqlwjgpu/include  -ffree-line-length-none -I../src/inc -I../src/inc2 -O2 -std=legacy -L/scratch/pmazumde/gitspace/icon-artifacts/velocity/integrate_meh -cpp ../src/conftest.f90 -lvelocity_cpu -lopenblas -lnetcdff -lnetcdf >&5
configure:6398: $? = 0
configure:6398: /apps/ault/spack/opt/spack/linux-centos8-zen/gcc-8.4.1/gcc-10.2.0-fqf4ze2mfclmx6e7ehrjckznpoqnevmi/bin/gfortran -o conftest -DDACE_SUBST_ENABLE -g -I/scratch/wbenjami/dafy/sdfg_gpu/spack/opt/spack/linux-centos8-zen2/gcc-10.2.0/netcdf-fortran-4.6.0-p7jdeag2groulzasdfqnokx2qiris3zh/include -I/scratch/wbenjami/dafy/sdfg_gpu/spack/opt/spack/linux-centos8-zen2/gcc-10.2.0/netcdf-c-4.9.2-zynxjqlltpkunevnlaltrm7kfqlwjgpu/include  -ffree-line-length-none -I../src/inc -I../src/inc2 -O2 -std=legacy -L/scratch/pmazumde/gitspace/icon-artifacts/velocity/integrate_meh -cpp ../src/conftest.f90 -lvelocity_cpu -lopenblas -lnetcdff -lnetcdf >&5
configure:6398: $? = 0
configure:6398: /apps/ault/spack/opt/spack/linux-centos8-zen/gcc-8.4.1/gcc-10.2.0-fqf4ze2mfclmx6e7ehrjckznpoqnevmi/bin/gfortran -o conftest -DDACE_SUBST_ENABLE -g -I/scratch/wbenjami/dafy/sdfg_gpu/spack/opt/spack/linux-centos8-zen2/gcc-10.2.0/netcdf-fortran-4.6.0-p7jdeag2groulzasdfqnokx2qiris3zh/include -I/scratch/wbenjami/dafy/sdfg_gpu/spack/opt/spack/linux-centos8-zen2/gcc-10.2.0/netcdf-c-4.9.2-zynxjqlltpkunevnlaltrm7kfqlwjgpu/include  -ffree-line-length-none -I../src/inc -I../src/inc2 -O2 -std=legacy -L/scratch/pmazumde/gitspace/icon-artifacts/velocity/integrate_meh -cpp ../src/conftest.f90 -lvelocity_cpu -lopenblas -lnetcdff -lnetcdf >&5
../src/inc2/conftest.inc:2:2:

    2 | 
      |  1               
Fatal Error: conftest.write: No such file or directory
compilation terminated.
configure:6398: $? = 1
configure: failed program was:
|       program main
| #include "conftest.inc"
| 
|       end
configure:6441: result: inc,flg
configure:6452: checking for Fortran compiler flag needed to define a preprocessor macro
configure:6472: /apps/ault/spack/opt/spack/linux-centos8-zen/gcc-8.4.1/gcc-10.2.0-fqf4ze2mfclmx6e7ehrjckznpoqnevmi/bin/gfortran -c -DDACE_SUBST_ENABLE -g -I/scratch/wbenjami/dafy/sdfg_gpu/spack/opt/spack/linux-centos8-zen2/gcc-10.2.0/netcdf-fortran-4.6.0-p7jdeag2groulzasdfqnokx2qiris3zh/include -I/scratch/wbenjami/dafy/sdfg_gpu/spack/opt/spack/linux-centos8-zen2/gcc-10.2.0/netcdf-c-4.9.2-zynxjqlltpkunevnlaltrm7kfqlwjgpu/include  -ffree-line-length-none -DCONFTEST_ONE -DCONFTEST_TWO=42 -O2 -std=legacy -cpp conftest.f90 >&5
configure:6472: $? = 0
configure:6482: result: -D
configure:6497: checking whether /apps/ault/spack/opt/spack/linux-centos8-zen/gcc-8.4.1/gcc-10.2.0-fqf4ze2mfclmx6e7ehrjckznpoqnevmi/bin/gfortran supports CONTIGUOUS attribute
configure:6532: /apps/ault/spack/opt/spack/linux-centos8-zen/gcc-8.4.1/gcc-10.2.0-fqf4ze2mfclmx6e7ehrjckznpoqnevmi/bin/gfortran -c -DDACE_SUBST_ENABLE -g -I/scratch/wbenjami/dafy/sdfg_gpu/spack/opt/spack/linux-centos8-zen2/gcc-10.2.0/netcdf-fortran-4.6.0-p7jdeag2groulzasdfqnokx2qiris3zh/include -I/scratch/wbenjami/dafy/sdfg_gpu/spack/opt/spack/linux-centos8-zen2/gcc-10.2.0/netcdf-c-4.9.2-zynxjqlltpkunevnlaltrm7kfqlwjgpu/include  -ffree-line-length-none -O2 -std=legacy -cpp conftest.f90 >&5
configure:6532: $? = 0
configure:6545: result: yes
configure:6896: checking for gcc
configure:6928: result: /apps/ault/spack/opt/spack/linux-centos8-zen/gcc-8.4.1/gcc-10.2.0-fqf4ze2mfclmx6e7ehrjckznpoqnevmi/bin/gcc
configure:7282: checking for C compiler version
configure:7291: /apps/ault/spack/opt/spack/linux-centos8-zen/gcc-8.4.1/gcc-10.2.0-fqf4ze2mfclmx6e7ehrjckznpoqnevmi/bin/gcc --version >&5
gcc (Spack GCC) 10.2.0
Copyright (C) 2020 Free Software Foundation, Inc.
This is free software; see the source for copying conditions.  There is NO
warranty; not even for MERCHANTABILITY or FITNESS FOR A PARTICULAR PURPOSE.

configure:7302: $? = 0
configure:7291: /apps/ault/spack/opt/spack/linux-centos8-zen/gcc-8.4.1/gcc-10.2.0-fqf4ze2mfclmx6e7ehrjckznpoqnevmi/bin/gcc -v >&5
Reading specs from /apps/ault/spack/opt/spack/linux-centos8-zen/gcc-8.4.1/gcc-10.2.0-fqf4ze2mfclmx6e7ehrjckznpoqnevmi/lib/gcc/x86_64-pc-linux-gnu/10.2.0/specs
COLLECT_GCC=/apps/ault/spack/opt/spack/linux-centos8-zen/gcc-8.4.1/gcc-10.2.0-fqf4ze2mfclmx6e7ehrjckznpoqnevmi/bin/gcc
COLLECT_LTO_WRAPPER=/apps/ault/spack/opt/spack/linux-centos8-zen/gcc-8.4.1/gcc-10.2.0-fqf4ze2mfclmx6e7ehrjckznpoqnevmi/libexec/gcc/x86_64-pc-linux-gnu/10.2.0/lto-wrapper
Target: x86_64-pc-linux-gnu
Configured with: /tmp/kleinm/spack-stage/spack-stage-gcc-10.2.0-fqf4ze2mfclmx6e7ehrjckznpoqnevmi/spack-src/configure --prefix=/apps/ault/spack/opt/spack/linux-centos8-zen/gcc-8.4.1/gcc-10.2.0-fqf4ze2mfclmx6e7ehrjckznpoqnevmi --with-pkgversion='Spack GCC' --with-bugurl=https://github.com/spack/spack/issues --disable-multilib --enable-languages=c,c++,fortran --disable-nls --with-system-zlib --with-zstd-include=/apps/ault/spack/opt/spack/linux-centos8-zen/gcc-8.4.1/zstd-1.5.0-tdqxudxfvvdg24qqzcthxofjxtwgjv2y/include --with-zstd-lib=/apps/ault/spack/opt/spack/linux-centos8-zen/gcc-8.4.1/zstd-1.5.0-tdqxudxfvvdg24qqzcthxofjxtwgjv2y/lib64 --enable-bootstrap --with-mpfr-include=/apps/ault/spack/opt/spack/linux-centos8-zen/gcc-8.4.1/mpfr-4.1.0-ncrm3oi3zq4czkrhtsppakzbathaz7nm/include --with-mpfr-lib=/apps/ault/spack/opt/spack/linux-centos8-zen/gcc-8.4.1/mpfr-4.1.0-ncrm3oi3zq4czkrhtsppakzbathaz7nm/lib --with-gmp-include=/apps/ault/spack/opt/spack/linux-centos8-zen/gcc-8.4.1/gmp-6.2.1-a4uy3yg5ypry4p44urpwhs64ngc26vtd/include --with-gmp-lib=/apps/ault/spack/opt/spack/linux-centos8-zen/gcc-8.4.1/gmp-6.2.1-a4uy3yg5ypry4p44urpwhs64ngc26vtd/lib --with-mpc-include=/apps/ault/spack/opt/spack/linux-centos8-zen/gcc-8.4.1/mpc-1.1.0-6z3raodvxfd6flyau7y4xnubnkohnz5k/include --with-mpc-lib=/apps/ault/spack/opt/spack/linux-centos8-zen/gcc-8.4.1/mpc-1.1.0-6z3raodvxfd6flyau7y4xnubnkohnz5k/lib --without-isl --with-stage1-ldflags='-Wl,-rpath,/apps/ault/spack/opt/spack/linux-centos8-zen/gcc-8.4.1/gcc-10.2.0-fqf4ze2mfclmx6e7ehrjckznpoqnevmi/lib -Wl,-rpath,/apps/ault/spack/opt/spack/linux-centos8-zen/gcc-8.4.1/gcc-10.2.0-fqf4ze2mfclmx6e7ehrjckznpoqnevmi/lib64 -Wl,-rpath,/apps/ault/spack/opt/spack/linux-centos8-zen/gcc-8.4.1/gmp-6.2.1-a4uy3yg5ypry4p44urpwhs64ngc26vtd/lib -Wl,-rpath,/apps/ault/spack/opt/spack/linux-centos8-zen/gcc-8.4.1/mpfr-4.1.0-ncrm3oi3zq4czkrhtsppakzbathaz7nm/lib -Wl,-rpath,/apps/ault/spack/opt/spack/linux-centos8-zen/gcc-8.4.1/mpc-1.1.0-6z3raodvxfd6flyau7y4xnubnkohnz5k/lib -Wl,-rpath,/apps/ault/spack/opt/spack/linux-centos8-zen/gcc-8.4.1/zlib-1.2.11-dif34johfqcbxxhctkbvqxo4uwbhoz4c/lib -Wl,-rpath,/apps/ault/spack/opt/spack/linux-centos8-zen/gcc-8.4.1/zstd-1.5.0-tdqxudxfvvdg24qqzcthxofjxtwgjv2y/lib64' --with-boot-ldflags='-Wl,-rpath,/apps/ault/spack/opt/spack/linux-centos8-zen/gcc-8.4.1/gcc-10.2.0-fqf4ze2mfclmx6e7ehrjckznpoqnevmi/lib -Wl,-rpath,/apps/ault/spack/opt/spack/linux-centos8-zen/gcc-8.4.1/gcc-10.2.0-fqf4ze2mfclmx6e7ehrjckznpoqnevmi/lib64 -Wl,-rpath,/apps/ault/spack/opt/spack/linux-centos8-zen/gcc-8.4.1/gmp-6.2.1-a4uy3yg5ypry4p44urpwhs64ngc26vtd/lib -Wl,-rpath,/apps/ault/spack/opt/spack/linux-centos8-zen/gcc-8.4.1/mpfr-4.1.0-ncrm3oi3zq4czkrhtsppakzbathaz7nm/lib -Wl,-rpath,/apps/ault/spack/opt/spack/linux-centos8-zen/gcc-8.4.1/mpc-1.1.0-6z3raodvxfd6flyau7y4xnubnkohnz5k/lib -Wl,-rpath,/apps/ault/spack/opt/spack/linux-centos8-zen/gcc-8.4.1/zlib-1.2.11-dif34johfqcbxxhctkbvqxo4uwbhoz4c/lib -Wl,-rpath,/apps/ault/spack/opt/spack/linux-centos8-zen/gcc-8.4.1/zstd-1.5.0-tdqxudxfvvdg24qqzcthxofjxtwgjv2y/lib64 -static-libstdc++ -static-libgcc'
Thread model: posix
Supported LTO compression algorithms: zlib zstd
gcc version 10.2.0 (Spack GCC) 
configure:7302: $? = 0
configure:7291: /apps/ault/spack/opt/spack/linux-centos8-zen/gcc-8.4.1/gcc-10.2.0-fqf4ze2mfclmx6e7ehrjckznpoqnevmi/bin/gcc -V >&5
gcc: error: unrecognized command-line option '-V'
gcc: fatal error: no input files
compilation terminated.
configure:7302: $? = 1
configure:7291: /apps/ault/spack/opt/spack/linux-centos8-zen/gcc-8.4.1/gcc-10.2.0-fqf4ze2mfclmx6e7ehrjckznpoqnevmi/bin/gcc -qversion >&5
gcc: error: unrecognized command-line option '-qversion'; did you mean '--version'?
gcc: fatal error: no input files
compilation terminated.
configure:7302: $? = 1
configure:7291: /apps/ault/spack/opt/spack/linux-centos8-zen/gcc-8.4.1/gcc-10.2.0-fqf4ze2mfclmx6e7ehrjckznpoqnevmi/bin/gcc -version >&5
gcc: error: unrecognized command-line option '-version'
gcc: fatal error: no input files
compilation terminated.
configure:7302: $? = 1
configure:7306: checking whether the compiler supports GNU C
configure:7326: /apps/ault/spack/opt/spack/linux-centos8-zen/gcc-8.4.1/gcc-10.2.0-fqf4ze2mfclmx6e7ehrjckznpoqnevmi/bin/gcc -c -g -O3  conftest.c >&5
configure:7326: $? = 0
configure:7336: result: yes
configure:7347: checking whether /apps/ault/spack/opt/spack/linux-centos8-zen/gcc-8.4.1/gcc-10.2.0-fqf4ze2mfclmx6e7ehrjckznpoqnevmi/bin/gcc accepts -g
configure:7368: /apps/ault/spack/opt/spack/linux-centos8-zen/gcc-8.4.1/gcc-10.2.0-fqf4ze2mfclmx6e7ehrjckznpoqnevmi/bin/gcc -c -g  conftest.c >&5
configure:7368: $? = 0
configure:7412: result: yes
configure:7432: checking for /apps/ault/spack/opt/spack/linux-centos8-zen/gcc-8.4.1/gcc-10.2.0-fqf4ze2mfclmx6e7ehrjckznpoqnevmi/bin/gcc option to enable C11 features
configure:7447: /apps/ault/spack/opt/spack/linux-centos8-zen/gcc-8.4.1/gcc-10.2.0-fqf4ze2mfclmx6e7ehrjckznpoqnevmi/bin/gcc  -c -g -O3  conftest.c >&5
configure:7447: $? = 0
configure:7465: result: none needed
configure:7589: checking for C compiler vendor
configure:7633: result: gnu
configure:7636: checking for C compiler version
configure:7704: result: 10.2.0
configure:7712: checking for stdlib.h
configure:7712: /apps/ault/spack/opt/spack/linux-centos8-zen/gcc-8.4.1/gcc-10.2.0-fqf4ze2mfclmx6e7ehrjckznpoqnevmi/bin/gcc -c -g -O3  conftest.c >&5
configure:7712: $? = 0
configure:7712: result: yes
configure:7712: checking for stdio.h
configure:7712: /apps/ault/spack/opt/spack/linux-centos8-zen/gcc-8.4.1/gcc-10.2.0-fqf4ze2mfclmx6e7ehrjckznpoqnevmi/bin/gcc -c -g -O3  conftest.c >&5
configure:7712: $? = 0
configure:7712: result: yes
configure:7712: checking for math.h
configure:7712: /apps/ault/spack/opt/spack/linux-centos8-zen/gcc-8.4.1/gcc-10.2.0-fqf4ze2mfclmx6e7ehrjckznpoqnevmi/bin/gcc -c -g -O3  conftest.c >&5
configure:7712: $? = 0
configure:7712: result: yes
configure:7712: checking for time.h
configure:7712: /apps/ault/spack/opt/spack/linux-centos8-zen/gcc-8.4.1/gcc-10.2.0-fqf4ze2mfclmx6e7ehrjckznpoqnevmi/bin/gcc -c -g -O3  conftest.c >&5
configure:7712: $? = 0
configure:7712: result: yes
configure:7712: checking for ctype.h
configure:7712: /apps/ault/spack/opt/spack/linux-centos8-zen/gcc-8.4.1/gcc-10.2.0-fqf4ze2mfclmx6e7ehrjckznpoqnevmi/bin/gcc -c -g -O3  conftest.c >&5
configure:7712: $? = 0
configure:7712: result: yes
configure:7712: checking for string.h
configure:7712: /apps/ault/spack/opt/spack/linux-centos8-zen/gcc-8.4.1/gcc-10.2.0-fqf4ze2mfclmx6e7ehrjckznpoqnevmi/bin/gcc -c -g -O3  conftest.c >&5
configure:7712: $? = 0
configure:7712: result: yes
configure:7712: checking for assert.h
configure:7712: /apps/ault/spack/opt/spack/linux-centos8-zen/gcc-8.4.1/gcc-10.2.0-fqf4ze2mfclmx6e7ehrjckznpoqnevmi/bin/gcc -c -g -O3  conftest.c >&5
configure:7712: $? = 0
configure:7712: result: yes
configure:7712: checking for stdbool.h
configure:7712: /apps/ault/spack/opt/spack/linux-centos8-zen/gcc-8.4.1/gcc-10.2.0-fqf4ze2mfclmx6e7ehrjckznpoqnevmi/bin/gcc -c -g -O3  conftest.c >&5
configure:7712: $? = 0
configure:7712: result: yes
configure:7712: checking for dirent.h
configure:7712: /apps/ault/spack/opt/spack/linux-centos8-zen/gcc-8.4.1/gcc-10.2.0-fqf4ze2mfclmx6e7ehrjckznpoqnevmi/bin/gcc -c -g -O3  conftest.c >&5
configure:7712: $? = 0
configure:7712: result: yes
configure:7712: checking for errno.h
configure:7712: /apps/ault/spack/opt/spack/linux-centos8-zen/gcc-8.4.1/gcc-10.2.0-fqf4ze2mfclmx6e7ehrjckznpoqnevmi/bin/gcc -c -g -O3  conftest.c >&5
configure:7712: $? = 0
configure:7712: result: yes
configure:7712: checking for fcntl.h
configure:7712: /apps/ault/spack/opt/spack/linux-centos8-zen/gcc-8.4.1/gcc-10.2.0-fqf4ze2mfclmx6e7ehrjckznpoqnevmi/bin/gcc -c -g -O3  conftest.c >&5
configure:7712: $? = 0
configure:7712: result: yes
configure:7712: checking for sys/stat.h
configure:7712: /apps/ault/spack/opt/spack/linux-centos8-zen/gcc-8.4.1/gcc-10.2.0-fqf4ze2mfclmx6e7ehrjckznpoqnevmi/bin/gcc -c -g -O3  conftest.c >&5
configure:7712: $? = 0
configure:7712: result: yes
configure:7712: checking for sys/types.h
configure:7712: /apps/ault/spack/opt/spack/linux-centos8-zen/gcc-8.4.1/gcc-10.2.0-fqf4ze2mfclmx6e7ehrjckznpoqnevmi/bin/gcc -c -g -O3  conftest.c >&5
configure:7712: $? = 0
configure:7712: result: yes
configure:7712: checking for unistd.h
configure:7712: /apps/ault/spack/opt/spack/linux-centos8-zen/gcc-8.4.1/gcc-10.2.0-fqf4ze2mfclmx6e7ehrjckznpoqnevmi/bin/gcc -c -g -O3  conftest.c >&5
configure:7712: $? = 0
configure:7712: result: yes
configure:9084: checking for interfaces for MPI routines with choice arguments
configure:9099: /apps/ault/spack/opt/spack/linux-centos8-zen/gcc-8.4.1/gcc-10.2.0-fqf4ze2mfclmx6e7ehrjckznpoqnevmi/bin/gfortran -c -DDACE_SUBST_ENABLE -g -I/scratch/wbenjami/dafy/sdfg_gpu/spack/opt/spack/linux-centos8-zen2/gcc-10.2.0/netcdf-fortran-4.6.0-p7jdeag2groulzasdfqnokx2qiris3zh/include -I/scratch/wbenjami/dafy/sdfg_gpu/spack/opt/spack/linux-centos8-zen2/gcc-10.2.0/netcdf-c-4.9.2-zynxjqlltpkunevnlaltrm7kfqlwjgpu/include  -ffree-line-length-none -DHAVE_FC_ATTRIBUTE_CONTIGUOUS -D__ICON__ -D__NO_ICON_UPATMO__ -D__NO_ICON_OCEAN__ -D__NO_JSBACH__ -D__NO_JSBACH_HD__ -D__NO_QUINCY__ -D__NO_ICON_WAVES__ -D__NO_AES__ -D__NO_RTE_RRTMGP__ -D__NO_ICON_COMIN__ -DNOMPI -D__NO_ICON_TESTBED__ -D__LOOP_EXCHANGE -O2 -std=legacy -cpp conftest.f90 >&5
conftest.f90:3:12:

    3 |        use mpi, only: mpi_send, mpi_integer, mpi_comm_world
      |            1
Fatal Error: Cannot open module file 'mpi.mod' for reading at (1): No such file or directory
compilation terminated.
configure:9099: $? = 1
configure: failed program was:
|       program main
| 
|        use mpi, only: mpi_send, mpi_integer, mpi_comm_world
|        implicit none
|        integer :: ierror
|        call mpi_send(0, 1, mpi_integer, 1, 0, mpi_comm_world, ierror)
|       end
configure:9107: result: no
configure:9113: checking whether the MPI_Alloc_mem interface accepts a TYPE(C_PTR) argument
configure:9130: /apps/ault/spack/opt/spack/linux-centos8-zen/gcc-8.4.1/gcc-10.2.0-fqf4ze2mfclmx6e7ehrjckznpoqnevmi/bin/gfortran -c -DDACE_SUBST_ENABLE -g -I/scratch/wbenjami/dafy/sdfg_gpu/spack/opt/spack/linux-centos8-zen2/gcc-10.2.0/netcdf-fortran-4.6.0-p7jdeag2groulzasdfqnokx2qiris3zh/include -I/scratch/wbenjami/dafy/sdfg_gpu/spack/opt/spack/linux-centos8-zen2/gcc-10.2.0/netcdf-c-4.9.2-zynxjqlltpkunevnlaltrm7kfqlwjgpu/include  -ffree-line-length-none -DHAVE_FC_ATTRIBUTE_CONTIGUOUS -D__ICON__ -D__NO_ICON_UPATMO__ -D__NO_ICON_OCEAN__ -D__NO_JSBACH__ -D__NO_JSBACH_HD__ -D__NO_QUINCY__ -D__NO_ICON_WAVES__ -D__NO_AES__ -D__NO_RTE_RRTMGP__ -D__NO_ICON_COMIN__ -DNOMPI -D__NO_ICON_TESTBED__ -D__LOOP_EXCHANGE -DNO_MPI_CHOICE_ARG -O2 -std=legacy -cpp conftest.f90 >&5
conftest.f90:4:12:

    4 |        use mpi, only: mpi_alloc_mem, mpi_address_kind
      |            1
Fatal Error: Cannot open module file 'mpi.mod' for reading at (1): No such file or directory
compilation terminated.
configure:9130: $? = 1
configure: failed program was:
|       program main
| 
|        use, intrinsic :: iso_c_binding, only: c_ptr
|        use mpi, only: mpi_alloc_mem, mpi_address_kind
|        implicit none
|        type(c_ptr) :: ptr
|        integer :: ierror
|        call mpi_alloc_mem(4_mpi_address_kind, 0, ptr, ierror)
|       end
configure:9138: result: no
configure:9217: checking for Fortran compiler flag needed to enable OpenMP support
configure:9240: /apps/ault/spack/opt/spack/linux-centos8-zen/gcc-8.4.1/gcc-10.2.0-fqf4ze2mfclmx6e7ehrjckznpoqnevmi/bin/gfortran -o conftest -DDACE_SUBST_ENABLE -g -I/scratch/wbenjami/dafy/sdfg_gpu/spack/opt/spack/linux-centos8-zen2/gcc-10.2.0/netcdf-fortran-4.6.0-p7jdeag2groulzasdfqnokx2qiris3zh/include -I/scratch/wbenjami/dafy/sdfg_gpu/spack/opt/spack/linux-centos8-zen2/gcc-10.2.0/netcdf-c-4.9.2-zynxjqlltpkunevnlaltrm7kfqlwjgpu/include  -ffree-line-length-none -DHAVE_FC_ATTRIBUTE_CONTIGUOUS -D__ICON__ -D__NO_ICON_UPATMO__ -D__NO_ICON_OCEAN__ -D__NO_JSBACH__ -D__NO_JSBACH_HD__ -D__NO_QUINCY__ -D__NO_ICON_WAVES__ -D__NO_AES__ -D__NO_RTE_RRTMGP__ -D__NO_ICON_COMIN__ -DNOMPI -D__NO_ICON_TESTBED__ -D__LOOP_EXCHANGE -DNO_MPI_CHOICE_ARG -DNO_MPI_CPTR_ARG  -O2 -std=legacy -L/scratch/pmazumde/gitspace/icon-artifacts/velocity/integrate_meh -cpp conftest.f90 -lvelocity_cpu -lopenblas -lnetcdff -lnetcdf >&5
conftest.f90:2:7:

    2 |       choke me
      |       1
Error: Unclassifiable statement at (1)
conftest.f90:8:9:

    8 |       tid = 42
      |         1
Error: Symbol 'tid' at (1) has no IMPLICIT type
configure:9240: $? = 1
configure: failed program was:
| #ifndef _OPENMP
|       choke me
| #endif
| 
|       program main
|       implicit none
| !$    integer tid
|       tid = 42
|       call omp_set_num_threads(2)
|       end
| 
configure:9240: /apps/ault/spack/opt/spack/linux-centos8-zen/gcc-8.4.1/gcc-10.2.0-fqf4ze2mfclmx6e7ehrjckznpoqnevmi/bin/gfortran -o conftest -DDACE_SUBST_ENABLE -g -I/scratch/wbenjami/dafy/sdfg_gpu/spack/opt/spack/linux-centos8-zen2/gcc-10.2.0/netcdf-fortran-4.6.0-p7jdeag2groulzasdfqnokx2qiris3zh/include -I/scratch/wbenjami/dafy/sdfg_gpu/spack/opt/spack/linux-centos8-zen2/gcc-10.2.0/netcdf-c-4.9.2-zynxjqlltpkunevnlaltrm7kfqlwjgpu/include  -ffree-line-length-none -DHAVE_FC_ATTRIBUTE_CONTIGUOUS -D__ICON__ -D__NO_ICON_UPATMO__ -D__NO_ICON_OCEAN__ -D__NO_JSBACH__ -D__NO_JSBACH_HD__ -D__NO_QUINCY__ -D__NO_ICON_WAVES__ -D__NO_AES__ -D__NO_RTE_RRTMGP__ -D__NO_ICON_COMIN__ -DNOMPI -D__NO_ICON_TESTBED__ -D__LOOP_EXCHANGE -DNO_MPI_CHOICE_ARG -DNO_MPI_CPTR_ARG -qopenmp -O2 -std=legacy -L/scratch/pmazumde/gitspace/icon-artifacts/velocity/integrate_meh -cpp conftest.f90 -lvelocity_cpu -lopenblas -lnetcdff -lnetcdf >&5
gfortran: error: unrecognized command-line option '-qopenmp'; did you mean '-fopenmp'?
configure:9240: $? = 1
configure: failed program was:
| #ifndef _OPENMP
|       choke me
| #endif
| 
|       program main
|       implicit none
| !$    integer tid
|       tid = 42
|       call omp_set_num_threads(2)
|       end
| 
configure:9240: /apps/ault/spack/opt/spack/linux-centos8-zen/gcc-8.4.1/gcc-10.2.0-fqf4ze2mfclmx6e7ehrjckznpoqnevmi/bin/gfortran -o conftest -DDACE_SUBST_ENABLE -g -I/scratch/wbenjami/dafy/sdfg_gpu/spack/opt/spack/linux-centos8-zen2/gcc-10.2.0/netcdf-fortran-4.6.0-p7jdeag2groulzasdfqnokx2qiris3zh/include -I/scratch/wbenjami/dafy/sdfg_gpu/spack/opt/spack/linux-centos8-zen2/gcc-10.2.0/netcdf-c-4.9.2-zynxjqlltpkunevnlaltrm7kfqlwjgpu/include  -ffree-line-length-none -DHAVE_FC_ATTRIBUTE_CONTIGUOUS -D__ICON__ -D__NO_ICON_UPATMO__ -D__NO_ICON_OCEAN__ -D__NO_JSBACH__ -D__NO_JSBACH_HD__ -D__NO_QUINCY__ -D__NO_ICON_WAVES__ -D__NO_AES__ -D__NO_RTE_RRTMGP__ -D__NO_ICON_COMIN__ -DNOMPI -D__NO_ICON_TESTBED__ -D__LOOP_EXCHANGE -DNO_MPI_CHOICE_ARG -DNO_MPI_CPTR_ARG -openmp -O2 -std=legacy -L/scratch/pmazumde/gitspace/icon-artifacts/velocity/integrate_meh -cpp conftest.f90 -lvelocity_cpu -lopenblas -lnetcdff -lnetcdf >&5
conftest.f90:2:7:

    2 |       choke me
      |       1
Error: Unclassifiable statement at (1)
conftest.f90:8:9:

    8 |       tid = 42
      |         1
Error: Symbol 'tid' at (1) has no IMPLICIT type
configure:9240: $? = 1
configure: failed program was:
| #ifndef _OPENMP
|       choke me
| #endif
| 
|       program main
|       implicit none
| !$    integer tid
|       tid = 42
|       call omp_set_num_threads(2)
|       end
| 
configure:9240: /apps/ault/spack/opt/spack/linux-centos8-zen/gcc-8.4.1/gcc-10.2.0-fqf4ze2mfclmx6e7ehrjckznpoqnevmi/bin/gfortran -o conftest -DDACE_SUBST_ENABLE -g -I/scratch/wbenjami/dafy/sdfg_gpu/spack/opt/spack/linux-centos8-zen2/gcc-10.2.0/netcdf-fortran-4.6.0-p7jdeag2groulzasdfqnokx2qiris3zh/include -I/scratch/wbenjami/dafy/sdfg_gpu/spack/opt/spack/linux-centos8-zen2/gcc-10.2.0/netcdf-c-4.9.2-zynxjqlltpkunevnlaltrm7kfqlwjgpu/include  -ffree-line-length-none -DHAVE_FC_ATTRIBUTE_CONTIGUOUS -D__ICON__ -D__NO_ICON_UPATMO__ -D__NO_ICON_OCEAN__ -D__NO_JSBACH__ -D__NO_JSBACH_HD__ -D__NO_QUINCY__ -D__NO_ICON_WAVES__ -D__NO_AES__ -D__NO_RTE_RRTMGP__ -D__NO_ICON_COMIN__ -DNOMPI -D__NO_ICON_TESTBED__ -D__LOOP_EXCHANGE -DNO_MPI_CHOICE_ARG -DNO_MPI_CPTR_ARG -fopenmp -O2 -std=legacy -L/scratch/pmazumde/gitspace/icon-artifacts/velocity/integrate_meh -cpp conftest.f90 -lvelocity_cpu -lopenblas -lnetcdff -lnetcdf >&5
configure:9240: $? = 0
configure:9254: result: -fopenmp
configure:9269: checking for the value of the Fortran preprocessor macro _OPENMP
configure:9316: /apps/ault/spack/opt/spack/linux-centos8-zen/gcc-8.4.1/gcc-10.2.0-fqf4ze2mfclmx6e7ehrjckznpoqnevmi/bin/gfortran -o conftest -DDACE_SUBST_ENABLE -g -I/scratch/wbenjami/dafy/sdfg_gpu/spack/opt/spack/linux-centos8-zen2/gcc-10.2.0/netcdf-fortran-4.6.0-p7jdeag2groulzasdfqnokx2qiris3zh/include -I/scratch/wbenjami/dafy/sdfg_gpu/spack/opt/spack/linux-centos8-zen2/gcc-10.2.0/netcdf-c-4.9.2-zynxjqlltpkunevnlaltrm7kfqlwjgpu/include  -ffree-line-length-none -DHAVE_FC_ATTRIBUTE_CONTIGUOUS -D__ICON__ -D__NO_ICON_UPATMO__ -D__NO_ICON_OCEAN__ -D__NO_JSBACH__ -D__NO_JSBACH_HD__ -D__NO_QUINCY__ -D__NO_ICON_WAVES__ -D__NO_AES__ -D__NO_RTE_RRTMGP__ -D__NO_ICON_COMIN__ -DNOMPI -D__NO_ICON_TESTBED__ -D__LOOP_EXCHANGE -DNO_MPI_CHOICE_ARG -DNO_MPI_CPTR_ARG -fopenmp -O2 -std=legacy -L/scratch/pmazumde/gitspace/icon-artifacts/velocity/integrate_meh -cpp conftest.f90 -lvelocity_cpu -lopenblas -lnetcdff -lnetcdf >&5
configure:9316: $? = 0
configure:9349: result: 201511
configure:9567: checking whether the Fortran preprocessor macro _OPENACC is defined
configure:9581: /apps/ault/spack/opt/spack/linux-centos8-zen/gcc-8.4.1/gcc-10.2.0-fqf4ze2mfclmx6e7ehrjckznpoqnevmi/bin/gfortran -c -DDACE_SUBST_ENABLE -g -I/scratch/wbenjami/dafy/sdfg_gpu/spack/opt/spack/linux-centos8-zen2/gcc-10.2.0/netcdf-fortran-4.6.0-p7jdeag2groulzasdfqnokx2qiris3zh/include -I/scratch/wbenjami/dafy/sdfg_gpu/spack/opt/spack/linux-centos8-zen2/gcc-10.2.0/netcdf-c-4.9.2-zynxjqlltpkunevnlaltrm7kfqlwjgpu/include  -ffree-line-length-none -DHAVE_FC_ATTRIBUTE_CONTIGUOUS -D__ICON__ -D__NO_ICON_UPATMO__ -D__NO_ICON_OCEAN__ -D__NO_JSBACH__ -D__NO_JSBACH_HD__ -D__NO_QUINCY__ -D__NO_ICON_WAVES__ -D__NO_AES__ -D__NO_RTE_RRTMGP__ -D__NO_ICON_COMIN__ -DNOMPI -D__NO_ICON_TESTBED__ -D__LOOP_EXCHANGE -DNO_MPI_CHOICE_ARG -DNO_MPI_CPTR_ARG -fopenmp -O2 -std=legacy -cpp conftest.f90 >&5
conftest.f90:4:7:

    4 |       choke me
      |       1
Error: Unclassifiable statement at (1)
configure:9581: $? = 1
configure: failed program was:
|       program main
| #ifdef _OPENACC
| #else
|       choke me
| #endif
|       end
configure:9593: /apps/ault/spack/opt/spack/linux-centos8-zen/gcc-8.4.1/gcc-10.2.0-fqf4ze2mfclmx6e7ehrjckznpoqnevmi/bin/gfortran -c -DDACE_SUBST_ENABLE -g -I/scratch/wbenjami/dafy/sdfg_gpu/spack/opt/spack/linux-centos8-zen2/gcc-10.2.0/netcdf-fortran-4.6.0-p7jdeag2groulzasdfqnokx2qiris3zh/include -I/scratch/wbenjami/dafy/sdfg_gpu/spack/opt/spack/linux-centos8-zen2/gcc-10.2.0/netcdf-c-4.9.2-zynxjqlltpkunevnlaltrm7kfqlwjgpu/include  -ffree-line-length-none -DHAVE_FC_ATTRIBUTE_CONTIGUOUS -D__ICON__ -D__NO_ICON_UPATMO__ -D__NO_ICON_OCEAN__ -D__NO_JSBACH__ -D__NO_JSBACH_HD__ -D__NO_QUINCY__ -D__NO_ICON_WAVES__ -D__NO_AES__ -D__NO_RTE_RRTMGP__ -D__NO_ICON_COMIN__ -DNOMPI -D__NO_ICON_TESTBED__ -D__LOOP_EXCHANGE -DNO_MPI_CHOICE_ARG -DNO_MPI_CPTR_ARG -fopenmp -O2 -std=legacy -cpp conftest.f90 >&5
configure:9593: $? = 0
configure:9603: result: no
configure:9740: checking whether the Fortran 90 interface of NetCDF library is available
configure:9756: /apps/ault/spack/opt/spack/linux-centos8-zen/gcc-8.4.1/gcc-10.2.0-fqf4ze2mfclmx6e7ehrjckznpoqnevmi/bin/gfortran -o conftest -DDACE_SUBST_ENABLE -g -I/scratch/wbenjami/dafy/sdfg_gpu/spack/opt/spack/linux-centos8-zen2/gcc-10.2.0/netcdf-fortran-4.6.0-p7jdeag2groulzasdfqnokx2qiris3zh/include -I/scratch/wbenjami/dafy/sdfg_gpu/spack/opt/spack/linux-centos8-zen2/gcc-10.2.0/netcdf-c-4.9.2-zynxjqlltpkunevnlaltrm7kfqlwjgpu/include  -ffree-line-length-none -DHAVE_FC_ATTRIBUTE_CONTIGUOUS -D__ICON__ -D__NO_ICON_UPATMO__ -D__NO_ICON_OCEAN__ -D__NO_JSBACH__ -D__NO_JSBACH_HD__ -D__NO_QUINCY__ -D__NO_ICON_WAVES__ -D__NO_AES__ -D__NO_RTE_RRTMGP__ -D__NO_ICON_COMIN__ -DNOMPI -D__NO_ICON_TESTBED__ -D__LOOP_EXCHANGE -DNO_MPI_CHOICE_ARG -DNO_MPI_CPTR_ARG -fopenmp -O2 -std=legacy -L/scratch/pmazumde/gitspace/icon-artifacts/velocity/integrate_meh -cpp conftest.f90 -lvelocity_cpu -lopenblas -lnetcdff -lnetcdf >&5
configure:9756: $? = 0
configure:9763: result: yes
configure:10135: checking whether Fortran BLAS library is available
configure:10147: /apps/ault/spack/opt/spack/linux-centos8-zen/gcc-8.4.1/gcc-10.2.0-fqf4ze2mfclmx6e7ehrjckznpoqnevmi/bin/gfortran -o conftest -DDACE_SUBST_ENABLE -g -I/scratch/wbenjami/dafy/sdfg_gpu/spack/opt/spack/linux-centos8-zen2/gcc-10.2.0/netcdf-fortran-4.6.0-p7jdeag2groulzasdfqnokx2qiris3zh/include -I/scratch/wbenjami/dafy/sdfg_gpu/spack/opt/spack/linux-centos8-zen2/gcc-10.2.0/netcdf-c-4.9.2-zynxjqlltpkunevnlaltrm7kfqlwjgpu/include  -ffree-line-length-none -DHAVE_FC_ATTRIBUTE_CONTIGUOUS -D__ICON__ -D__NO_ICON_UPATMO__ -D__NO_ICON_OCEAN__ -D__NO_JSBACH__ -D__NO_JSBACH_HD__ -D__NO_QUINCY__ -D__NO_ICON_WAVES__ -D__NO_AES__ -D__NO_RTE_RRTMGP__ -D__NO_ICON_COMIN__ -DNOMPI -D__NO_ICON_TESTBED__ -D__LOOP_EXCHANGE -DNO_MPI_CHOICE_ARG -DNO_MPI_CPTR_ARG -fopenmp -O2 -std=legacy -L/scratch/pmazumde/gitspace/icon-artifacts/velocity/integrate_meh -cpp conftest.f90 -lvelocity_cpu -lopenblas -lnetcdff -lnetcdf >&5
configure:10147: $? = 0
configure:10154: result: yes
configure:10165: checking whether Fortran LAPACK library is available
configure:10177: /apps/ault/spack/opt/spack/linux-centos8-zen/gcc-8.4.1/gcc-10.2.0-fqf4ze2mfclmx6e7ehrjckznpoqnevmi/bin/gfortran -o conftest -DDACE_SUBST_ENABLE -g -I/scratch/wbenjami/dafy/sdfg_gpu/spack/opt/spack/linux-centos8-zen2/gcc-10.2.0/netcdf-fortran-4.6.0-p7jdeag2groulzasdfqnokx2qiris3zh/include -I/scratch/wbenjami/dafy/sdfg_gpu/spack/opt/spack/linux-centos8-zen2/gcc-10.2.0/netcdf-c-4.9.2-zynxjqlltpkunevnlaltrm7kfqlwjgpu/include  -ffree-line-length-none -DHAVE_FC_ATTRIBUTE_CONTIGUOUS -D__ICON__ -D__NO_ICON_UPATMO__ -D__NO_ICON_OCEAN__ -D__NO_JSBACH__ -D__NO_JSBACH_HD__ -D__NO_QUINCY__ -D__NO_ICON_WAVES__ -D__NO_AES__ -D__NO_RTE_RRTMGP__ -D__NO_ICON_COMIN__ -DNOMPI -D__NO_ICON_TESTBED__ -D__LOOP_EXCHANGE -DNO_MPI_CHOICE_ARG -DNO_MPI_CPTR_ARG -fopenmp -O2 -std=legacy -L/scratch/pmazumde/gitspace/icon-artifacts/velocity/integrate_meh -cpp conftest.f90 -lvelocity_cpu -lopenblas -lnetcdff -lnetcdf >&5
configure:10177: $? = 0
configure:10184: result: yes
configure:12208: checking for a BSD-compatible install
configure:12281: result: /usr/bin/install -c
configure:12293: checking for a race-free mkdir -p
configure:12337: result: /usr/bin/mkdir -p
configure:12344: checking for ar
configure:12363: /apps/ault/spack/opt/spack/linux-centos8-zen/gcc-8.4.1/gcc-10.2.0-fqf4ze2mfclmx6e7ehrjckznpoqnevmi/bin/gfortran -c -Iexternals/cdi/src -Iexternals/mtime/src -Iexternals/fortran-support/build/src/mod -Iexternals/math-support/build/src/mod -Iexternals/math-interpolation/build/src/mod -DDACE_SUBST_ENABLE -g -I/scratch/wbenjami/dafy/sdfg_gpu/spack/opt/spack/linux-centos8-zen2/gcc-10.2.0/netcdf-fortran-4.6.0-p7jdeag2groulzasdfqnokx2qiris3zh/include -I/scratch/wbenjami/dafy/sdfg_gpu/spack/opt/spack/linux-centos8-zen2/gcc-10.2.0/netcdf-c-4.9.2-zynxjqlltpkunevnlaltrm7kfqlwjgpu/include  -ffree-line-length-none -DHAVE_FC_ATTRIBUTE_CONTIGUOUS -D__ICON__ -D__NO_ICON_UPATMO__ -D__NO_ICON_OCEAN__ -D__NO_JSBACH__ -D__NO_JSBACH_HD__ -D__NO_QUINCY__ -D__NO_ICON_WAVES__ -D__NO_AES__ -D__NO_RTE_RRTMGP__ -D__NO_ICON_COMIN__ -DNOMPI -D__NO_ICON_TESTBED__ -D__LOOP_EXCHANGE -DNO_MPI_CHOICE_ARG -DNO_MPI_CPTR_ARG -fopenmp -O2 -std=legacy -cpp conftest.f90 >&5
f951: Warning: Nonexistent include directory 'externals/cdi/src' [-Wmissing-include-dirs]
f951: Warning: Nonexistent include directory 'externals/mtime/src' [-Wmissing-include-dirs]
f951: Warning: Nonexistent include directory 'externals/fortran-support/build/src/mod' [-Wmissing-include-dirs]
f951: Warning: Nonexistent include directory 'externals/math-support/build/src/mod' [-Wmissing-include-dirs]
f951: Warning: Nonexistent include directory 'externals/math-interpolation/build/src/mod' [-Wmissing-include-dirs]
configure:12363: $? = 0
configure:12366: ar cr libconftest.a conftest.o >/dev/null
configure:12369: $? = 0
configure:12385: result: ar
configure:12446: checking for ranlib
configure:12467: found /usr/bin/ranlib
configure:12478: result: ranlib
configure:12501: checking for python
configure:12516: python3 /scratch/pmazumde/paper-icon-dace/icon-dace/icon-model/utils/mkhelper/depgen.py -h >/dev/null
configure:12519: $? = 0
configure:12531: result: python3
configure:12547: checking for cmake
configure:12562: cmake --version >&5
cmake version 3.21.3

CMake suite maintained and supported by Kitware (kitware.com/cmake).
configure:12565: $? = 0
configure:12577: result: cmake
configure:13142: creating ./config.status

## ---------------------- ##
## Running config.status. ##
## ---------------------- ##

This file was extended by icon config.status 2024.10, which was
generated by GNU Autoconf 2.71.  Invocation command line was

  CONFIG_FILES    = 
  CONFIG_HEADERS  = 
  CONFIG_LINKS    = 
  CONFIG_COMMANDS = 
  $ ./config.status 

on ault23.cscs.ch

config.status:997: creating Makefile
config.status:997: creating depgen.c.config
config.status:997: creating depgen.f90.config
config.status:997: creating deplist.config
config.status:997: creating icon.mk
config.status:997: creating collect.extra-libs
config.status:997: creating run/collect.set-up.info
config.status:997: creating config.h
config.status:1177: executing run/set-up.info commands
config.status:1177: executing run/SETUP.config commands
config.status:1177: executing depfiles commands

## ---------------- ##
## Cache variables. ##
## ---------------- ##

ac_cv_build=x86_64-pc-linux-gnu
ac_cv_c_compiler_gnu=yes
ac_cv_env_ARFLAGS_set=
ac_cv_env_ARFLAGS_value=
ac_cv_env_AR_set=
ac_cv_env_AR_value=
ac_cv_env_BUILD_ENV_set=
ac_cv_env_BUILD_ENV_value=
ac_cv_env_CC_set=set
ac_cv_env_CC_value=/apps/ault/spack/opt/spack/linux-centos8-zen/gcc-8.4.1/gcc-10.2.0-fqf4ze2mfclmx6e7ehrjckznpoqnevmi/bin/gcc
ac_cv_env_CFLAGS_set=set
ac_cv_env_CFLAGS_value=-g
ac_cv_env_CMAKE_set=
ac_cv_env_CMAKE_value=
ac_cv_env_CPPFLAGS_set=
ac_cv_env_CPPFLAGS_value=
ac_cv_env_CUDACXX_set=
ac_cv_env_CUDACXX_value=
ac_cv_env_CUDAFLAGS_set=
ac_cv_env_CUDAFLAGS_value=
ac_cv_env_CXXFLAGS_set=
ac_cv_env_CXXFLAGS_value=
ac_cv_env_CXX_set=set
ac_cv_env_CXX_value=/apps/ault/spack/opt/spack/linux-centos8-zen/gcc-8.4.1/gcc-10.2.0-fqf4ze2mfclmx6e7ehrjckznpoqnevmi/bin/g++
ac_cv_env_FCFLAGS_set=set
ac_cv_env_FCFLAGS_value='-DDACE_SUBST_ENABLE -g -I/scratch/wbenjami/dafy/sdfg_gpu/spack/opt/spack/linux-centos8-zen2/gcc-10.2.0/netcdf-fortran-4.6.0-p7jdeag2groulzasdfqnokx2qiris3zh/include -I/scratch/wbenjami/dafy/sdfg_gpu/spack/opt/spack/linux-centos8-zen2/gcc-10.2.0/netcdf-c-4.9.2-zynxjqlltpkunevnlaltrm7kfqlwjgpu/include '
ac_cv_env_FC_set=set
ac_cv_env_FC_value=/apps/ault/spack/opt/spack/linux-centos8-zen/gcc-8.4.1/gcc-10.2.0-fqf4ze2mfclmx6e7ehrjckznpoqnevmi/bin/gfortran
ac_cv_env_FPP_set=
ac_cv_env_FPP_value=
ac_cv_env_HIPCXX_set=
ac_cv_env_HIPCXX_value=
ac_cv_env_HIPFLAGS_set=
ac_cv_env_HIPFLAGS_value=
ac_cv_env_ICON_BUNDLED_CFLAGS_set=set
ac_cv_env_ICON_BUNDLED_CFLAGS_value=-O2
ac_cv_env_ICON_BUNDLED_CXXFLAGS_set=
ac_cv_env_ICON_BUNDLED_CXXFLAGS_value=
ac_cv_env_ICON_BUNDLED_FCFLAGS_set=
ac_cv_env_ICON_BUNDLED_FCFLAGS_value=
ac_cv_env_ICON_CDI_CFLAGS_set=
ac_cv_env_ICON_CDI_CFLAGS_value=
ac_cv_env_ICON_CDI_FCFLAGS_set=
ac_cv_env_ICON_CDI_FCFLAGS_value=
ac_cv_env_ICON_CFLAGS_set=set
ac_cv_env_ICON_CFLAGS_value=-O3
ac_cv_env_ICON_COMIN_CFLAGS_set=
ac_cv_env_ICON_COMIN_CFLAGS_value=
ac_cv_env_ICON_COMIN_CXXFLAGS_set=
ac_cv_env_ICON_COMIN_CXXFLAGS_value=
ac_cv_env_ICON_COMIN_FCFLAGS_set=
ac_cv_env_ICON_COMIN_FCFLAGS_value=
ac_cv_env_ICON_ECRAD_FCFLAGS_set=
ac_cv_env_ICON_ECRAD_FCFLAGS_value=
ac_cv_env_ICON_FCFLAGS_set=set
ac_cv_env_ICON_FCFLAGS_value='-O2 -std=legacy'
ac_cv_env_ICON_FORTRAN_SUPPORT_CFLAGS_set=
ac_cv_env_ICON_FORTRAN_SUPPORT_CFLAGS_value=
ac_cv_env_ICON_FORTRAN_SUPPORT_FCFLAGS_set=
ac_cv_env_ICON_FORTRAN_SUPPORT_FCFLAGS_value=
ac_cv_env_ICON_HD_FCFLAGS_set=
ac_cv_env_ICON_HD_FCFLAGS_value=
ac_cv_env_ICON_LDFLAGS_set=
ac_cv_env_ICON_LDFLAGS_value=
ac_cv_env_ICON_MATH_INTERPOLATION_FCFLAGS_set=
ac_cv_env_ICON_MATH_INTERPOLATION_FCFLAGS_value=
ac_cv_env_ICON_MATH_SUPPORT_FCFLAGS_set=
ac_cv_env_ICON_MATH_SUPPORT_FCFLAGS_value=
ac_cv_env_ICON_MTIME_CFLAGS_set=
ac_cv_env_ICON_MTIME_CFLAGS_value=
ac_cv_env_ICON_MTIME_FCFLAGS_set=
ac_cv_env_ICON_MTIME_FCFLAGS_value=
ac_cv_env_ICON_PPM_CFLAGS_set=
ac_cv_env_ICON_PPM_CFLAGS_value=
ac_cv_env_ICON_PPM_FCFLAGS_set=
ac_cv_env_ICON_PPM_FCFLAGS_value=
ac_cv_env_ICON_RTE_RRTMGP_FCFLAGS_set=
ac_cv_env_ICON_RTE_RRTMGP_FCFLAGS_value=
ac_cv_env_ICON_SCT_CFLAGS_set=
ac_cv_env_ICON_SCT_CFLAGS_value=
ac_cv_env_ICON_SCT_FCFLAGS_set=
ac_cv_env_ICON_SCT_FCFLAGS_value=
ac_cv_env_ICON_TIXI_CFLAGS_set=
ac_cv_env_ICON_TIXI_CFLAGS_value=
ac_cv_env_ICON_TIXI_FCFLAGS_set=
ac_cv_env_ICON_TIXI_FCFLAGS_value=
ac_cv_env_ICON_YAC_CFLAGS_set=
ac_cv_env_ICON_YAC_CFLAGS_value=
ac_cv_env_ICON_YAC_FCFLAGS_set=
ac_cv_env_ICON_YAC_FCFLAGS_value=
ac_cv_env_ICON_YAXT_CFLAGS_set=
ac_cv_env_ICON_YAXT_CFLAGS_value=
ac_cv_env_ICON_YAXT_FCFLAGS_set=
ac_cv_env_ICON_YAXT_FCFLAGS_value=
ac_cv_env_LDFLAGS_set=set
ac_cv_env_LDFLAGS_value=-L/scratch/pmazumde/gitspace/icon-artifacts/velocity/integrate_meh
ac_cv_env_LIBS_set=set
ac_cv_env_LIBS_value='-lvelocity_cpu -lopenblas -lnetcdff -lnetcdf'
ac_cv_env_MPI_LAUNCH_set=
ac_cv_env_MPI_LAUNCH_value=
ac_cv_env_PYTHON_set=
ac_cv_env_PYTHON_value=
ac_cv_env_RANLIB_set=
ac_cv_env_RANLIB_value=
ac_cv_env_SB2PP_set=
ac_cv_env_SB2PP_value=
ac_cv_env_build_alias_set=
ac_cv_env_build_alias_value=
ac_cv_env_host_alias_set=
ac_cv_env_host_alias_value=
ac_cv_env_target_alias_set=
ac_cv_env_target_alias_value=
ac_cv_fc_compiler_gnu=yes
ac_cv_header_assert_h=yes
ac_cv_header_ctype_h=yes
ac_cv_header_dirent_h=yes
ac_cv_header_errno_h=yes
ac_cv_header_fcntl_h=yes
ac_cv_header_math_h=yes
ac_cv_header_stdbool_h=yes
ac_cv_header_stdio_h=yes
ac_cv_header_stdlib_h=yes
ac_cv_header_string_h=yes
ac_cv_header_sys_stat_h=yes
ac_cv_header_sys_types_h=yes
ac_cv_header_time_h=yes
ac_cv_header_unistd_h=yes
ac_cv_host=x86_64-pc-linux-gnu
ac_cv_objext=o
ac_cv_path_install='/usr/bin/install -c'
ac_cv_path_mkdir=/usr/bin/mkdir
ac_cv_prog_ac_ct_CC=/apps/ault/spack/opt/spack/linux-centos8-zen/gcc-8.4.1/gcc-10.2.0-fqf4ze2mfclmx6e7ehrjckznpoqnevmi/bin/gcc
ac_cv_prog_ac_ct_RANLIB=ranlib
ac_cv_prog_cc_c11=
ac_cv_prog_cc_g=yes
ac_cv_prog_cc_stdc=
ac_cv_prog_fc_g=yes
acx_cv_c_compiler_vendor=gnu
acx_cv_c_compiler_version=10.2.0
acx_cv_fc_attribute_contiguous=yes
acx_cv_fc_compiler_vendor=gnu
acx_cv_fc_compiler_version=10.2.0
acx_cv_fc_ftn_include_flag=-I
acx_cv_fc_ftn_include_order=src,flg
acx_cv_fc_line_length_unlimited=-ffree-line-length-none
acx_cv_fc_macro__OPENACC_defined=no
acx_cv_fc_macro__OPENMP_value=201511
acx_cv_fc_macro_flag=-D
acx_cv_fc_module_in_flag=-I
acx_cv_fc_module_naming_ext=mod
acx_cv_fc_module_naming_upper=no
acx_cv_fc_module_out_flag=-J
acx_cv_fc_module_root_smod=yes
acx_cv_fc_module_snaming_ext=smod
acx_cv_fc_module_snaming_infix=@
acx_cv_fc_openmp_flag=-fopenmp
acx_cv_fc_pp_include_flag=-I
acx_cv_fc_pp_include_order=inc,flg
acx_cv_fc_pp_srcext_f90=-cpp
acx_cv_host_fqdn=ault23.cscs.ch
acx_cv_prog_AR=ar
acx_cv_prog_CMAKE=cmake
acx_cv_prog_PYTHON=python3
icon_cv_have_blas=yes
icon_cv_have_lapack=yes
icon_cv_have_mpi_choice=no
icon_cv_have_mpi_cptr=no
icon_cv_have_netcdf90=yes

## ----------------- ##
## Output variables. ##
## ----------------- ##






	$(silent_CMAKE)$(MKDIR_P) $(@D) && cd $(@D) && "${CMAKE}"  '\''-Wno-dev'\'' '\''--no-warn-unused-cli'\'' '\''-GUnix Makefiles'\'' '\''-DCMAKE_EXE_LINKER_FLAGS=-L/scratch/pmazumde/gitspace/icon-artifacts/velocity/integrate_meh'\'' '\''-DCMAKE_C_STANDARD_LIBRARIES=-lvelocity_cpu -lopenblas -lnetcdff -lnetcdf'\'' '\''-DCMAKE_Fortran_STANDARD_LIBRARIES=-lvelocity_cpu -lopenblas -lnetcdff -lnetcdf'\'' '\''-DCMAKE_INSTALL_PREFIX=/usr/local'\'' '\''/scratch/pmazumde/paper-icon-dace/icon-dace/icon-model/externals/fortran-support'\'' '\''-DCMAKE_C_FLAGS=-g -O2 '\'' '\''-DCMAKE_Fortran_FLAGS=-DDACE_SUBST_ENABLE -g -I/scratch/wbenjami/dafy/sdfg_gpu/spack/opt/spack/linux-centos8-zen2/gcc-10.2.0/netcdf-fortran-4.6.0-p7jdeag2groulzasdfqnokx2qiris3zh/include -I/scratch/wbenjami/dafy/sdfg_gpu/spack/opt/spack/linux-centos8-zen2/gcc-10.2.0/netcdf-c-4.9.2-zynxjqlltpkunevnlaltrm7kfqlwjgpu/include  -O2 -std=legacy'\'' '\''-DFS_ENABLE_OMP=yes'\'' '\''-DFS_ENABLE_MIXED_PRECISION=no'\'' '\''-DFS_ENABLE_OPENACC=OFF'\'' '\''-DBUILD_SHARED_LIBS:BOOL=OFF'\'' '\''-DBUILD_TESTING:BOOL=OFF'\'' '\''-DCMAKE_BUILD_TYPE:STRING=NOEXTRAFLAGS'\'' $(if $(silent_CMAKE),>/dev/null)
	$(silent_CMAKE)$(MKDIR_P) $(@D) && cd $(@D) && "${CMAKE}"  '\''-Wno-dev'\'' '\''--no-warn-unused-cli'\'' '\''-GUnix Makefiles'\'' '\''-DCMAKE_EXE_LINKER_FLAGS=-L/scratch/pmazumde/gitspace/icon-artifacts/velocity/integrate_meh'\'' '\''-DCMAKE_Fortran_STANDARD_LIBRARIES=-lvelocity_cpu -lopenblas -lnetcdff -lnetcdf'\'' '\''-DCMAKE_INSTALL_PREFIX=/usr/local'\'' '\''/scratch/pmazumde/paper-icon-dace/icon-dace/icon-model/externals/math-interpolation'\'' '\''-DCMAKE_Fortran_FLAGS=-DDACE_SUBST_ENABLE -g -I/scratch/wbenjami/dafy/sdfg_gpu/spack/opt/spack/linux-centos8-zen2/gcc-10.2.0/netcdf-fortran-4.6.0-p7jdeag2groulzasdfqnokx2qiris3zh/include -I/scratch/wbenjami/dafy/sdfg_gpu/spack/opt/spack/linux-centos8-zen2/gcc-10.2.0/netcdf-c-4.9.2-zynxjqlltpkunevnlaltrm7kfqlwjgpu/include  -O2 -std=legacy'\'' '\''-DMI_ENABLE_LOOP_EXCHANGE=yes'\'' '\''-DMI_ENABLE_MIXED_PRECISION=no'\'' '\''-DMI_ENABLE_DIM_SWAP=no'\'' '\''-DMI_ENABLE_OPENACC=OFF'\'' '\''-DCMAKE_PREFIX_PATH:PATH=/scratch/pmazumde/paper-icon-dace/icon-dace/build/externals/fortran-support/build;/scratch/pmazumde/paper-icon-dace/icon-dace/build/externals/math-support/build'\'' '\''-DBUILD_SHARED_LIBS:BOOL=OFF'\'' '\''-DBUILD_TESTING:BOOL=OFF'\'' '\''-DBUILD_STANDALONE:BOOL=OFF'\'' '\''-DCMAKE_BUILD_TYPE:STRING=NOEXTRAFLAGS'\'' $(if $(silent_CMAKE),>/dev/null)'
	$(silent_CMAKE)$(MKDIR_P) $(@D) && cd $(@D) && "${CMAKE}"  '\''-Wno-dev'\'' '\''--no-warn-unused-cli'\'' '\''-GUnix Makefiles'\'' '\''-DCMAKE_EXE_LINKER_FLAGS=-L/scratch/pmazumde/gitspace/icon-artifacts/velocity/integrate_meh'\'' '\''-DCMAKE_Fortran_STANDARD_LIBRARIES=-lvelocity_cpu -lopenblas -lnetcdff -lnetcdf'\'' '\''-DCMAKE_INSTALL_PREFIX=/usr/local'\'' '\''/scratch/pmazumde/paper-icon-dace/icon-dace/icon-model/externals/math-support'\'' '\''-DCMAKE_Fortran_FLAGS=-DDACE_SUBST_ENABLE -g -I/scratch/wbenjami/dafy/sdfg_gpu/spack/opt/spack/linux-centos8-zen2/gcc-10.2.0/netcdf-fortran-4.6.0-p7jdeag2groulzasdfqnokx2qiris3zh/include -I/scratch/wbenjami/dafy/sdfg_gpu/spack/opt/spack/linux-centos8-zen2/gcc-10.2.0/netcdf-c-4.9.2-zynxjqlltpkunevnlaltrm7kfqlwjgpu/include  -O2 -std=legacy'\'' '\''-DMS_ENABLE_LOOP_EXCHANGE=yes'\'' '\''-DMS_ENABLE_MIXED_PRECISION=no'\'' '\''-DMS_ENABLE_DIM_SWAP=no'\'' '\''-DMS_ENABLE_OPENACC=OFF'\'' '\''-DCMAKE_PREFIX_PATH:PATH=/scratch/pmazumde/paper-icon-dace/icon-dace/build/externals/fortran-support/build'\'' '\''-DBUILD_SHARED_LIBS:BOOL=OFF'\'' '\''-DBUILD_TESTING:BOOL=OFF'\'' '\''-DBUILD_STANDALONE:BOOL=OFF'\'' '\''-DCMAKE_BUILD_TYPE:STRING=NOEXTRAFLAGS'\'' $(if $(silent_CMAKE),>/dev/null)
	$(silent_CONFIG)$(MKDIR_P) $(@D) && cd $(@D) && '\''/scratch/pmazumde/paper-icon-dace/icon-dace/icon-model/externals/cdi/configure'\''  '\''--enable-atmo'\'' '\''--enable-les'\'' '\''--disable-ecrad'\'' '\''--enable-nwp'\'' '\''--disable-coupling'\'' '\''--disable-ocean'\'' '\''--disable-rpaths'\'' '\''--disable-upatmo'\'' '\''--disable-jsbach'\'' '\''--disable-waves'\'' '\''--disable-aes'\'' '\''--disable-rte-rrtmgp'\'' '\''--disable-mpi-gpu'\'' '\''--disable-parallel-netcdf'\'' '\''--disable-cdi-pio'\'' '\''--disable-yaxt'\'' '\''--disable-mixed-precision'\'' '\''--disable-comin'\'' '\''--disable-art'\'' '\''--disable-serialization'\'' '\''--disable-grib2'\'' '\''--disable-mpi-checks'\'' '\''--disable-gpu'\'' '\''LDFLAGS=-L/scratch/pmazumde/gitspace/icon-artifacts/velocity/integrate_meh'\'' '\''LIBS=-lvelocity_cpu -lopenblas -lnetcdff -lnetcdf'\'' '\''FC=/apps/ault/spack/opt/spack/linux-centos8-zen/gcc-8.4.1/gcc-10.2.0-fqf4ze2mfclmx6e7ehrjckznpoqnevmi/bin/gfortran'\'' '\''CC=/apps/ault/spack/opt/spack/linux-centos8-zen/gcc-8.4.1/gcc-10.2.0-fqf4ze2mfclmx6e7ehrjckznpoqnevmi/bin/gcc'\'' '\''--disable-option-checking'\'' '\''--prefix=/usr/local'\'' '\''--cache-file=/dev/null'\'' '\''--srcdir=/scratch/pmazumde/paper-icon-dace/icon-dace/icon-model/externals/cdi'\'' '\''CFLAGS=-g -O2'\'' '\''FCFLAGS=-DDACE_SUBST_ENABLE -g -I/scratch/wbenjami/dafy/sdfg_gpu/spack/opt/spack/linux-centos8-zen2/gcc-10.2.0/netcdf-fortran-4.6.0-p7jdeag2groulzasdfqnokx2qiris3zh/include -I/scratch/wbenjami/dafy/sdfg_gpu/spack/opt/spack/linux-centos8-zen2/gcc-10.2.0/netcdf-c-4.9.2-zynxjqlltpkunevnlaltrm7kfqlwjgpu/include  -O2 -std=legacy'\'' '\''F77=no'\'' '\''CXX=no'\'' '\''UTIL_LINUX_UUID_C_INCLUDE='\'' '\''UTIL_LINUX_UUID_C_LIB='\'' '\''OSSP_UUID_C_INCLUDE='\'' '\''OSSP_UUID_C_LIB='\'' '\''DCE_UUID_C_INCLUDE='\'' '\''DCE_UUID_C_LIB='\'' '\''MPIROOT='\'' '\''MPI_C_INCLUDE='\'' '\''MPI_C_LIB='\'' '\''MPI_LAUNCH='\'' '\''MPI_FC_MOD='\'' '\''MPI_FC_LIB='\'' '\''PKG_CONFIG='\'' '\''YAXT_C_INCLUDE='\'' '\''YAXT_C_LIB='\'' '\''YAXT_FC_MOD='\'' '\''YAXT_FC_LIB='\'' '\''PPM_CORE_C_INCLUDE='\'' '\''PPM_CORE_C_LIB='\'' '\''BUILD_CFLAGS='\'' '\''BUILD_FCFLAGS='\'' '\''BUILD_LDFLAGS='\'' '\''BUILD_LIBS='\'' '\''BUILD_MPI_C_LIB='\'' '\''BUILD_MPI_FC_LIB='\'' '\''BUILD_CC='\'' '\''BUILD_CXX='\'' '\''BUILD_FC='\'' '\''BUILD_F77='\'' '\''--enable-silent-rules=yes'\'' '\''--disable-maintainer-mode'\'' '\''--enable-mpi=no'\'' '\''--enable-iso-c-interface'\'' '\''--enable-cf-interface=no'\'' '\''--disable-ruby-interface'\'' '\''--disable-python-interface'\'' '\''--disable-openmp'\'' '\''--disable-shared'\'' '\''--enable-static'\'' '\''--enable-grib'\'' '\''--disable-across'\'' '\''--enable-cgribex'\'' '\''--disable-cdi-app'\'' '\''--enable-ppm-dist-array=no'\'' '\''--without-util-linux-uuid'\'' '\''--without-ossp-uuid'\'' '\''--without-dce-uuid'\'' '\''--without-threads'\'' '\''--without-fdb5'\'' '\''--without-szlib'\'' '\''--with-netcdf'\'' '\''--with-eccodes=no'\'' '\''--without-grib_api'\'' '\''--with-on-demand-check-programs'\'' '\''--without-example-programs'\'' '\''acx_cv_have_netcdf2=yes'\'' '\''acx_cv_have_netcdf4=yes'\'' '\''acx_cv_have_pnetcdf=no'\'' '\''acx_cv_have_libnc_dap=no'\'' '\''acx_cv_have_nc4hdf5=no'\'' $(if $(silent_CONFIG),--silent)
	$(silent_CONFIG)$(MKDIR_P) $(@D) && cd $(@D) && '\''/scratch/pmazumde/paper-icon-dace/icon-dace/icon-model/externals/mtime/configure'\''  '\''--enable-atmo'\'' '\''--enable-les'\'' '\''--disable-ecrad'\'' '\''--enable-openmp'\'' '\''--enable-nwp'\'' '\''--disable-mpi'\'' '\''--disable-coupling'\'' '\''--disable-ocean'\'' '\''--disable-rpaths'\'' '\''--disable-upatmo'\'' '\''--disable-jsbach'\'' '\''--disable-waves'\'' '\''--disable-aes'\'' '\''--disable-rte-rrtmgp'\'' '\''--disable-mpi-gpu'\'' '\''--disable-parallel-netcdf'\'' '\''--disable-cdi-pio'\'' '\''--disable-yaxt'\'' '\''--disable-mixed-precision'\'' '\''--disable-comin'\'' '\''--disable-art'\'' '\''--disable-serialization'\'' '\''--disable-grib2'\'' '\''--disable-mpi-checks'\'' '\''--disable-gpu'\'' '\''LDFLAGS=-L/scratch/pmazumde/gitspace/icon-artifacts/velocity/integrate_meh'\'' '\''LIBS=-lvelocity_cpu -lopenblas -lnetcdff -lnetcdf'\'' '\''FC=/apps/ault/spack/opt/spack/linux-centos8-zen/gcc-8.4.1/gcc-10.2.0-fqf4ze2mfclmx6e7ehrjckznpoqnevmi/bin/gfortran'\'' '\''CC=/apps/ault/spack/opt/spack/linux-centos8-zen/gcc-8.4.1/gcc-10.2.0-fqf4ze2mfclmx6e7ehrjckznpoqnevmi/bin/gcc'\'' '\''CXX=/apps/ault/spack/opt/spack/linux-centos8-zen/gcc-8.4.1/gcc-10.2.0-fqf4ze2mfclmx6e7ehrjckznpoqnevmi/bin/g++'\'' '\''--disable-option-checking'\'' '\''--prefix=/usr/local'\'' '\''--cache-file=/dev/null'\'' '\''--srcdir=/scratch/pmazumde/paper-icon-dace/icon-dace/icon-model/externals/mtime'\'' '\''CFLAGS=-g -O2'\'' '\''FCFLAGS=-DDACE_SUBST_ENABLE -g -I/scratch/wbenjami/dafy/sdfg_gpu/spack/opt/spack/linux-centos8-zen2/gcc-10.2.0/netcdf-fortran-4.6.0-p7jdeag2groulzasdfqnokx2qiris3zh/include -I/scratch/wbenjami/dafy/sdfg_gpu/spack/opt/spack/linux-centos8-zen2/gcc-10.2.0/netcdf-c-4.9.2-zynxjqlltpkunevnlaltrm7kfqlwjgpu/include  -O2 -std=legacy'\'' '\''--enable-silent-rules=yes'\'' '\''--disable-maintainer-mode'\'' '\''--enable-shared=no'\'' '\''--enable-static'\'' '\''--disable-examples'\'' '\''--disable-fortran-hl'\'' '\''--enable-python=no'\'' '\''--with-pic=no'\'' $(if $(silent_CONFIG),--silent)
AR='ar'
ARFLAGS='cr'
ART_ENABLED='#'
BUILD_ENV=''
BUILD_ENV_MAKE=''
BUNDLED_LIBFILES='externals/math-interpolation/build/src/libmath-interpolation.a externals/math-support/build/src/libmath-support.a externals/fortran-support/build/src/libfortran-support.a externals/mtime/src/.libs/libmtime.a externals/cdi/src/.libs/libcdi_f2003.a externals/cdi/src/.libs/libcdi.a '
BUNDLED_PYTHONPATH=''
CC='/apps/ault/spack/opt/spack/linux-centos8-zen/gcc-8.4.1/gcc-10.2.0-fqf4ze2mfclmx6e7ehrjckznpoqnevmi/bin/gcc'
CFLAGS='-g -O3'
CMAKE='cmake'
COMIN_PYTHON_ENABLED='#'
CPPFLAGS=''
CUDACXX=''
CUDAFLAGS=''
CUDA_ENABLED='#'
CXX='/apps/ault/spack/opt/spack/linux-centos8-zen/gcc-8.4.1/gcc-10.2.0-fqf4ze2mfclmx6e7ehrjckznpoqnevmi/bin/g++'
CXXFLAGS=''
DACE_ENABLED='#'
DACE_SUBST_ENABLED='#'
DEFAULT_VERBOSITY='0'
DEFS='-DHAVE_CONFIG_H'
DELAYED_CONFIG_ENABLED=''
DEPGEN_FCFLAGS=' -D_OPENMP=201511'
ECHO_C=''
ECHO_N='-n'
ECHO_T=''
EMVORADO_ENABLED='#'
EXEEXT=''
FC='/apps/ault/spack/opt/spack/linux-centos8-zen/gcc-8.4.1/gcc-10.2.0-fqf4ze2mfclmx6e7ehrjckznpoqnevmi/bin/gfortran'
FCFLAGS='-Iexternals/cdi/src -Iexternals/mtime/src -Iexternals/fortran-support/build/src/mod -Iexternals/math-support/build/src/mod -Iexternals/math-interpolation/build/src/mod -DDACE_SUBST_ENABLE -g -I/scratch/wbenjami/dafy/sdfg_gpu/spack/opt/spack/linux-centos8-zen2/gcc-10.2.0/netcdf-fortran-4.6.0-p7jdeag2groulzasdfqnokx2qiris3zh/include -I/scratch/wbenjami/dafy/sdfg_gpu/spack/opt/spack/linux-centos8-zen2/gcc-10.2.0/netcdf-c-4.9.2-zynxjqlltpkunevnlaltrm7kfqlwjgpu/include  -ffree-line-length-none -DHAVE_FC_ATTRIBUTE_CONTIGUOUS -D__ICON__ -D__NO_ICON_UPATMO__ -D__NO_ICON_OCEAN__ -D__NO_JSBACH__ -D__NO_JSBACH_HD__ -D__NO_QUINCY__ -D__NO_ICON_WAVES__ -D__NO_AES__ -D__NO_RTE_RRTMGP__ -D__NO_ICON_COMIN__ -DNOMPI -D__NO_ICON_TESTBED__ -D__LOOP_EXCHANGE -DNO_MPI_CHOICE_ARG -DNO_MPI_CPTR_ARG -fopenmp'
FCFLAGS_f90='-cpp'
FC_INC_FLAG='-I'
FC_INC_FLAG_PP_f90='-I'
FC_INC_ORDER='src,flg'
FC_INC_ORDER_PP_f90='inc,flg'
FC_MOD_FILE_EXT='mod'
FC_MOD_FILE_UPPER='no'
FC_MOD_IN='-I'
FC_MOD_ONLY=''
FC_MOD_OUT='-J'
FC_PP_DEF='-D'
FC_ROOT_SMOD='yes'
FC_SMOD_FILE_EXT='smod'
FC_SMOD_FILE_INFIX='@'
FC_VENDOR='gnu'
FC_VERSION='10.2.0'
FPP=''
FPP_ENABLED='#'
GPU_ENABLED='#'
HIPCXX=''
HIPFLAGS=''
HIP_ENABLED='#'
HIP_OVERRIDES_ENABLED='#'
ICON_BUNDLED_CFLAGS='-O2'
ICON_BUNDLED_CXXFLAGS=''
ICON_BUNDLED_FCFLAGS='-O2 -std=legacy'
ICON_CDI_CFLAGS='-O2'
ICON_CDI_FCFLAGS='-O2 -std=legacy'
ICON_CFLAGS='-O3'
ICON_COMIN_CFLAGS=''
ICON_COMIN_CXXFLAGS=''
ICON_COMIN_FCFLAGS=''
ICON_DELAYED_CONFIG_RULES='export FC CC CXX
ICON_ECRAD_FCFLAGS=''
ICON_FCFLAGS='-O2 -std=legacy'
ICON_FCGROUP_ASSIGNMENTS=''
ICON_FCGROUP_FLAGS=''
ICON_FORTRAN_SUPPORT_CFLAGS='-O2'
ICON_FORTRAN_SUPPORT_FCFLAGS='-O2 -std=legacy'
ICON_HD_FCFLAGS=''
ICON_LDFLAGS=''
ICON_MATH_INTERPOLATION_FCFLAGS='-O2 -std=legacy'
ICON_MATH_SUPPORT_FCFLAGS='-O2 -std=legacy'
ICON_MTIME_CFLAGS='-O2'
ICON_MTIME_FCFLAGS='-O2 -std=legacy'
ICON_PPM_CFLAGS=''
ICON_PPM_FCFLAGS=''
ICON_RTE_RRTMGP_FCFLAGS=''
ICON_SCT_CFLAGS=''
ICON_SCT_FCFLAGS=''
ICON_TIXI_CFLAGS=''
ICON_TIXI_FCFLAGS=''
ICON_YAC_CFLAGS=''
ICON_YAC_FCFLAGS=''
ICON_YAXT_CFLAGS=''
ICON_YAXT_FCFLAGS=''
INSTALL_DATA='${INSTALL} -m 644'
INSTALL_PROGRAM='${INSTALL}'
INSTALL_SCRIPT='${INSTALL}'
JSBACH_ENABLED='#'
LDFLAGS='-L/scratch/pmazumde/gitspace/icon-artifacts/velocity/integrate_meh'
LIBOBJS=''
LIBS='-lvelocity_cpu -lopenblas -lnetcdff -lnetcdf'
LN_S='ln -s'
LTLIBOBJS=''
MKDIR_P='/usr/bin/mkdir -p'
MPI_ENABLED='#'
MPI_LAUNCH=''
MTIME_PYTHON_ENABLED='#'
OBJEXT='o'
OPENMP_ENABLED=''
PACKAGE_BUGREPORT=''
PACKAGE_NAME='icon'
PACKAGE_STRING='icon 2024.10'
PACKAGE_TARNAME='icon-2024.10'
PACKAGE_URL=''
PACKAGE_VERSION='2024.10'
PATH_SEPARATOR=':'
PGI_INLIB_ENABLED='#'
PYTHON='python3'
RANLIB='ranlib'
SB2PP=''
SB2_ENABLED='#'
SEPARATE_MODS_DISABLED=''
SEPARATE_MODS_ENABLED='#'
SHELL='/bin/sh'
YAC_PYTHON_ENABLED='#'
ac_ct_CC='/apps/ault/spack/opt/spack/linux-centos8-zen/gcc-8.4.1/gcc-10.2.0-fqf4ze2mfclmx6e7ehrjckznpoqnevmi/bin/gcc'
ac_ct_FC=''
bindir='${exec_prefix}/bin'
build='x86_64-pc-linux-gnu'
build_alias=''
build_cpu='x86_64'
build_os='linux-gnu'
build_vendor='pc'
datadir='${datarootdir}'
datarootdir='${prefix}/share'
docdir='${datarootdir}/doc/${PACKAGE_TARNAME}'
dvidir='${docdir}'
exec_prefix='${prefix}'
externals/cdi/Makefile: icon.mk
externals/cdi: $(if $(filter-out mostlyclean clean distclean,$(or $(MAKECMDGOALS),all)),externals/cdi/Makefile)
externals/fortran-support/build/Makefile: icon.mk
externals/fortran-support/build: $(if $(filter-out mostlyclean clean distclean,$(or $(MAKECMDGOALS),all)),externals/fortran-support/build/Makefile)
externals/math-interpolation/build/Makefile: icon.mk
externals/math-interpolation/build: $(if $(filter-out mostlyclean clean distclean,$(or $(MAKECMDGOALS),all)),externals/math-interpolation/build/Makefile)
externals/math-support/build/Makefile: icon.mk
externals/math-support/build: $(if $(filter-out mostlyclean clean distclean,$(or $(MAKECMDGOALS),all)),externals/math-support/build/Makefile)
externals/mtime/Makefile: icon.mk
externals/mtime: $(if $(filter-out mostlyclean clean distclean,$(or $(MAKECMDGOALS),all)),externals/mtime/Makefile)
host='x86_64-pc-linux-gnu'
host_alias=''
host_cpu='x86_64'
host_fqdn='ault23.cscs.ch'
host_os='linux-gnu'
host_vendor='pc'
htmldir='${docdir}'
icon_bundled_builddirs='externals/cdi externals/mtime externals/fortran-support/build externals/math-support/build externals/math-interpolation/build'
icon_bundled_cmake_builddirs='externals/fortran-support/build externals/math-support/build externals/math-interpolation/build'
icon_bundled_srcdirs=' externals/cdi externals/mtime externals/fortran-support externals/math-support externals/math-interpolation'
includedir='${prefix}/include'
infodir='${datarootdir}/info'
libdir='${exec_prefix}/lib'
libexecdir='${exec_prefix}/libexec'
localedir='${datarootdir}/locale'
localstatedir='${prefix}/var'
mandir='${datarootdir}/man'
oldincludedir='/usr/include'
pdfdir='${docdir}'
prefix='/usr/local'
program_transform_name='s,x,x,'
psdir='${docdir}'
runstatedir='${localstatedir}/run'
sbindir='${exec_prefix}/sbin'
sharedstatedir='${prefix}/com'
sysconfdir='${prefix}/etc'
target_alias=''

## ----------- ##
## confdefs.h. ##
## ----------- ##

/* confdefs.h */
#define PACKAGE_NAME "icon"
#define PACKAGE_TARNAME "icon-2024.10"
#define PACKAGE_VERSION "2024.10"
#define PACKAGE_STRING "icon 2024.10"
#define PACKAGE_BUGREPORT ""
#define PACKAGE_URL ""
#define HAVE_STDLIB_H 1
#define HAVE_STDIO_H 1
#define HAVE_MATH_H 1
#define HAVE_TIME_H 1
#define HAVE_CTYPE_H 1
#define HAVE_STRING_H 1
#define HAVE_ASSERT_H 1
#define HAVE_STDBOOL_H 1
#define HAVE_DIRENT_H 1
#define HAVE_ERRNO_H 1
#define HAVE_FCNTL_H 1
#define HAVE_SYS_STAT_H 1
#define HAVE_SYS_TYPES_H 1
#define HAVE_UNISTD_H 1

configure: exit 0

## ---------------------- ##
## Running config.status. ##
## ---------------------- ##

This file was extended by cdi config.status 2.4.0, which was
generated by GNU Autoconf 2.69.  Invocation command line was

  CONFIG_FILES    = 
  CONFIG_HEADERS  = 
  CONFIG_LINKS    = 
  CONFIG_COMMANDS = 
  $ externals/cdi/config.status -q --file=-

on ault23.cscs.ch


## ---------------------- ##
## Running config.status. ##
## ---------------------- ##

This file was extended by cdi config.status 2.4.0, which was
generated by GNU Autoconf 2.69.  Invocation command line was

  CONFIG_FILES    = 
  CONFIG_HEADERS  = 
  CONFIG_LINKS    = 
  CONFIG_COMMANDS = 
  $ externals/cdi/config.status -q --file=-

on ault23.cscs.ch


## ---------------------- ##
## Running config.status. ##
## ---------------------- ##

This file was extended by cdi config.status 2.4.0, which was
generated by GNU Autoconf 2.69.  Invocation command line was

  CONFIG_FILES    = 
  CONFIG_HEADERS  = 
  CONFIG_LINKS    = 
  CONFIG_COMMANDS = 
  $ externals/cdi/config.status -q --file=-

on ault23.cscs.ch


## ---------------------- ##
## Running config.status. ##
## ---------------------- ##

This file was extended by cdi config.status 2.4.0, which was
generated by GNU Autoconf 2.69.  Invocation command line was

  CONFIG_FILES    = 
  CONFIG_HEADERS  = 
  CONFIG_LINKS    = 
  CONFIG_COMMANDS = 
  $ externals/cdi/config.status -q --file=-

on ault23.cscs.ch


## ---------------------- ##
## Running config.status. ##
## ---------------------- ##

This file was extended by cdi config.status 2.4.0, which was
generated by GNU Autoconf 2.69.  Invocation command line was

  CONFIG_FILES    = 
  CONFIG_HEADERS  = 
  CONFIG_LINKS    = 
  CONFIG_COMMANDS = 
  $ externals/cdi/config.status -q --file=-

on ault23.cscs.ch


## ---------------------- ##
## Running config.status. ##
## ---------------------- ##

This file was extended by cdi config.status 2.4.0, which was
generated by GNU Autoconf 2.69.  Invocation command line was

  CONFIG_FILES    = 
  CONFIG_HEADERS  = 
  CONFIG_LINKS    = 
  CONFIG_COMMANDS = 
  $ externals/cdi/config.status -q --file=-

on ault23.cscs.ch

