This file contains any messages produced by compilers while
running configure, to aid debugging if configure makes a mistake.

It was created by mtime configure 1.2.2, which was
generated by GNU Autoconf 2.69.  Invocation command line was

  $ /scratch/pmazumde/paper-icon-dace/icon-dace/icon-model/externals/mtime/configure --enable-atmo --enable-les --disable-ecrad --enable-openmp --enable-nwp --disable-mpi --disable-coupling --disable-ocean --disable-rpaths --disable-upatmo --disable-jsbach --disable-waves --disable-aes --disable-rte-rrtmgp --disable-mpi-gpu --disable-parallel-netcdf --disable-cdi-pio --disable-yaxt --disable-mixed-precision --disable-comin --disable-art --disable-serialization --disable-grib2 --disable-mpi-checks --disable-gpu LDFLAGS=-L/scratch/pmazumde/gitspace/icon-artifacts/velocity/integrate_meh LIBS=-lvelocity_cpu -lopenblas -lnetcdff -lnetcdf FC=/apps/ault/spack/opt/spack/linux-centos8-zen/gcc-8.4.1/gcc-10.2.0-fqf4ze2mfclmx6e7ehrjckznpoqnevmi/bin/gfortran CC=/apps/ault/spack/opt/spack/linux-centos8-zen/gcc-8.4.1/gcc-10.2.0-fqf4ze2mfclmx6e7ehrjckznpoqnevmi/bin/gcc CXX=/apps/ault/spack/opt/spack/linux-centos8-zen/gcc-8.4.1/gcc-10.2.0-fqf4ze2mfclmx6e7ehrjckznpoqnevmi/bin/g++ --disable-option-checking --prefix=/usr/local --cache-file=/dev/null --srcdir=/scratch/pmazumde/paper-icon-dace/icon-dace/icon-model/externals/mtime CFLAGS=-g -O2 FCFLAGS=-DDACE_SUBST_ENABLE -g -I/scratch/wbenjami/dafy/sdfg_gpu/spack/opt/spack/linux-centos8-zen2/gcc-10.2.0/netcdf-fortran-4.6.0-p7jdeag2groulzasdfqnokx2qiris3zh/include -I/scratch/wbenjami/dafy/sdfg_gpu/spack/opt/spack/linux-centos8-zen2/gcc-10.2.0/netcdf-c-4.9.2-zynxjqlltpkunevnlaltrm7kfqlwjgpu/include  -O2 -std=legacy --enable-silent-rules=yes --disable-maintainer-mode --enable-shared=no --enable-static --disable-examples --disable-fortran-hl --enable-python=no --with-pic=no --silent

## --------- ##
## Platform. ##
## --------- ##

hostname = ault23.cscs.ch
uname -m = x86_64
uname -r = 4.18.0-305.19.1.el8_4.x86_64
uname -s = Linux
uname -v = #1 SMP Wed Sep 15 19:12:32 UTC 2021

/usr/bin/uname -p = x86_64
/bin/uname -X     = unknown

/bin/arch              = x86_64
/usr/bin/arch -k       = unknown
/usr/convex/getsysinfo = unknown
/usr/bin/hostinfo      = unknown
/bin/machine           = unknown
/usr/bin/oslevel       = unknown
/bin/universe          = unknown

PATH: /scratch/wbenjami/dafy/sdfg_gpu/spack/opt/spack/linux-centos8-zen2/gcc-10.2.0/netcdf-fortran-4.6.0-p7jdeag2groulzasdfqnokx2qiris3zh/bin
PATH: /scratch/wbenjami/dafy/sdfg_gpu/spack/opt/spack/linux-centos8-zen2/gcc-10.2.0/netcdf-c-4.9.2-zynxjqlltpkunevnlaltrm7kfqlwjgpu/bin
PATH: /scratch/wbenjami/dafy/sdfg_gpu/spack/opt/spack/linux-centos8-zen2/gcc-10.2.0/openblas-0.3.23-ara3inpfwh3myjbgqpaiqye5qc2b6wnc/bin
PATH: /apps/ault/spack/opt/spack/linux-centos8-zen/gcc-8.4.1/cmake-3.21.3-zt24jfeuemvwweacziyho6ccdsdn2w4s/bin
PATH: /apps/ault/spack/opt/spack/linux-centos8-zen/gcc-8.4.1/gcc-10.2.0-fqf4ze2mfclmx6e7ehrjckznpoqnevmi/bin
PATH: /users/pmazumde/miniconda3/bin
PATH: /users/pmazumde/miniconda3/condabin
PATH: /users/pmazumde/.local/bin
PATH: /users/pmazumde/bin
PATH: /usr/local/bin
PATH: /usr/bin
PATH: /usr/local/sbin
PATH: /usr/sbin


## ----------- ##
## Core tests. ##
## ----------- ##

configure:2410: checking for a BSD-compatible install
configure:2478: result: /usr/bin/install -c
configure:2489: checking whether build environment is sane
configure:2544: result: yes
configure:2690: checking for a thread-safe mkdir -p
configure:2729: result: /usr/bin/mkdir -p
configure:2736: checking for gawk
configure:2752: found /usr/bin/gawk
configure:2763: result: gawk
configure:2774: checking whether make sets $(MAKE)
configure:2796: result: yes
configure:2825: checking whether make supports nested variables
configure:2842: result: yes
configure:2983: checking whether to enable maintainer-specific portions of Makefiles
configure:2992: result: no
configure:3017: checking whether make supports nested variables
configure:3034: result: yes
configure:3094: checking for gcc
configure:3121: result: /apps/ault/spack/opt/spack/linux-centos8-zen/gcc-8.4.1/gcc-10.2.0-fqf4ze2mfclmx6e7ehrjckznpoqnevmi/bin/gcc
configure:3350: checking for C compiler version
configure:3359: /apps/ault/spack/opt/spack/linux-centos8-zen/gcc-8.4.1/gcc-10.2.0-fqf4ze2mfclmx6e7ehrjckznpoqnevmi/bin/gcc --version >&5
gcc (Spack GCC) 10.2.0
Copyright (C) 2020 Free Software Foundation, Inc.
This is free software; see the source for copying conditions.  There is NO
warranty; not even for MERCHANTABILITY or FITNESS FOR A PARTICULAR PURPOSE.

configure:3370: $? = 0
configure:3359: /apps/ault/spack/opt/spack/linux-centos8-zen/gcc-8.4.1/gcc-10.2.0-fqf4ze2mfclmx6e7ehrjckznpoqnevmi/bin/gcc -v >&5
Reading specs from /apps/ault/spack/opt/spack/linux-centos8-zen/gcc-8.4.1/gcc-10.2.0-fqf4ze2mfclmx6e7ehrjckznpoqnevmi/lib/gcc/x86_64-pc-linux-gnu/10.2.0/specs
COLLECT_GCC=/apps/ault/spack/opt/spack/linux-centos8-zen/gcc-8.4.1/gcc-10.2.0-fqf4ze2mfclmx6e7ehrjckznpoqnevmi/bin/gcc
COLLECT_LTO_WRAPPER=/apps/ault/spack/opt/spack/linux-centos8-zen/gcc-8.4.1/gcc-10.2.0-fqf4ze2mfclmx6e7ehrjckznpoqnevmi/libexec/gcc/x86_64-pc-linux-gnu/10.2.0/lto-wrapper
Target: x86_64-pc-linux-gnu
Configured with: /tmp/kleinm/spack-stage/spack-stage-gcc-10.2.0-fqf4ze2mfclmx6e7ehrjckznpoqnevmi/spack-src/configure --prefix=/apps/ault/spack/opt/spack/linux-centos8-zen/gcc-8.4.1/gcc-10.2.0-fqf4ze2mfclmx6e7ehrjckznpoqnevmi --with-pkgversion='Spack GCC' --with-bugurl=https://github.com/spack/spack/issues --disable-multilib --enable-languages=c,c++,fortran --disable-nls --with-system-zlib --with-zstd-include=/apps/ault/spack/opt/spack/linux-centos8-zen/gcc-8.4.1/zstd-1.5.0-tdqxudxfvvdg24qqzcthxofjxtwgjv2y/include --with-zstd-lib=/apps/ault/spack/opt/spack/linux-centos8-zen/gcc-8.4.1/zstd-1.5.0-tdqxudxfvvdg24qqzcthxofjxtwgjv2y/lib64 --enable-bootstrap --with-mpfr-include=/apps/ault/spack/opt/spack/linux-centos8-zen/gcc-8.4.1/mpfr-4.1.0-ncrm3oi3zq4czkrhtsppakzbathaz7nm/include --with-mpfr-lib=/apps/ault/spack/opt/spack/linux-centos8-zen/gcc-8.4.1/mpfr-4.1.0-ncrm3oi3zq4czkrhtsppakzbathaz7nm/lib --with-gmp-include=/apps/ault/spack/opt/spack/linux-centos8-zen/gcc-8.4.1/gmp-6.2.1-a4uy3yg5ypry4p44urpwhs64ngc26vtd/include --with-gmp-lib=/apps/ault/spack/opt/spack/linux-centos8-zen/gcc-8.4.1/gmp-6.2.1-a4uy3yg5ypry4p44urpwhs64ngc26vtd/lib --with-mpc-include=/apps/ault/spack/opt/spack/linux-centos8-zen/gcc-8.4.1/mpc-1.1.0-6z3raodvxfd6flyau7y4xnubnkohnz5k/include --with-mpc-lib=/apps/ault/spack/opt/spack/linux-centos8-zen/gcc-8.4.1/mpc-1.1.0-6z3raodvxfd6flyau7y4xnubnkohnz5k/lib --without-isl --with-stage1-ldflags='-Wl,-rpath,/apps/ault/spack/opt/spack/linux-centos8-zen/gcc-8.4.1/gcc-10.2.0-fqf4ze2mfclmx6e7ehrjckznpoqnevmi/lib -Wl,-rpath,/apps/ault/spack/opt/spack/linux-centos8-zen/gcc-8.4.1/gcc-10.2.0-fqf4ze2mfclmx6e7ehrjckznpoqnevmi/lib64 -Wl,-rpath,/apps/ault/spack/opt/spack/linux-centos8-zen/gcc-8.4.1/gmp-6.2.1-a4uy3yg5ypry4p44urpwhs64ngc26vtd/lib -Wl,-rpath,/apps/ault/spack/opt/spack/linux-centos8-zen/gcc-8.4.1/mpfr-4.1.0-ncrm3oi3zq4czkrhtsppakzbathaz7nm/lib -Wl,-rpath,/apps/ault/spack/opt/spack/linux-centos8-zen/gcc-8.4.1/mpc-1.1.0-6z3raodvxfd6flyau7y4xnubnkohnz5k/lib -Wl,-rpath,/apps/ault/spack/opt/spack/linux-centos8-zen/gcc-8.4.1/zlib-1.2.11-dif34johfqcbxxhctkbvqxo4uwbhoz4c/lib -Wl,-rpath,/apps/ault/spack/opt/spack/linux-centos8-zen/gcc-8.4.1/zstd-1.5.0-tdqxudxfvvdg24qqzcthxofjxtwgjv2y/lib64' --with-boot-ldflags='-Wl,-rpath,/apps/ault/spack/opt/spack/linux-centos8-zen/gcc-8.4.1/gcc-10.2.0-fqf4ze2mfclmx6e7ehrjckznpoqnevmi/lib -Wl,-rpath,/apps/ault/spack/opt/spack/linux-centos8-zen/gcc-8.4.1/gcc-10.2.0-fqf4ze2mfclmx6e7ehrjckznpoqnevmi/lib64 -Wl,-rpath,/apps/ault/spack/opt/spack/linux-centos8-zen/gcc-8.4.1/gmp-6.2.1-a4uy3yg5ypry4p44urpwhs64ngc26vtd/lib -Wl,-rpath,/apps/ault/spack/opt/spack/linux-centos8-zen/gcc-8.4.1/mpfr-4.1.0-ncrm3oi3zq4czkrhtsppakzbathaz7nm/lib -Wl,-rpath,/apps/ault/spack/opt/spack/linux-centos8-zen/gcc-8.4.1/mpc-1.1.0-6z3raodvxfd6flyau7y4xnubnkohnz5k/lib -Wl,-rpath,/apps/ault/spack/opt/spack/linux-centos8-zen/gcc-8.4.1/zlib-1.2.11-dif34johfqcbxxhctkbvqxo4uwbhoz4c/lib -Wl,-rpath,/apps/ault/spack/opt/spack/linux-centos8-zen/gcc-8.4.1/zstd-1.5.0-tdqxudxfvvdg24qqzcthxofjxtwgjv2y/lib64 -static-libstdc++ -static-libgcc'
Thread model: posix
Supported LTO compression algorithms: zlib zstd
gcc version 10.2.0 (Spack GCC) 
configure:3370: $? = 0
configure:3359: /apps/ault/spack/opt/spack/linux-centos8-zen/gcc-8.4.1/gcc-10.2.0-fqf4ze2mfclmx6e7ehrjckznpoqnevmi/bin/gcc -V >&5
gcc: error: unrecognized command-line option '-V'
gcc: fatal error: no input files
compilation terminated.
configure:3370: $? = 1
configure:3359: /apps/ault/spack/opt/spack/linux-centos8-zen/gcc-8.4.1/gcc-10.2.0-fqf4ze2mfclmx6e7ehrjckznpoqnevmi/bin/gcc -qversion >&5
gcc: error: unrecognized command-line option '-qversion'; did you mean '--version'?
gcc: fatal error: no input files
compilation terminated.
configure:3370: $? = 1
configure:3390: checking whether the C compiler works
configure:3412: /apps/ault/spack/opt/spack/linux-centos8-zen/gcc-8.4.1/gcc-10.2.0-fqf4ze2mfclmx6e7ehrjckznpoqnevmi/bin/gcc -g -O2  -L/scratch/pmazumde/gitspace/icon-artifacts/velocity/integrate_meh conftest.c -lvelocity_cpu -lopenblas -lnetcdff -lnetcdf >&5
configure:3416: $? = 0
configure:3464: result: yes
configure:3467: checking for C compiler default output file name
configure:3469: result: a.out
configure:3475: checking for suffix of executables
configure:3482: /apps/ault/spack/opt/spack/linux-centos8-zen/gcc-8.4.1/gcc-10.2.0-fqf4ze2mfclmx6e7ehrjckznpoqnevmi/bin/gcc -o conftest -g -O2  -L/scratch/pmazumde/gitspace/icon-artifacts/velocity/integrate_meh conftest.c -lvelocity_cpu -lopenblas -lnetcdff -lnetcdf >&5
configure:3486: $? = 0
configure:3508: result: 
configure:3530: checking whether we are cross compiling
configure:3538: /apps/ault/spack/opt/spack/linux-centos8-zen/gcc-8.4.1/gcc-10.2.0-fqf4ze2mfclmx6e7ehrjckznpoqnevmi/bin/gcc -o conftest -g -O2  -L/scratch/pmazumde/gitspace/icon-artifacts/velocity/integrate_meh conftest.c -lvelocity_cpu -lopenblas -lnetcdff -lnetcdf >&5
configure:3542: $? = 0
configure:3549: ./conftest
configure:3553: $? = 0
configure:3568: result: no
configure:3573: checking for suffix of object files
configure:3595: /apps/ault/spack/opt/spack/linux-centos8-zen/gcc-8.4.1/gcc-10.2.0-fqf4ze2mfclmx6e7ehrjckznpoqnevmi/bin/gcc -c -g -O2  conftest.c >&5
configure:3599: $? = 0
configure:3620: result: o
configure:3624: checking whether we are using the GNU C compiler
configure:3643: /apps/ault/spack/opt/spack/linux-centos8-zen/gcc-8.4.1/gcc-10.2.0-fqf4ze2mfclmx6e7ehrjckznpoqnevmi/bin/gcc -c -g -O2  conftest.c >&5
configure:3643: $? = 0
configure:3652: result: yes
configure:3661: checking whether /apps/ault/spack/opt/spack/linux-centos8-zen/gcc-8.4.1/gcc-10.2.0-fqf4ze2mfclmx6e7ehrjckznpoqnevmi/bin/gcc accepts -g
configure:3681: /apps/ault/spack/opt/spack/linux-centos8-zen/gcc-8.4.1/gcc-10.2.0-fqf4ze2mfclmx6e7ehrjckznpoqnevmi/bin/gcc -c -g  conftest.c >&5
configure:3681: $? = 0
configure:3722: result: yes
configure:3739: checking for /apps/ault/spack/opt/spack/linux-centos8-zen/gcc-8.4.1/gcc-10.2.0-fqf4ze2mfclmx6e7ehrjckznpoqnevmi/bin/gcc option to accept ISO C89
configure:3802: /apps/ault/spack/opt/spack/linux-centos8-zen/gcc-8.4.1/gcc-10.2.0-fqf4ze2mfclmx6e7ehrjckznpoqnevmi/bin/gcc  -c -g -O2  conftest.c >&5
configure:3802: $? = 0
configure:3815: result: none needed
configure:3840: checking whether /apps/ault/spack/opt/spack/linux-centos8-zen/gcc-8.4.1/gcc-10.2.0-fqf4ze2mfclmx6e7ehrjckznpoqnevmi/bin/gcc understands -c and -o together
configure:3862: /apps/ault/spack/opt/spack/linux-centos8-zen/gcc-8.4.1/gcc-10.2.0-fqf4ze2mfclmx6e7ehrjckznpoqnevmi/bin/gcc -c conftest.c -o conftest2.o
configure:3865: $? = 0
configure:3862: /apps/ault/spack/opt/spack/linux-centos8-zen/gcc-8.4.1/gcc-10.2.0-fqf4ze2mfclmx6e7ehrjckznpoqnevmi/bin/gcc -c conftest.c -o conftest2.o
configure:3865: $? = 0
configure:3877: result: yes
configure:3897: checking whether make supports the include directive
configure:3912: make -f confmf.GNU && cat confinc.out
make[2]: Entering directory '/scratch/pmazumde/paper-icon-dace/icon-dace/build/externals/mtime'
make[2]: Leaving directory '/scratch/pmazumde/paper-icon-dace/icon-dace/build/externals/mtime'
this is the am__doit target
configure:3915: $? = 0
configure:3934: result: yes (GNU style)
configure:3959: checking dependency style of /apps/ault/spack/opt/spack/linux-centos8-zen/gcc-8.4.1/gcc-10.2.0-fqf4ze2mfclmx6e7ehrjckznpoqnevmi/bin/gcc
configure:4070: result: gcc3
configure:4085: checking for /apps/ault/spack/opt/spack/linux-centos8-zen/gcc-8.4.1/gcc-10.2.0-fqf4ze2mfclmx6e7ehrjckznpoqnevmi/bin/gcc option to accept ISO C99
configure:4234: /apps/ault/spack/opt/spack/linux-centos8-zen/gcc-8.4.1/gcc-10.2.0-fqf4ze2mfclmx6e7ehrjckznpoqnevmi/bin/gcc  -c -g -O2  conftest.c >&5
configure:4234: $? = 0
configure:4247: result: none needed
configure:4374: checking for Fortran compiler version
configure:4383: /apps/ault/spack/opt/spack/linux-centos8-zen/gcc-8.4.1/gcc-10.2.0-fqf4ze2mfclmx6e7ehrjckznpoqnevmi/bin/gfortran --version >&5
GNU Fortran (Spack GCC) 10.2.0
Copyright (C) 2020 Free Software Foundation, Inc.
This is free software; see the source for copying conditions.  There is NO
warranty; not even for MERCHANTABILITY or FITNESS FOR A PARTICULAR PURPOSE.

configure:4394: $? = 0
configure:4383: /apps/ault/spack/opt/spack/linux-centos8-zen/gcc-8.4.1/gcc-10.2.0-fqf4ze2mfclmx6e7ehrjckznpoqnevmi/bin/gfortran -v >&5
Reading specs from /apps/ault/spack/opt/spack/linux-centos8-zen/gcc-8.4.1/gcc-10.2.0-fqf4ze2mfclmx6e7ehrjckznpoqnevmi/lib/gcc/x86_64-pc-linux-gnu/10.2.0/specs
COLLECT_GCC=/apps/ault/spack/opt/spack/linux-centos8-zen/gcc-8.4.1/gcc-10.2.0-fqf4ze2mfclmx6e7ehrjckznpoqnevmi/bin/gfortran
COLLECT_LTO_WRAPPER=/apps/ault/spack/opt/spack/linux-centos8-zen/gcc-8.4.1/gcc-10.2.0-fqf4ze2mfclmx6e7ehrjckznpoqnevmi/libexec/gcc/x86_64-pc-linux-gnu/10.2.0/lto-wrapper
Target: x86_64-pc-linux-gnu
Configured with: /tmp/kleinm/spack-stage/spack-stage-gcc-10.2.0-fqf4ze2mfclmx6e7ehrjckznpoqnevmi/spack-src/configure --prefix=/apps/ault/spack/opt/spack/linux-centos8-zen/gcc-8.4.1/gcc-10.2.0-fqf4ze2mfclmx6e7ehrjckznpoqnevmi --with-pkgversion='Spack GCC' --with-bugurl=https://github.com/spack/spack/issues --disable-multilib --enable-languages=c,c++,fortran --disable-nls --with-system-zlib --with-zstd-include=/apps/ault/spack/opt/spack/linux-centos8-zen/gcc-8.4.1/zstd-1.5.0-tdqxudxfvvdg24qqzcthxofjxtwgjv2y/include --with-zstd-lib=/apps/ault/spack/opt/spack/linux-centos8-zen/gcc-8.4.1/zstd-1.5.0-tdqxudxfvvdg24qqzcthxofjxtwgjv2y/lib64 --enable-bootstrap --with-mpfr-include=/apps/ault/spack/opt/spack/linux-centos8-zen/gcc-8.4.1/mpfr-4.1.0-ncrm3oi3zq4czkrhtsppakzbathaz7nm/include --with-mpfr-lib=/apps/ault/spack/opt/spack/linux-centos8-zen/gcc-8.4.1/mpfr-4.1.0-ncrm3oi3zq4czkrhtsppakzbathaz7nm/lib --with-gmp-include=/apps/ault/spack/opt/spack/linux-centos8-zen/gcc-8.4.1/gmp-6.2.1-a4uy3yg5ypry4p44urpwhs64ngc26vtd/include --with-gmp-lib=/apps/ault/spack/opt/spack/linux-centos8-zen/gcc-8.4.1/gmp-6.2.1-a4uy3yg5ypry4p44urpwhs64ngc26vtd/lib --with-mpc-include=/apps/ault/spack/opt/spack/linux-centos8-zen/gcc-8.4.1/mpc-1.1.0-6z3raodvxfd6flyau7y4xnubnkohnz5k/include --with-mpc-lib=/apps/ault/spack/opt/spack/linux-centos8-zen/gcc-8.4.1/mpc-1.1.0-6z3raodvxfd6flyau7y4xnubnkohnz5k/lib --without-isl --with-stage1-ldflags='-Wl,-rpath,/apps/ault/spack/opt/spack/linux-centos8-zen/gcc-8.4.1/gcc-10.2.0-fqf4ze2mfclmx6e7ehrjckznpoqnevmi/lib -Wl,-rpath,/apps/ault/spack/opt/spack/linux-centos8-zen/gcc-8.4.1/gcc-10.2.0-fqf4ze2mfclmx6e7ehrjckznpoqnevmi/lib64 -Wl,-rpath,/apps/ault/spack/opt/spack/linux-centos8-zen/gcc-8.4.1/gmp-6.2.1-a4uy3yg5ypry4p44urpwhs64ngc26vtd/lib -Wl,-rpath,/apps/ault/spack/opt/spack/linux-centos8-zen/gcc-8.4.1/mpfr-4.1.0-ncrm3oi3zq4czkrhtsppakzbathaz7nm/lib -Wl,-rpath,/apps/ault/spack/opt/spack/linux-centos8-zen/gcc-8.4.1/mpc-1.1.0-6z3raodvxfd6flyau7y4xnubnkohnz5k/lib -Wl,-rpath,/apps/ault/spack/opt/spack/linux-centos8-zen/gcc-8.4.1/zlib-1.2.11-dif34johfqcbxxhctkbvqxo4uwbhoz4c/lib -Wl,-rpath,/apps/ault/spack/opt/spack/linux-centos8-zen/gcc-8.4.1/zstd-1.5.0-tdqxudxfvvdg24qqzcthxofjxtwgjv2y/lib64' --with-boot-ldflags='-Wl,-rpath,/apps/ault/spack/opt/spack/linux-centos8-zen/gcc-8.4.1/gcc-10.2.0-fqf4ze2mfclmx6e7ehrjckznpoqnevmi/lib -Wl,-rpath,/apps/ault/spack/opt/spack/linux-centos8-zen/gcc-8.4.1/gcc-10.2.0-fqf4ze2mfclmx6e7ehrjckznpoqnevmi/lib64 -Wl,-rpath,/apps/ault/spack/opt/spack/linux-centos8-zen/gcc-8.4.1/gmp-6.2.1-a4uy3yg5ypry4p44urpwhs64ngc26vtd/lib -Wl,-rpath,/apps/ault/spack/opt/spack/linux-centos8-zen/gcc-8.4.1/mpfr-4.1.0-ncrm3oi3zq4czkrhtsppakzbathaz7nm/lib -Wl,-rpath,/apps/ault/spack/opt/spack/linux-centos8-zen/gcc-8.4.1/mpc-1.1.0-6z3raodvxfd6flyau7y4xnubnkohnz5k/lib -Wl,-rpath,/apps/ault/spack/opt/spack/linux-centos8-zen/gcc-8.4.1/zlib-1.2.11-dif34johfqcbxxhctkbvqxo4uwbhoz4c/lib -Wl,-rpath,/apps/ault/spack/opt/spack/linux-centos8-zen/gcc-8.4.1/zstd-1.5.0-tdqxudxfvvdg24qqzcthxofjxtwgjv2y/lib64 -static-libstdc++ -static-libgcc'
Thread model: posix
Supported LTO compression algorithms: zlib zstd
gcc version 10.2.0 (Spack GCC) 
configure:4394: $? = 0
configure:4383: /apps/ault/spack/opt/spack/linux-centos8-zen/gcc-8.4.1/gcc-10.2.0-fqf4ze2mfclmx6e7ehrjckznpoqnevmi/bin/gfortran -V >&5
gfortran: error: unrecognized command-line option '-V'
gfortran: fatal error: no input files
compilation terminated.
configure:4394: $? = 1
configure:4383: /apps/ault/spack/opt/spack/linux-centos8-zen/gcc-8.4.1/gcc-10.2.0-fqf4ze2mfclmx6e7ehrjckznpoqnevmi/bin/gfortran -qversion >&5
gfortran: error: unrecognized command-line option '-qversion'; did you mean '--version'?
gfortran: fatal error: no input files
compilation terminated.
configure:4394: $? = 1
configure:4403: checking whether we are using the GNU Fortran compiler
configure:4416: /apps/ault/spack/opt/spack/linux-centos8-zen/gcc-8.4.1/gcc-10.2.0-fqf4ze2mfclmx6e7ehrjckznpoqnevmi/bin/gfortran -c -DDACE_SUBST_ENABLE -g -I/scratch/wbenjami/dafy/sdfg_gpu/spack/opt/spack/linux-centos8-zen2/gcc-10.2.0/netcdf-fortran-4.6.0-p7jdeag2groulzasdfqnokx2qiris3zh/include -I/scratch/wbenjami/dafy/sdfg_gpu/spack/opt/spack/linux-centos8-zen2/gcc-10.2.0/netcdf-c-4.9.2-zynxjqlltpkunevnlaltrm7kfqlwjgpu/include  -O2 -std=legacy  conftest.F >&5
configure:4416: $? = 0
configure:4425: result: yes
configure:4431: checking whether /apps/ault/spack/opt/spack/linux-centos8-zen/gcc-8.4.1/gcc-10.2.0-fqf4ze2mfclmx6e7ehrjckznpoqnevmi/bin/gfortran accepts -g
configure:4442: /apps/ault/spack/opt/spack/linux-centos8-zen/gcc-8.4.1/gcc-10.2.0-fqf4ze2mfclmx6e7ehrjckznpoqnevmi/bin/gfortran -c -g  conftest.f >&5
configure:4442: $? = 0
configure:4450: result: yes
configure:4484: checking build system type
configure:4498: result: x86_64-pc-linux-gnu
configure:4518: checking host system type
configure:4531: result: x86_64-pc-linux-gnu
configure:4597: checking how to print strings
configure:4624: result: printf
configure:4645: checking for a sed that does not truncate output
configure:4709: result: /usr/bin/sed
configure:4727: checking for grep that handles long lines and -e
configure:4785: result: /usr/bin/grep
configure:4790: checking for egrep
configure:4852: result: /usr/bin/grep -E
configure:4857: checking for fgrep
configure:4919: result: /usr/bin/grep -F
configure:4954: checking for ld used by /apps/ault/spack/opt/spack/linux-centos8-zen/gcc-8.4.1/gcc-10.2.0-fqf4ze2mfclmx6e7ehrjckznpoqnevmi/bin/gcc
configure:5021: result: /usr/bin/ld
configure:5028: checking if the linker (/usr/bin/ld) is GNU ld
configure:5043: result: yes
configure:5055: checking for BSD- or MS-compatible name lister (nm)
configure:5109: result: /usr/bin/nm -B
configure:5239: checking the name lister (/usr/bin/nm -B) interface
configure:5246: /apps/ault/spack/opt/spack/linux-centos8-zen/gcc-8.4.1/gcc-10.2.0-fqf4ze2mfclmx6e7ehrjckznpoqnevmi/bin/gcc -c -g -O2  conftest.c >&5
configure:5249: /usr/bin/nm -B "conftest.o"
configure:5252: output
0000000000000000 B some_variable
configure:5259: result: BSD nm
configure:5262: checking whether ln -s works
configure:5266: result: yes
configure:5274: checking the maximum length of command line arguments
configure:5405: result: 1572864
configure:5453: checking how to convert x86_64-pc-linux-gnu file names to x86_64-pc-linux-gnu format
configure:5493: result: func_convert_file_noop
configure:5500: checking how to convert x86_64-pc-linux-gnu file names to toolchain format
configure:5520: result: func_convert_file_noop
configure:5527: checking for /usr/bin/ld option to reload object files
configure:5534: result: -r
configure:5608: checking for objdump
configure:5624: found /usr/bin/objdump
configure:5635: result: objdump
configure:5667: checking how to recognize dependent libraries
configure:5867: result: pass_all
configure:5952: checking for dlltool
configure:5982: result: no
configure:6012: checking how to associate runtime and link libraries
configure:6039: result: printf %s\n
configure:6100: checking for ar
configure:6116: found /usr/bin/ar
configure:6127: result: ar
configure:6164: checking for archiver @FILE support
configure:6181: /apps/ault/spack/opt/spack/linux-centos8-zen/gcc-8.4.1/gcc-10.2.0-fqf4ze2mfclmx6e7ehrjckznpoqnevmi/bin/gcc -c -g -O2  conftest.c >&5
configure:6181: $? = 0
configure:6184: ar cru libconftest.a @conftest.lst >&5
configure:6187: $? = 0
configure:6192: ar cru libconftest.a @conftest.lst >&5
ar: conftest.o: No such file or directory
configure:6195: $? = 1
configure:6207: result: @
configure:6265: checking for strip
configure:6281: found /usr/bin/strip
configure:6292: result: strip
configure:6364: checking for ranlib
configure:6380: found /usr/bin/ranlib
configure:6391: result: ranlib
configure:6493: checking command to parse /usr/bin/nm -B output from /apps/ault/spack/opt/spack/linux-centos8-zen/gcc-8.4.1/gcc-10.2.0-fqf4ze2mfclmx6e7ehrjckznpoqnevmi/bin/gcc object
configure:6646: /apps/ault/spack/opt/spack/linux-centos8-zen/gcc-8.4.1/gcc-10.2.0-fqf4ze2mfclmx6e7ehrjckznpoqnevmi/bin/gcc -c -g -O2  conftest.c >&5
configure:6649: $? = 0
configure:6653: /usr/bin/nm -B conftest.o \| sed -n -e 's/^.*[ ]\([ABCDGIRSTW][ABCDGIRSTW]*\)[ ][ ]*\([_A-Za-z][_A-Za-z0-9]*\)$/\1 \2 \2/p' | sed '/ __gnu_lto/d' \> conftest.nm
configure:6656: $? = 0
configure:6722: /apps/ault/spack/opt/spack/linux-centos8-zen/gcc-8.4.1/gcc-10.2.0-fqf4ze2mfclmx6e7ehrjckznpoqnevmi/bin/gcc -o conftest -g -O2  -L/scratch/pmazumde/gitspace/icon-artifacts/velocity/integrate_meh conftest.c conftstm.o >&5
configure:6725: $? = 0
configure:6763: result: ok
configure:6810: checking for sysroot
configure:6840: result: no
configure:6847: checking for a working dd
configure:6885: result: /usr/bin/dd
configure:6889: checking how to truncate binary pipes
configure:6904: result: /usr/bin/dd bs=4096 count=1
configure:7040: /apps/ault/spack/opt/spack/linux-centos8-zen/gcc-8.4.1/gcc-10.2.0-fqf4ze2mfclmx6e7ehrjckznpoqnevmi/bin/gcc -c -g -O2  conftest.c >&5
configure:7043: $? = 0
configure:7233: checking for mt
configure:7263: result: no
configure:7283: checking if : is a manifest tool
configure:7289: : '-?'
configure:7297: result: no
configure:7974: checking how to run the C preprocessor
configure:8005: /apps/ault/spack/opt/spack/linux-centos8-zen/gcc-8.4.1/gcc-10.2.0-fqf4ze2mfclmx6e7ehrjckznpoqnevmi/bin/gcc -E  conftest.c
configure:8005: $? = 0
configure:8019: /apps/ault/spack/opt/spack/linux-centos8-zen/gcc-8.4.1/gcc-10.2.0-fqf4ze2mfclmx6e7ehrjckznpoqnevmi/bin/gcc -E  conftest.c
conftest.c:11:10: fatal error: ac_nonexistent.h: No such file or directory
   11 | #include <ac_nonexistent.h>
      |          ^~~~~~~~~~~~~~~~~~
compilation terminated.
configure:8019: $? = 1
configure: failed program was:
| /* confdefs.h */
| #define PACKAGE_NAME "mtime"
| #define PACKAGE_TARNAME "mtime"
| #define PACKAGE_VERSION "1.2.2"
| #define PACKAGE_STRING "mtime 1.2.2"
| #define PACKAGE_BUGREPORT "luis.kornblueh@mpimet.mpg.de"
| #define PACKAGE_URL ""
| #define PACKAGE "mtime"
| #define VERSION "1.2.2"
| /* end confdefs.h.  */
| #include <ac_nonexistent.h>
configure:8044: result: /apps/ault/spack/opt/spack/linux-centos8-zen/gcc-8.4.1/gcc-10.2.0-fqf4ze2mfclmx6e7ehrjckznpoqnevmi/bin/gcc -E
configure:8064: /apps/ault/spack/opt/spack/linux-centos8-zen/gcc-8.4.1/gcc-10.2.0-fqf4ze2mfclmx6e7ehrjckznpoqnevmi/bin/gcc -E  conftest.c
configure:8064: $? = 0
configure:8078: /apps/ault/spack/opt/spack/linux-centos8-zen/gcc-8.4.1/gcc-10.2.0-fqf4ze2mfclmx6e7ehrjckznpoqnevmi/bin/gcc -E  conftest.c
conftest.c:11:10: fatal error: ac_nonexistent.h: No such file or directory
   11 | #include <ac_nonexistent.h>
      |          ^~~~~~~~~~~~~~~~~~
compilation terminated.
configure:8078: $? = 1
configure: failed program was:
| /* confdefs.h */
| #define PACKAGE_NAME "mtime"
| #define PACKAGE_TARNAME "mtime"
| #define PACKAGE_VERSION "1.2.2"
| #define PACKAGE_STRING "mtime 1.2.2"
| #define PACKAGE_BUGREPORT "luis.kornblueh@mpimet.mpg.de"
| #define PACKAGE_URL ""
| #define PACKAGE "mtime"
| #define VERSION "1.2.2"
| /* end confdefs.h.  */
| #include <ac_nonexistent.h>
configure:8107: checking for ANSI C header files
configure:8127: /apps/ault/spack/opt/spack/linux-centos8-zen/gcc-8.4.1/gcc-10.2.0-fqf4ze2mfclmx6e7ehrjckznpoqnevmi/bin/gcc -c -g -O2  conftest.c >&5
configure:8127: $? = 0
configure:8200: /apps/ault/spack/opt/spack/linux-centos8-zen/gcc-8.4.1/gcc-10.2.0-fqf4ze2mfclmx6e7ehrjckznpoqnevmi/bin/gcc -o conftest -g -O2  -L/scratch/pmazumde/gitspace/icon-artifacts/velocity/integrate_meh conftest.c -lvelocity_cpu -lopenblas -lnetcdff -lnetcdf >&5
configure:8200: $? = 0
configure:8200: ./conftest
configure:8200: $? = 0
configure:8211: result: yes
configure:8224: checking for sys/types.h
configure:8224: /apps/ault/spack/opt/spack/linux-centos8-zen/gcc-8.4.1/gcc-10.2.0-fqf4ze2mfclmx6e7ehrjckznpoqnevmi/bin/gcc -c -g -O2  conftest.c >&5
configure:8224: $? = 0
configure:8224: result: yes
configure:8224: checking for sys/stat.h
configure:8224: /apps/ault/spack/opt/spack/linux-centos8-zen/gcc-8.4.1/gcc-10.2.0-fqf4ze2mfclmx6e7ehrjckznpoqnevmi/bin/gcc -c -g -O2  conftest.c >&5
configure:8224: $? = 0
configure:8224: result: yes
configure:8224: checking for stdlib.h
configure:8224: /apps/ault/spack/opt/spack/linux-centos8-zen/gcc-8.4.1/gcc-10.2.0-fqf4ze2mfclmx6e7ehrjckznpoqnevmi/bin/gcc -c -g -O2  conftest.c >&5
configure:8224: $? = 0
configure:8224: result: yes
configure:8224: checking for string.h
configure:8224: /apps/ault/spack/opt/spack/linux-centos8-zen/gcc-8.4.1/gcc-10.2.0-fqf4ze2mfclmx6e7ehrjckznpoqnevmi/bin/gcc -c -g -O2  conftest.c >&5
configure:8224: $? = 0
configure:8224: result: yes
configure:8224: checking for memory.h
configure:8224: /apps/ault/spack/opt/spack/linux-centos8-zen/gcc-8.4.1/gcc-10.2.0-fqf4ze2mfclmx6e7ehrjckznpoqnevmi/bin/gcc -c -g -O2  conftest.c >&5
configure:8224: $? = 0
configure:8224: result: yes
configure:8224: checking for strings.h
configure:8224: /apps/ault/spack/opt/spack/linux-centos8-zen/gcc-8.4.1/gcc-10.2.0-fqf4ze2mfclmx6e7ehrjckznpoqnevmi/bin/gcc -c -g -O2  conftest.c >&5
configure:8224: $? = 0
configure:8224: result: yes
configure:8224: checking for inttypes.h
configure:8224: /apps/ault/spack/opt/spack/linux-centos8-zen/gcc-8.4.1/gcc-10.2.0-fqf4ze2mfclmx6e7ehrjckznpoqnevmi/bin/gcc -c -g -O2  conftest.c >&5
configure:8224: $? = 0
configure:8224: result: yes
configure:8224: checking for stdint.h
configure:8224: /apps/ault/spack/opt/spack/linux-centos8-zen/gcc-8.4.1/gcc-10.2.0-fqf4ze2mfclmx6e7ehrjckznpoqnevmi/bin/gcc -c -g -O2  conftest.c >&5
configure:8224: $? = 0
configure:8224: result: yes
configure:8224: checking for unistd.h
configure:8224: /apps/ault/spack/opt/spack/linux-centos8-zen/gcc-8.4.1/gcc-10.2.0-fqf4ze2mfclmx6e7ehrjckznpoqnevmi/bin/gcc -c -g -O2  conftest.c >&5
configure:8224: $? = 0
configure:8224: result: yes
configure:8238: checking for dlfcn.h
configure:8238: /apps/ault/spack/opt/spack/linux-centos8-zen/gcc-8.4.1/gcc-10.2.0-fqf4ze2mfclmx6e7ehrjckznpoqnevmi/bin/gcc -c -g -O2  conftest.c >&5
configure:8238: $? = 0
configure:8238: result: yes
configure:8581: checking for objdir
configure:8596: result: .libs
configure:8864: checking if /apps/ault/spack/opt/spack/linux-centos8-zen/gcc-8.4.1/gcc-10.2.0-fqf4ze2mfclmx6e7ehrjckznpoqnevmi/bin/gcc supports -fno-rtti -fno-exceptions
configure:8882: /apps/ault/spack/opt/spack/linux-centos8-zen/gcc-8.4.1/gcc-10.2.0-fqf4ze2mfclmx6e7ehrjckznpoqnevmi/bin/gcc -c -g -O2  -fno-rtti -fno-exceptions conftest.c >&5
cc1: warning: command-line option '-fno-rtti' is valid for C++/D/ObjC++ but not for C
configure:8886: $? = 0
configure:8899: result: no
configure:9262: checking for /apps/ault/spack/opt/spack/linux-centos8-zen/gcc-8.4.1/gcc-10.2.0-fqf4ze2mfclmx6e7ehrjckznpoqnevmi/bin/gcc option to produce PIC
configure:9269: result: -fPIC -DPIC
configure:9277: checking if /apps/ault/spack/opt/spack/linux-centos8-zen/gcc-8.4.1/gcc-10.2.0-fqf4ze2mfclmx6e7ehrjckznpoqnevmi/bin/gcc PIC flag -fPIC -DPIC works
configure:9295: /apps/ault/spack/opt/spack/linux-centos8-zen/gcc-8.4.1/gcc-10.2.0-fqf4ze2mfclmx6e7ehrjckznpoqnevmi/bin/gcc -c -g -O2  -fPIC -DPIC -DPIC conftest.c >&5
configure:9299: $? = 0
configure:9312: result: yes
configure:9341: checking if /apps/ault/spack/opt/spack/linux-centos8-zen/gcc-8.4.1/gcc-10.2.0-fqf4ze2mfclmx6e7ehrjckznpoqnevmi/bin/gcc static flag -static works
configure:9369: result: no
configure:9384: checking if /apps/ault/spack/opt/spack/linux-centos8-zen/gcc-8.4.1/gcc-10.2.0-fqf4ze2mfclmx6e7ehrjckznpoqnevmi/bin/gcc supports -c -o file.o
configure:9405: /apps/ault/spack/opt/spack/linux-centos8-zen/gcc-8.4.1/gcc-10.2.0-fqf4ze2mfclmx6e7ehrjckznpoqnevmi/bin/gcc -c -g -O2  -o out/conftest2.o conftest.c >&5
configure:9409: $? = 0
configure:9431: result: yes
configure:9439: checking if /apps/ault/spack/opt/spack/linux-centos8-zen/gcc-8.4.1/gcc-10.2.0-fqf4ze2mfclmx6e7ehrjckznpoqnevmi/bin/gcc supports -c -o file.o
configure:9486: result: yes
configure:9519: checking whether the /apps/ault/spack/opt/spack/linux-centos8-zen/gcc-8.4.1/gcc-10.2.0-fqf4ze2mfclmx6e7ehrjckznpoqnevmi/bin/gcc linker (/usr/bin/ld -m elf_x86_64) supports shared libraries
configure:10787: result: yes
configure:11027: checking dynamic linker characteristics
configure:11608: /apps/ault/spack/opt/spack/linux-centos8-zen/gcc-8.4.1/gcc-10.2.0-fqf4ze2mfclmx6e7ehrjckznpoqnevmi/bin/gcc -o conftest -g -O2  -L/scratch/pmazumde/gitspace/icon-artifacts/velocity/integrate_meh -Wl,-rpath -Wl,/foo conftest.c -lvelocity_cpu -lopenblas -lnetcdff -lnetcdf >&5
configure:11608: $? = 0
configure:11845: result: GNU/Linux ld.so
configure:11967: checking how to hardcode library paths into programs
configure:11992: result: immediate
configure:12540: checking whether stripping libraries is possible
configure:12545: result: yes
configure:12580: checking if libtool supports shared libraries
configure:12582: result: yes
configure:12585: checking whether to build shared libraries
configure:12610: result: no
configure:12613: checking whether to build static libraries
configure:12617: result: yes
configure:12620: checking whether this is the NAG Fortran compiler
configure:12629: result: no
configure:12752: checking if libtool supports shared libraries
configure:12754: result: yes
configure:12757: checking whether to build shared libraries
configure:12781: result: no
configure:12784: checking whether to build static libraries
configure:12788: result: yes
configure:12823: /apps/ault/spack/opt/spack/linux-centos8-zen/gcc-8.4.1/gcc-10.2.0-fqf4ze2mfclmx6e7ehrjckznpoqnevmi/bin/gfortran -c -DDACE_SUBST_ENABLE -g -I/scratch/wbenjami/dafy/sdfg_gpu/spack/opt/spack/linux-centos8-zen2/gcc-10.2.0/netcdf-fortran-4.6.0-p7jdeag2groulzasdfqnokx2qiris3zh/include -I/scratch/wbenjami/dafy/sdfg_gpu/spack/opt/spack/linux-centos8-zen2/gcc-10.2.0/netcdf-c-4.9.2-zynxjqlltpkunevnlaltrm7kfqlwjgpu/include  -O2 -std=legacy  conftest.f >&5
configure:12826: $? = 0
configure:13310: checking for /apps/ault/spack/opt/spack/linux-centos8-zen/gcc-8.4.1/gcc-10.2.0-fqf4ze2mfclmx6e7ehrjckznpoqnevmi/bin/gfortran option to produce PIC
configure:13317: result: -fPIC
configure:13325: checking if /apps/ault/spack/opt/spack/linux-centos8-zen/gcc-8.4.1/gcc-10.2.0-fqf4ze2mfclmx6e7ehrjckznpoqnevmi/bin/gfortran PIC flag -fPIC works
configure:13343: /apps/ault/spack/opt/spack/linux-centos8-zen/gcc-8.4.1/gcc-10.2.0-fqf4ze2mfclmx6e7ehrjckznpoqnevmi/bin/gfortran -c -DDACE_SUBST_ENABLE -g -I/scratch/wbenjami/dafy/sdfg_gpu/spack/opt/spack/linux-centos8-zen2/gcc-10.2.0/netcdf-fortran-4.6.0-p7jdeag2groulzasdfqnokx2qiris3zh/include -I/scratch/wbenjami/dafy/sdfg_gpu/spack/opt/spack/linux-centos8-zen2/gcc-10.2.0/netcdf-c-4.9.2-zynxjqlltpkunevnlaltrm7kfqlwjgpu/include  -O2 -std=legacy -fPIC  conftest.f >&5
configure:13347: $? = 0
configure:13360: result: yes
configure:13383: checking if /apps/ault/spack/opt/spack/linux-centos8-zen/gcc-8.4.1/gcc-10.2.0-fqf4ze2mfclmx6e7ehrjckznpoqnevmi/bin/gfortran static flag -static works
configure:13411: result: no
configure:13423: checking if /apps/ault/spack/opt/spack/linux-centos8-zen/gcc-8.4.1/gcc-10.2.0-fqf4ze2mfclmx6e7ehrjckznpoqnevmi/bin/gfortran supports -c -o file.o
configure:13444: /apps/ault/spack/opt/spack/linux-centos8-zen/gcc-8.4.1/gcc-10.2.0-fqf4ze2mfclmx6e7ehrjckznpoqnevmi/bin/gfortran -c -DDACE_SUBST_ENABLE -g -I/scratch/wbenjami/dafy/sdfg_gpu/spack/opt/spack/linux-centos8-zen2/gcc-10.2.0/netcdf-fortran-4.6.0-p7jdeag2groulzasdfqnokx2qiris3zh/include -I/scratch/wbenjami/dafy/sdfg_gpu/spack/opt/spack/linux-centos8-zen2/gcc-10.2.0/netcdf-c-4.9.2-zynxjqlltpkunevnlaltrm7kfqlwjgpu/include  -O2 -std=legacy -o out/conftest2.o  conftest.f >&5
configure:13448: $? = 0
configure:13470: result: yes
configure:13475: checking if /apps/ault/spack/opt/spack/linux-centos8-zen/gcc-8.4.1/gcc-10.2.0-fqf4ze2mfclmx6e7ehrjckznpoqnevmi/bin/gfortran supports -c -o file.o
configure:13522: result: yes
configure:13552: checking whether the /apps/ault/spack/opt/spack/linux-centos8-zen/gcc-8.4.1/gcc-10.2.0-fqf4ze2mfclmx6e7ehrjckznpoqnevmi/bin/gfortran linker (/usr/bin/ld -m elf_x86_64) supports shared libraries
configure:14770: result: yes
configure:14911: checking dynamic linker characteristics
configure:15650: result: GNU/Linux ld.so
configure:15715: checking how to hardcode library paths into programs
configure:15740: result: immediate
configure:15756: checking whether this is the NAG Fortran compiler
configure:15765: result: no
configure:15804: creating ./config.lt

## ------------------ ##
## Running config.lt. ##
## ------------------ ##
config.lt:688: creating libtool
configure:17405: checking whether libtool can link C programs
configure:17422: /scratch/pmazumde/paper-icon-dace/icon-dace/build/externals/mtime/libtool --mode=link --tag=CC /apps/ault/spack/opt/spack/linux-centos8-zen/gcc-8.4.1/gcc-10.2.0-fqf4ze2mfclmx6e7ehrjckznpoqnevmi/bin/gcc -o conftest -g -O2  -L/scratch/pmazumde/gitspace/icon-artifacts/velocity/integrate_meh conftest.c -lvelocity_cpu -lopenblas -lnetcdff -lnetcdf >&5
libtool: link: /apps/ault/spack/opt/spack/linux-centos8-zen/gcc-8.4.1/gcc-10.2.0-fqf4ze2mfclmx6e7ehrjckznpoqnevmi/bin/gcc -o conftest -g -O2 conftest.c  -L/scratch/pmazumde/gitspace/icon-artifacts/velocity/integrate_meh -lvelocity_cpu -lopenblas -lnetcdff -lnetcdf
configure:17422: $? = 0
configure:17428: result: yes
configure:17489: checking whether libtool can link Fortran programs
configure:17500: /scratch/pmazumde/paper-icon-dace/icon-dace/build/externals/mtime/libtool --mode=link --tag=FC /apps/ault/spack/opt/spack/linux-centos8-zen/gcc-8.4.1/gcc-10.2.0-fqf4ze2mfclmx6e7ehrjckznpoqnevmi/bin/gfortran -o conftest -DDACE_SUBST_ENABLE -g -I/scratch/wbenjami/dafy/sdfg_gpu/spack/opt/spack/linux-centos8-zen2/gcc-10.2.0/netcdf-fortran-4.6.0-p7jdeag2groulzasdfqnokx2qiris3zh/include -I/scratch/wbenjami/dafy/sdfg_gpu/spack/opt/spack/linux-centos8-zen2/gcc-10.2.0/netcdf-c-4.9.2-zynxjqlltpkunevnlaltrm7kfqlwjgpu/include -O2 -std=legacy -L/scratch/pmazumde/gitspace/icon-artifacts/velocity/integrate_meh  conftest.f -lvelocity_cpu -lopenblas -lnetcdff -lnetcdf >&5
libtool: link: /apps/ault/spack/opt/spack/linux-centos8-zen/gcc-8.4.1/gcc-10.2.0-fqf4ze2mfclmx6e7ehrjckznpoqnevmi/bin/gfortran -o conftest -DDACE_SUBST_ENABLE -g -I/scratch/wbenjami/dafy/sdfg_gpu/spack/opt/spack/linux-centos8-zen2/gcc-10.2.0/netcdf-fortran-4.6.0-p7jdeag2groulzasdfqnokx2qiris3zh/include -I/scratch/wbenjami/dafy/sdfg_gpu/spack/opt/spack/linux-centos8-zen2/gcc-10.2.0/netcdf-c-4.9.2-zynxjqlltpkunevnlaltrm7kfqlwjgpu/include -O2 -std=legacy conftest.f  -L/scratch/pmazumde/gitspace/icon-artifacts/velocity/integrate_meh -lvelocity_cpu -lopenblas -lnetcdff -lnetcdf
configure:17500: $? = 0
configure:17506: result: yes
configure:17546: checking for Fortran compiler flag needed to compile preprocessed .f90 files
configure:17571: /scratch/pmazumde/paper-icon-dace/icon-dace/build/externals/mtime/libtool --mode=compile --tag=FC /apps/ault/spack/opt/spack/linux-centos8-zen/gcc-8.4.1/gcc-10.2.0-fqf4ze2mfclmx6e7ehrjckznpoqnevmi/bin/gfortran -c -DDACE_SUBST_ENABLE -g -I/scratch/wbenjami/dafy/sdfg_gpu/spack/opt/spack/linux-centos8-zen2/gcc-10.2.0/netcdf-fortran-4.6.0-p7jdeag2groulzasdfqnokx2qiris3zh/include -I/scratch/wbenjami/dafy/sdfg_gpu/spack/opt/spack/linux-centos8-zen2/gcc-10.2.0/netcdf-c-4.9.2-zynxjqlltpkunevnlaltrm7kfqlwjgpu/include -O2 -std=legacy  conftest.f90 >&5
libtool: compile:  /apps/ault/spack/opt/spack/linux-centos8-zen/gcc-8.4.1/gcc-10.2.0-fqf4ze2mfclmx6e7ehrjckznpoqnevmi/bin/gfortran -c -DDACE_SUBST_ENABLE -g -I/scratch/wbenjami/dafy/sdfg_gpu/spack/opt/spack/linux-centos8-zen2/gcc-10.2.0/netcdf-fortran-4.6.0-p7jdeag2groulzasdfqnokx2qiris3zh/include -I/scratch/wbenjami/dafy/sdfg_gpu/spack/opt/spack/linux-centos8-zen2/gcc-10.2.0/netcdf-c-4.9.2-zynxjqlltpkunevnlaltrm7kfqlwjgpu/include -O2 -std=legacy conftest.f90 -o conftest.o
conftest.f90:3:2:

    3 | #if 0
      |  1
Warning: Illegal preprocessor directive
conftest.f90:4:2:

    4 | #include <ac_nonexistent.h>
      |  1
Warning: Illegal preprocessor directive
conftest.f90:6:2:

    6 | #endif
      |  1
Warning: Illegal preprocessor directive
conftest.f90:5:7:

    5 |       choke me
      |       1
Error: Unclassifiable statement at (1)
configure:17571: $? = 1
configure: failed program was:
|       program main
| 
| #if 0
| #include <ac_nonexistent.h>
|       choke me
| #endif
|       end
configure:17571: /scratch/pmazumde/paper-icon-dace/icon-dace/build/externals/mtime/libtool --mode=compile --tag=FC /apps/ault/spack/opt/spack/linux-centos8-zen/gcc-8.4.1/gcc-10.2.0-fqf4ze2mfclmx6e7ehrjckznpoqnevmi/bin/gfortran -c -DDACE_SUBST_ENABLE -g -I/scratch/wbenjami/dafy/sdfg_gpu/spack/opt/spack/linux-centos8-zen2/gcc-10.2.0/netcdf-fortran-4.6.0-p7jdeag2groulzasdfqnokx2qiris3zh/include -I/scratch/wbenjami/dafy/sdfg_gpu/spack/opt/spack/linux-centos8-zen2/gcc-10.2.0/netcdf-c-4.9.2-zynxjqlltpkunevnlaltrm7kfqlwjgpu/include -O2 -std=legacy -ftpp conftest.f90 >&5
libtool: compile:  /apps/ault/spack/opt/spack/linux-centos8-zen/gcc-8.4.1/gcc-10.2.0-fqf4ze2mfclmx6e7ehrjckznpoqnevmi/bin/gfortran -c -DDACE_SUBST_ENABLE -g -I/scratch/wbenjami/dafy/sdfg_gpu/spack/opt/spack/linux-centos8-zen2/gcc-10.2.0/netcdf-fortran-4.6.0-p7jdeag2groulzasdfqnokx2qiris3zh/include -I/scratch/wbenjami/dafy/sdfg_gpu/spack/opt/spack/linux-centos8-zen2/gcc-10.2.0/netcdf-c-4.9.2-zynxjqlltpkunevnlaltrm7kfqlwjgpu/include -O2 -std=legacy -ftpp conftest.f90 -o conftest.o
gfortran: error: unrecognized command-line option '-ftpp'
configure:17571: $? = 1
configure: failed program was:
|       program main
| 
| #if 0
| #include <ac_nonexistent.h>
|       choke me
| #endif
|       end
configure:17571: /scratch/pmazumde/paper-icon-dace/icon-dace/build/externals/mtime/libtool --mode=compile --tag=FC /apps/ault/spack/opt/spack/linux-centos8-zen/gcc-8.4.1/gcc-10.2.0-fqf4ze2mfclmx6e7ehrjckznpoqnevmi/bin/gfortran -c -DDACE_SUBST_ENABLE -g -I/scratch/wbenjami/dafy/sdfg_gpu/spack/opt/spack/linux-centos8-zen2/gcc-10.2.0/netcdf-fortran-4.6.0-p7jdeag2groulzasdfqnokx2qiris3zh/include -I/scratch/wbenjami/dafy/sdfg_gpu/spack/opt/spack/linux-centos8-zen2/gcc-10.2.0/netcdf-c-4.9.2-zynxjqlltpkunevnlaltrm7kfqlwjgpu/include -O2 -std=legacy -fpp conftest.f90 >&5
libtool: compile:  /apps/ault/spack/opt/spack/linux-centos8-zen/gcc-8.4.1/gcc-10.2.0-fqf4ze2mfclmx6e7ehrjckznpoqnevmi/bin/gfortran -c -DDACE_SUBST_ENABLE -g -I/scratch/wbenjami/dafy/sdfg_gpu/spack/opt/spack/linux-centos8-zen2/gcc-10.2.0/netcdf-fortran-4.6.0-p7jdeag2groulzasdfqnokx2qiris3zh/include -I/scratch/wbenjami/dafy/sdfg_gpu/spack/opt/spack/linux-centos8-zen2/gcc-10.2.0/netcdf-c-4.9.2-zynxjqlltpkunevnlaltrm7kfqlwjgpu/include -O2 -std=legacy -fpp conftest.f90 -o conftest.o
gfortran: error: unrecognized command-line option '-fpp'; did you mean '-cpp'?
configure:17571: $? = 1
configure: failed program was:
|       program main
| 
| #if 0
| #include <ac_nonexistent.h>
|       choke me
| #endif
|       end
configure:17571: /scratch/pmazumde/paper-icon-dace/icon-dace/build/externals/mtime/libtool --mode=compile --tag=FC /apps/ault/spack/opt/spack/linux-centos8-zen/gcc-8.4.1/gcc-10.2.0-fqf4ze2mfclmx6e7ehrjckznpoqnevmi/bin/gfortran -c -DDACE_SUBST_ENABLE -g -I/scratch/wbenjami/dafy/sdfg_gpu/spack/opt/spack/linux-centos8-zen2/gcc-10.2.0/netcdf-fortran-4.6.0-p7jdeag2groulzasdfqnokx2qiris3zh/include -I/scratch/wbenjami/dafy/sdfg_gpu/spack/opt/spack/linux-centos8-zen2/gcc-10.2.0/netcdf-c-4.9.2-zynxjqlltpkunevnlaltrm7kfqlwjgpu/include -O2 -std=legacy -Tf conftest.f90 >&5
libtool: compile:  /apps/ault/spack/opt/spack/linux-centos8-zen/gcc-8.4.1/gcc-10.2.0-fqf4ze2mfclmx6e7ehrjckznpoqnevmi/bin/gfortran -c -DDACE_SUBST_ENABLE -g -I/scratch/wbenjami/dafy/sdfg_gpu/spack/opt/spack/linux-centos8-zen2/gcc-10.2.0/netcdf-fortran-4.6.0-p7jdeag2groulzasdfqnokx2qiris3zh/include -I/scratch/wbenjami/dafy/sdfg_gpu/spack/opt/spack/linux-centos8-zen2/gcc-10.2.0/netcdf-c-4.9.2-zynxjqlltpkunevnlaltrm7kfqlwjgpu/include -O2 -std=legacy -Tf conftest.f90 -o conftest.o
conftest.f90:3:2:

    3 | #if 0
      |  1
Warning: Illegal preprocessor directive
conftest.f90:4:2:

    4 | #include <ac_nonexistent.h>
      |  1
Warning: Illegal preprocessor directive
conftest.f90:6:2:

    6 | #endif
      |  1
Warning: Illegal preprocessor directive
conftest.f90:5:7:

    5 |       choke me
      |       1
Error: Unclassifiable statement at (1)
configure:17571: $? = 1
configure: failed program was:
|       program main
| 
| #if 0
| #include <ac_nonexistent.h>
|       choke me
| #endif
|       end
configure:17571: /scratch/pmazumde/paper-icon-dace/icon-dace/build/externals/mtime/libtool --mode=compile --tag=FC /apps/ault/spack/opt/spack/linux-centos8-zen/gcc-8.4.1/gcc-10.2.0-fqf4ze2mfclmx6e7ehrjckznpoqnevmi/bin/gfortran -c -DDACE_SUBST_ENABLE -g -I/scratch/wbenjami/dafy/sdfg_gpu/spack/opt/spack/linux-centos8-zen2/gcc-10.2.0/netcdf-fortran-4.6.0-p7jdeag2groulzasdfqnokx2qiris3zh/include -I/scratch/wbenjami/dafy/sdfg_gpu/spack/opt/spack/linux-centos8-zen2/gcc-10.2.0/netcdf-c-4.9.2-zynxjqlltpkunevnlaltrm7kfqlwjgpu/include -O2 -std=legacy -fpp -Tf conftest.f90 >&5
libtool: compile:  /apps/ault/spack/opt/spack/linux-centos8-zen/gcc-8.4.1/gcc-10.2.0-fqf4ze2mfclmx6e7ehrjckznpoqnevmi/bin/gfortran -c -DDACE_SUBST_ENABLE -g -I/scratch/wbenjami/dafy/sdfg_gpu/spack/opt/spack/linux-centos8-zen2/gcc-10.2.0/netcdf-fortran-4.6.0-p7jdeag2groulzasdfqnokx2qiris3zh/include -I/scratch/wbenjami/dafy/sdfg_gpu/spack/opt/spack/linux-centos8-zen2/gcc-10.2.0/netcdf-c-4.9.2-zynxjqlltpkunevnlaltrm7kfqlwjgpu/include -O2 -std=legacy -fpp -Tf conftest.f90 -o conftest.o
gfortran: error: unrecognized command-line option '-fpp'; did you mean '-cpp'?
configure:17571: $? = 1
configure: failed program was:
|       program main
| 
| #if 0
| #include <ac_nonexistent.h>
|       choke me
| #endif
|       end
configure:17571: /scratch/pmazumde/paper-icon-dace/icon-dace/build/externals/mtime/libtool --mode=compile --tag=FC /apps/ault/spack/opt/spack/linux-centos8-zen/gcc-8.4.1/gcc-10.2.0-fqf4ze2mfclmx6e7ehrjckznpoqnevmi/bin/gfortran -c -DDACE_SUBST_ENABLE -g -I/scratch/wbenjami/dafy/sdfg_gpu/spack/opt/spack/linux-centos8-zen2/gcc-10.2.0/netcdf-fortran-4.6.0-p7jdeag2groulzasdfqnokx2qiris3zh/include -I/scratch/wbenjami/dafy/sdfg_gpu/spack/opt/spack/linux-centos8-zen2/gcc-10.2.0/netcdf-c-4.9.2-zynxjqlltpkunevnlaltrm7kfqlwjgpu/include -O2 -std=legacy -xpp=fpp conftest.f90 >&5
libtool: compile:  /apps/ault/spack/opt/spack/linux-centos8-zen/gcc-8.4.1/gcc-10.2.0-fqf4ze2mfclmx6e7ehrjckznpoqnevmi/bin/gfortran -c -DDACE_SUBST_ENABLE -g -I/scratch/wbenjami/dafy/sdfg_gpu/spack/opt/spack/linux-centos8-zen2/gcc-10.2.0/netcdf-fortran-4.6.0-p7jdeag2groulzasdfqnokx2qiris3zh/include -I/scratch/wbenjami/dafy/sdfg_gpu/spack/opt/spack/linux-centos8-zen2/gcc-10.2.0/netcdf-c-4.9.2-zynxjqlltpkunevnlaltrm7kfqlwjgpu/include -O2 -std=legacy -xpp=fpp conftest.f90 -o conftest.o
gfortran: error: language pp=fpp not recognized
gfortran: error: language pp=fpp not recognized
configure:17571: $? = 1
configure: failed program was:
|       program main
| 
| #if 0
| #include <ac_nonexistent.h>
|       choke me
| #endif
|       end
configure:17571: /scratch/pmazumde/paper-icon-dace/icon-dace/build/externals/mtime/libtool --mode=compile --tag=FC /apps/ault/spack/opt/spack/linux-centos8-zen/gcc-8.4.1/gcc-10.2.0-fqf4ze2mfclmx6e7ehrjckznpoqnevmi/bin/gfortran -c -DDACE_SUBST_ENABLE -g -I/scratch/wbenjami/dafy/sdfg_gpu/spack/opt/spack/linux-centos8-zen2/gcc-10.2.0/netcdf-fortran-4.6.0-p7jdeag2groulzasdfqnokx2qiris3zh/include -I/scratch/wbenjami/dafy/sdfg_gpu/spack/opt/spack/linux-centos8-zen2/gcc-10.2.0/netcdf-c-4.9.2-zynxjqlltpkunevnlaltrm7kfqlwjgpu/include -O2 -std=legacy -Mpreprocess conftest.f90 >&5
libtool: compile:  /apps/ault/spack/opt/spack/linux-centos8-zen/gcc-8.4.1/gcc-10.2.0-fqf4ze2mfclmx6e7ehrjckznpoqnevmi/bin/gfortran -c -DDACE_SUBST_ENABLE -g -I/scratch/wbenjami/dafy/sdfg_gpu/spack/opt/spack/linux-centos8-zen2/gcc-10.2.0/netcdf-fortran-4.6.0-p7jdeag2groulzasdfqnokx2qiris3zh/include -I/scratch/wbenjami/dafy/sdfg_gpu/spack/opt/spack/linux-centos8-zen2/gcc-10.2.0/netcdf-c-4.9.2-zynxjqlltpkunevnlaltrm7kfqlwjgpu/include -O2 -std=legacy -Mpreprocess conftest.f90 -o conftest.o
gfortran: error: unrecognized command-line option '-Mpreprocess'; did you mean '--preprocess'?
configure:17571: $? = 1
configure: failed program was:
|       program main
| 
| #if 0
| #include <ac_nonexistent.h>
|       choke me
| #endif
|       end
configure:17571: /scratch/pmazumde/paper-icon-dace/icon-dace/build/externals/mtime/libtool --mode=compile --tag=FC /apps/ault/spack/opt/spack/linux-centos8-zen/gcc-8.4.1/gcc-10.2.0-fqf4ze2mfclmx6e7ehrjckznpoqnevmi/bin/gfortran -c -DDACE_SUBST_ENABLE -g -I/scratch/wbenjami/dafy/sdfg_gpu/spack/opt/spack/linux-centos8-zen2/gcc-10.2.0/netcdf-fortran-4.6.0-p7jdeag2groulzasdfqnokx2qiris3zh/include -I/scratch/wbenjami/dafy/sdfg_gpu/spack/opt/spack/linux-centos8-zen2/gcc-10.2.0/netcdf-c-4.9.2-zynxjqlltpkunevnlaltrm7kfqlwjgpu/include -O2 -std=legacy -e T conftest.f90 >&5
libtool: compile:  /apps/ault/spack/opt/spack/linux-centos8-zen/gcc-8.4.1/gcc-10.2.0-fqf4ze2mfclmx6e7ehrjckznpoqnevmi/bin/gfortran -c -DDACE_SUBST_ENABLE -g -I/scratch/wbenjami/dafy/sdfg_gpu/spack/opt/spack/linux-centos8-zen2/gcc-10.2.0/netcdf-fortran-4.6.0-p7jdeag2groulzasdfqnokx2qiris3zh/include -I/scratch/wbenjami/dafy/sdfg_gpu/spack/opt/spack/linux-centos8-zen2/gcc-10.2.0/netcdf-c-4.9.2-zynxjqlltpkunevnlaltrm7kfqlwjgpu/include -O2 -std=legacy -e T conftest.f90 -o conftest.o
conftest.f90:3:2:

    3 | #if 0
      |  1
Warning: Illegal preprocessor directive
conftest.f90:4:2:

    4 | #include <ac_nonexistent.h>
      |  1
Warning: Illegal preprocessor directive
conftest.f90:6:2:

    6 | #endif
      |  1
Warning: Illegal preprocessor directive
conftest.f90:5:7:

    5 |       choke me
      |       1
Error: Unclassifiable statement at (1)
configure:17571: $? = 1
configure: failed program was:
|       program main
| 
| #if 0
| #include <ac_nonexistent.h>
|       choke me
| #endif
|       end
configure:17571: /scratch/pmazumde/paper-icon-dace/icon-dace/build/externals/mtime/libtool --mode=compile --tag=FC /apps/ault/spack/opt/spack/linux-centos8-zen/gcc-8.4.1/gcc-10.2.0-fqf4ze2mfclmx6e7ehrjckznpoqnevmi/bin/gfortran -c -DDACE_SUBST_ENABLE -g -I/scratch/wbenjami/dafy/sdfg_gpu/spack/opt/spack/linux-centos8-zen2/gcc-10.2.0/netcdf-fortran-4.6.0-p7jdeag2groulzasdfqnokx2qiris3zh/include -I/scratch/wbenjami/dafy/sdfg_gpu/spack/opt/spack/linux-centos8-zen2/gcc-10.2.0/netcdf-c-4.9.2-zynxjqlltpkunevnlaltrm7kfqlwjgpu/include -O2 -std=legacy -e Z conftest.f90 >&5
libtool: compile:  /apps/ault/spack/opt/spack/linux-centos8-zen/gcc-8.4.1/gcc-10.2.0-fqf4ze2mfclmx6e7ehrjckznpoqnevmi/bin/gfortran -c -DDACE_SUBST_ENABLE -g -I/scratch/wbenjami/dafy/sdfg_gpu/spack/opt/spack/linux-centos8-zen2/gcc-10.2.0/netcdf-fortran-4.6.0-p7jdeag2groulzasdfqnokx2qiris3zh/include -I/scratch/wbenjami/dafy/sdfg_gpu/spack/opt/spack/linux-centos8-zen2/gcc-10.2.0/netcdf-c-4.9.2-zynxjqlltpkunevnlaltrm7kfqlwjgpu/include -O2 -std=legacy -e Z conftest.f90 -o conftest.o
conftest.f90:3:2:

    3 | #if 0
      |  1
Warning: Illegal preprocessor directive
conftest.f90:4:2:

    4 | #include <ac_nonexistent.h>
      |  1
Warning: Illegal preprocessor directive
conftest.f90:6:2:

    6 | #endif
      |  1
Warning: Illegal preprocessor directive
conftest.f90:5:7:

    5 |       choke me
      |       1
Error: Unclassifiable statement at (1)
configure:17571: $? = 1
configure: failed program was:
|       program main
| 
| #if 0
| #include <ac_nonexistent.h>
|       choke me
| #endif
|       end
configure:17571: /scratch/pmazumde/paper-icon-dace/icon-dace/build/externals/mtime/libtool --mode=compile --tag=FC /apps/ault/spack/opt/spack/linux-centos8-zen/gcc-8.4.1/gcc-10.2.0-fqf4ze2mfclmx6e7ehrjckznpoqnevmi/bin/gfortran -c -DDACE_SUBST_ENABLE -g -I/scratch/wbenjami/dafy/sdfg_gpu/spack/opt/spack/linux-centos8-zen2/gcc-10.2.0/netcdf-fortran-4.6.0-p7jdeag2groulzasdfqnokx2qiris3zh/include -I/scratch/wbenjami/dafy/sdfg_gpu/spack/opt/spack/linux-centos8-zen2/gcc-10.2.0/netcdf-c-4.9.2-zynxjqlltpkunevnlaltrm7kfqlwjgpu/include -O2 -std=legacy -cpp conftest.f90 >&5
libtool: compile:  /apps/ault/spack/opt/spack/linux-centos8-zen/gcc-8.4.1/gcc-10.2.0-fqf4ze2mfclmx6e7ehrjckznpoqnevmi/bin/gfortran -c -DDACE_SUBST_ENABLE -g -I/scratch/wbenjami/dafy/sdfg_gpu/spack/opt/spack/linux-centos8-zen2/gcc-10.2.0/netcdf-fortran-4.6.0-p7jdeag2groulzasdfqnokx2qiris3zh/include -I/scratch/wbenjami/dafy/sdfg_gpu/spack/opt/spack/linux-centos8-zen2/gcc-10.2.0/netcdf-c-4.9.2-zynxjqlltpkunevnlaltrm7kfqlwjgpu/include -O2 -std=legacy -cpp conftest.f90 -o conftest.o
configure:17571: $? = 0
configure:17581: /scratch/pmazumde/paper-icon-dace/icon-dace/build/externals/mtime/libtool --mode=compile --tag=FC /apps/ault/spack/opt/spack/linux-centos8-zen/gcc-8.4.1/gcc-10.2.0-fqf4ze2mfclmx6e7ehrjckznpoqnevmi/bin/gfortran -c -DDACE_SUBST_ENABLE -g -I/scratch/wbenjami/dafy/sdfg_gpu/spack/opt/spack/linux-centos8-zen2/gcc-10.2.0/netcdf-fortran-4.6.0-p7jdeag2groulzasdfqnokx2qiris3zh/include -I/scratch/wbenjami/dafy/sdfg_gpu/spack/opt/spack/linux-centos8-zen2/gcc-10.2.0/netcdf-c-4.9.2-zynxjqlltpkunevnlaltrm7kfqlwjgpu/include -O2 -std=legacy -cpp conftest.f90 >&5
libtool: compile:  /apps/ault/spack/opt/spack/linux-centos8-zen/gcc-8.4.1/gcc-10.2.0-fqf4ze2mfclmx6e7ehrjckznpoqnevmi/bin/gfortran -c -DDACE_SUBST_ENABLE -g -I/scratch/wbenjami/dafy/sdfg_gpu/spack/opt/spack/linux-centos8-zen2/gcc-10.2.0/netcdf-fortran-4.6.0-p7jdeag2groulzasdfqnokx2qiris3zh/include -I/scratch/wbenjami/dafy/sdfg_gpu/spack/opt/spack/linux-centos8-zen2/gcc-10.2.0/netcdf-c-4.9.2-zynxjqlltpkunevnlaltrm7kfqlwjgpu/include -O2 -std=legacy -cpp conftest.f90 -o conftest.o
conftest.f90:5:2:

    5 |       choke me
      |  1    ~~~~~~~~     
Fatal Error: ac_nonexistent.h: No such file or directory
compilation terminated.
configure:17581: $? = 1
configure: failed program was:
|       program main
| 
| #if 1
| #include <ac_nonexistent.h>
|       choke me
| #endif
|       end
configure:17594: result: -cpp
configure:17641: checking for Fortran flag needed to accept unlimited column source lines
configure:17664: /scratch/pmazumde/paper-icon-dace/icon-dace/build/externals/mtime/libtool --mode=compile --tag=FC /apps/ault/spack/opt/spack/linux-centos8-zen/gcc-8.4.1/gcc-10.2.0-fqf4ze2mfclmx6e7ehrjckznpoqnevmi/bin/gfortran -c -DDACE_SUBST_ENABLE -g -I/scratch/wbenjami/dafy/sdfg_gpu/spack/opt/spack/linux-centos8-zen2/gcc-10.2.0/netcdf-fortran-4.6.0-p7jdeag2groulzasdfqnokx2qiris3zh/include -I/scratch/wbenjami/dafy/sdfg_gpu/spack/opt/spack/linux-centos8-zen2/gcc-10.2.0/netcdf-c-4.9.2-zynxjqlltpkunevnlaltrm7kfqlwjgpu/include -O2 -std=legacy -cpp conftest.f90 >&5
libtool: compile:  /apps/ault/spack/opt/spack/linux-centos8-zen/gcc-8.4.1/gcc-10.2.0-fqf4ze2mfclmx6e7ehrjckznpoqnevmi/bin/gfortran -c -DDACE_SUBST_ENABLE -g -I/scratch/wbenjami/dafy/sdfg_gpu/spack/opt/spack/linux-centos8-zen2/gcc-10.2.0/netcdf-fortran-4.6.0-p7jdeag2groulzasdfqnokx2qiris3zh/include -I/scratch/wbenjami/dafy/sdfg_gpu/spack/opt/spack/linux-centos8-zen2/gcc-10.2.0/netcdf-c-4.9.2-zynxjqlltpkunevnlaltrm7kfqlwjgpu/include -O2 -std=legacy -cpp conftest.f90 -o conftest.o
conftest.f90:2:132:

    2 |       subroutine longer_than_132(arg1,arg2,arg3,arg4,arg5,arg6,arg7,arg8,arg9,arg10,arg11,arg12,arg13,arg14,arg15,arg16,arg17,arg18,arg19)
      |                                                                                                                                    1
Error: Line truncated at (1) [-Werror=line-truncation]
conftest.f90:2:132:

    2 |       subroutine longer_than_132(arg1,arg2,arg3,arg4,arg5,arg6,arg7,arg8,arg9,arg10,arg11,arg12,arg13,arg14,arg15,arg16,arg17,arg18,arg19)
      |                                                                                                                                    1
Error: Invalid character in name at (1)
conftest.f90:4:9:

    4 |       end subroutine
      |         1
Error: Expecting END PROGRAM statement at (1)
f951: Error: Unexpected end of file in 'conftest.f90'
f951: some warnings being treated as errors
configure:17664: $? = 1
configure: failed program was:
| 
|       subroutine longer_than_132(arg1,arg2,arg3,arg4,arg5,arg6,arg7,arg8,arg9,arg10,arg11,arg12,arg13,arg14,arg15,arg16,arg17,arg18,arg19)
|         implicit integer (a)
|       end subroutine
configure:17664: /scratch/pmazumde/paper-icon-dace/icon-dace/build/externals/mtime/libtool --mode=compile --tag=FC /apps/ault/spack/opt/spack/linux-centos8-zen/gcc-8.4.1/gcc-10.2.0-fqf4ze2mfclmx6e7ehrjckznpoqnevmi/bin/gfortran -c -DDACE_SUBST_ENABLE -g -I/scratch/wbenjami/dafy/sdfg_gpu/spack/opt/spack/linux-centos8-zen2/gcc-10.2.0/netcdf-fortran-4.6.0-p7jdeag2groulzasdfqnokx2qiris3zh/include -I/scratch/wbenjami/dafy/sdfg_gpu/spack/opt/spack/linux-centos8-zen2/gcc-10.2.0/netcdf-c-4.9.2-zynxjqlltpkunevnlaltrm7kfqlwjgpu/include -O2 -std=legacy -ffree-line-length-none -cpp conftest.f90 >&5
libtool: compile:  /apps/ault/spack/opt/spack/linux-centos8-zen/gcc-8.4.1/gcc-10.2.0-fqf4ze2mfclmx6e7ehrjckznpoqnevmi/bin/gfortran -c -DDACE_SUBST_ENABLE -g -I/scratch/wbenjami/dafy/sdfg_gpu/spack/opt/spack/linux-centos8-zen2/gcc-10.2.0/netcdf-fortran-4.6.0-p7jdeag2groulzasdfqnokx2qiris3zh/include -I/scratch/wbenjami/dafy/sdfg_gpu/spack/opt/spack/linux-centos8-zen2/gcc-10.2.0/netcdf-c-4.9.2-zynxjqlltpkunevnlaltrm7kfqlwjgpu/include -O2 -std=legacy -ffree-line-length-none -cpp conftest.f90 -o conftest.o
configure:17664: $? = 0
configure:17673: result: -ffree-line-length-none
configure:17700: checking for Fortran compiler module file naming template
configure:17718: /scratch/pmazumde/paper-icon-dace/icon-dace/build/externals/mtime/libtool --mode=compile --tag=FC /apps/ault/spack/opt/spack/linux-centos8-zen/gcc-8.4.1/gcc-10.2.0-fqf4ze2mfclmx6e7ehrjckznpoqnevmi/bin/gfortran -c -DDACE_SUBST_ENABLE -g -I/scratch/wbenjami/dafy/sdfg_gpu/spack/opt/spack/linux-centos8-zen2/gcc-10.2.0/netcdf-fortran-4.6.0-p7jdeag2groulzasdfqnokx2qiris3zh/include -I/scratch/wbenjami/dafy/sdfg_gpu/spack/opt/spack/linux-centos8-zen2/gcc-10.2.0/netcdf-c-4.9.2-zynxjqlltpkunevnlaltrm7kfqlwjgpu/include -O2 -std=legacy -ffree-line-length-none -cpp conftest.f90 >&5
libtool: compile:  /apps/ault/spack/opt/spack/linux-centos8-zen/gcc-8.4.1/gcc-10.2.0-fqf4ze2mfclmx6e7ehrjckznpoqnevmi/bin/gfortran -c -DDACE_SUBST_ENABLE -g -I/scratch/wbenjami/dafy/sdfg_gpu/spack/opt/spack/linux-centos8-zen2/gcc-10.2.0/netcdf-fortran-4.6.0-p7jdeag2groulzasdfqnokx2qiris3zh/include -I/scratch/wbenjami/dafy/sdfg_gpu/spack/opt/spack/linux-centos8-zen2/gcc-10.2.0/netcdf-c-4.9.2-zynxjqlltpkunevnlaltrm7kfqlwjgpu/include -O2 -std=legacy -ffree-line-length-none -cpp conftest.f90 -o conftest.o
configure:17718: $? = 0
configure:17761: result: {name}.mod
configure:17776: checking for Fortran compiler flag needed to specify search paths for module files
configure:17795: /scratch/pmazumde/paper-icon-dace/icon-dace/build/externals/mtime/libtool --mode=compile --tag=FC /apps/ault/spack/opt/spack/linux-centos8-zen/gcc-8.4.1/gcc-10.2.0-fqf4ze2mfclmx6e7ehrjckznpoqnevmi/bin/gfortran -c -DDACE_SUBST_ENABLE -g -I/scratch/wbenjami/dafy/sdfg_gpu/spack/opt/spack/linux-centos8-zen2/gcc-10.2.0/netcdf-fortran-4.6.0-p7jdeag2groulzasdfqnokx2qiris3zh/include -I/scratch/wbenjami/dafy/sdfg_gpu/spack/opt/spack/linux-centos8-zen2/gcc-10.2.0/netcdf-c-4.9.2-zynxjqlltpkunevnlaltrm7kfqlwjgpu/include -O2 -std=legacy -ffree-line-length-none -cpp conftest.f90 >&5
libtool: compile:  /apps/ault/spack/opt/spack/linux-centos8-zen/gcc-8.4.1/gcc-10.2.0-fqf4ze2mfclmx6e7ehrjckznpoqnevmi/bin/gfortran -c -DDACE_SUBST_ENABLE -g -I/scratch/wbenjami/dafy/sdfg_gpu/spack/opt/spack/linux-centos8-zen2/gcc-10.2.0/netcdf-fortran-4.6.0-p7jdeag2groulzasdfqnokx2qiris3zh/include -I/scratch/wbenjami/dafy/sdfg_gpu/spack/opt/spack/linux-centos8-zen2/gcc-10.2.0/netcdf-c-4.9.2-zynxjqlltpkunevnlaltrm7kfqlwjgpu/include -O2 -std=legacy -ffree-line-length-none -cpp conftest.f90 -o conftest.o
configure:17795: $? = 0
configure:17808: /scratch/pmazumde/paper-icon-dace/icon-dace/build/externals/mtime/libtool --mode=compile --tag=FC /apps/ault/spack/opt/spack/linux-centos8-zen/gcc-8.4.1/gcc-10.2.0-fqf4ze2mfclmx6e7ehrjckznpoqnevmi/bin/gfortran -c -DDACE_SUBST_ENABLE -g -I/scratch/wbenjami/dafy/sdfg_gpu/spack/opt/spack/linux-centos8-zen2/gcc-10.2.0/netcdf-fortran-4.6.0-p7jdeag2groulzasdfqnokx2qiris3zh/include -I/scratch/wbenjami/dafy/sdfg_gpu/spack/opt/spack/linux-centos8-zen2/gcc-10.2.0/netcdf-c-4.9.2-zynxjqlltpkunevnlaltrm7kfqlwjgpu/include -O2 -std=legacy -ffree-line-length-none -Mconftest.dir -Mconftest.dir -cpp conftest.f90 >&5
libtool: compile:  /apps/ault/spack/opt/spack/linux-centos8-zen/gcc-8.4.1/gcc-10.2.0-fqf4ze2mfclmx6e7ehrjckznpoqnevmi/bin/gfortran -c -DDACE_SUBST_ENABLE -g -I/scratch/wbenjami/dafy/sdfg_gpu/spack/opt/spack/linux-centos8-zen2/gcc-10.2.0/netcdf-fortran-4.6.0-p7jdeag2groulzasdfqnokx2qiris3zh/include -I/scratch/wbenjami/dafy/sdfg_gpu/spack/opt/spack/linux-centos8-zen2/gcc-10.2.0/netcdf-c-4.9.2-zynxjqlltpkunevnlaltrm7kfqlwjgpu/include -O2 -std=legacy -ffree-line-length-none -Mconftest.dir -Mconftest.dir -cpp conftest.f90 -o conftest.o
gfortran: error: unrecognized command-line option '-Mconftest.dir'
gfortran: error: unrecognized command-line option '-Mconftest.dir'
configure:17808: $? = 1
configure: failed program was:
| 
|       program main
|       use conftest_module, only : conftest_routine
|       implicit none
|       call conftest_routine
|       end program
configure:17808: /scratch/pmazumde/paper-icon-dace/icon-dace/build/externals/mtime/libtool --mode=compile --tag=FC /apps/ault/spack/opt/spack/linux-centos8-zen/gcc-8.4.1/gcc-10.2.0-fqf4ze2mfclmx6e7ehrjckznpoqnevmi/bin/gfortran -c -DDACE_SUBST_ENABLE -g -I/scratch/wbenjami/dafy/sdfg_gpu/spack/opt/spack/linux-centos8-zen2/gcc-10.2.0/netcdf-fortran-4.6.0-p7jdeag2groulzasdfqnokx2qiris3zh/include -I/scratch/wbenjami/dafy/sdfg_gpu/spack/opt/spack/linux-centos8-zen2/gcc-10.2.0/netcdf-c-4.9.2-zynxjqlltpkunevnlaltrm7kfqlwjgpu/include -O2 -std=legacy -ffree-line-length-none -Iconftest.dir -Iconftest.dir -cpp conftest.f90 >&5
libtool: compile:  /apps/ault/spack/opt/spack/linux-centos8-zen/gcc-8.4.1/gcc-10.2.0-fqf4ze2mfclmx6e7ehrjckznpoqnevmi/bin/gfortran -c -DDACE_SUBST_ENABLE -g -I/scratch/wbenjami/dafy/sdfg_gpu/spack/opt/spack/linux-centos8-zen2/gcc-10.2.0/netcdf-fortran-4.6.0-p7jdeag2groulzasdfqnokx2qiris3zh/include -I/scratch/wbenjami/dafy/sdfg_gpu/spack/opt/spack/linux-centos8-zen2/gcc-10.2.0/netcdf-c-4.9.2-zynxjqlltpkunevnlaltrm7kfqlwjgpu/include -O2 -std=legacy -ffree-line-length-none -Iconftest.dir -Iconftest.dir -cpp conftest.f90 -o conftest.o
configure:17808: $? = 0
configure:17823: result: -I
configure:17848: checking for library containing roundf
configure:17879: /scratch/pmazumde/paper-icon-dace/icon-dace/build/externals/mtime/libtool --mode=link --tag=CC /apps/ault/spack/opt/spack/linux-centos8-zen/gcc-8.4.1/gcc-10.2.0-fqf4ze2mfclmx6e7ehrjckznpoqnevmi/bin/gcc -o conftest -g -O2  -L/scratch/pmazumde/gitspace/icon-artifacts/velocity/integrate_meh conftest.c -lvelocity_cpu -lopenblas -lnetcdff -lnetcdf >&5
libtool: link: /apps/ault/spack/opt/spack/linux-centos8-zen/gcc-8.4.1/gcc-10.2.0-fqf4ze2mfclmx6e7ehrjckznpoqnevmi/bin/gcc -o conftest -g -O2 conftest.c  -L/scratch/pmazumde/gitspace/icon-artifacts/velocity/integrate_meh -lvelocity_cpu -lopenblas -lnetcdff -lnetcdf
conftest.c:30:6: warning: conflicting types for built-in function 'roundf'; expected 'float(float)' [-Wbuiltin-declaration-mismatch]
   30 | char roundf ();
      |      ^~~~~~
conftest.c:1:1: note: 'roundf' is declared in header '<math.h>'
    1 | /* confdefs.h */
/usr/bin/ld: /tmp/cc8ODVBg.o: undefined reference to symbol 'roundf@@GLIBC_2.2.5'
//usr/lib64/libm.so.6: error adding symbols: DSO missing from command line
collect2: error: ld returned 1 exit status
configure:17879: $? = 1
configure: failed program was:
| /* confdefs.h */
| #define PACKAGE_NAME "mtime"
| #define PACKAGE_TARNAME "mtime"
| #define PACKAGE_VERSION "1.2.2"
| #define PACKAGE_STRING "mtime 1.2.2"
| #define PACKAGE_BUGREPORT "luis.kornblueh@mpimet.mpg.de"
| #define PACKAGE_URL ""
| #define PACKAGE "mtime"
| #define VERSION "1.2.2"
| #define STDC_HEADERS 1
| #define HAVE_SYS_TYPES_H 1
| #define HAVE_SYS_STAT_H 1
| #define HAVE_STDLIB_H 1
| #define HAVE_STRING_H 1
| #define HAVE_MEMORY_H 1
| #define HAVE_STRINGS_H 1
| #define HAVE_INTTYPES_H 1
| #define HAVE_STDINT_H 1
| #define HAVE_UNISTD_H 1
| #define HAVE_DLFCN_H 1
| #define LT_OBJDIR ".libs/"
| /* end confdefs.h.  */
| 
| /* Override any GCC internal prototype to avoid an error.
|    Use char because int might match the return type of a GCC
|    builtin and then its argument prototype would still apply.  */
| #ifdef __cplusplus
| extern "C"
| #endif
| char roundf ();
| int
| main ()
| {
| return roundf ();
|   ;
|   return 0;
| }
configure:17879: /scratch/pmazumde/paper-icon-dace/icon-dace/build/externals/mtime/libtool --mode=link --tag=CC /apps/ault/spack/opt/spack/linux-centos8-zen/gcc-8.4.1/gcc-10.2.0-fqf4ze2mfclmx6e7ehrjckznpoqnevmi/bin/gcc -o conftest -g -O2  -L/scratch/pmazumde/gitspace/icon-artifacts/velocity/integrate_meh conftest.c -lm  -lvelocity_cpu -lopenblas -lnetcdff -lnetcdf >&5
libtool: link: /apps/ault/spack/opt/spack/linux-centos8-zen/gcc-8.4.1/gcc-10.2.0-fqf4ze2mfclmx6e7ehrjckznpoqnevmi/bin/gcc -o conftest -g -O2 conftest.c  -L/scratch/pmazumde/gitspace/icon-artifacts/velocity/integrate_meh -lm -lvelocity_cpu -lopenblas -lnetcdff -lnetcdf
conftest.c:30:6: warning: conflicting types for built-in function 'roundf'; expected 'float(float)' [-Wbuiltin-declaration-mismatch]
   30 | char roundf ();
      |      ^~~~~~
conftest.c:1:1: note: 'roundf' is declared in header '<math.h>'
    1 | /* confdefs.h */
configure:17879: $? = 0
configure:17896: result: -lm
configure:18018: checking for check.h
configure:18018: /scratch/pmazumde/paper-icon-dace/icon-dace/build/externals/mtime/libtool --mode=compile --tag=CC /apps/ault/spack/opt/spack/linux-centos8-zen/gcc-8.4.1/gcc-10.2.0-fqf4ze2mfclmx6e7ehrjckznpoqnevmi/bin/gcc -c  -g -O2  conftest.c >&5
libtool: compile:  /apps/ault/spack/opt/spack/linux-centos8-zen/gcc-8.4.1/gcc-10.2.0-fqf4ze2mfclmx6e7ehrjckznpoqnevmi/bin/gcc -c -g -O2 conftest.c -o conftest.o
configure:18018: $? = 0
configure:18018: result: yes
configure:18021: checking for linker flags enabling C function tcase_create
configure:18053: /scratch/pmazumde/paper-icon-dace/icon-dace/build/externals/mtime/libtool --mode=link --tag=CC /apps/ault/spack/opt/spack/linux-centos8-zen/gcc-8.4.1/gcc-10.2.0-fqf4ze2mfclmx6e7ehrjckznpoqnevmi/bin/gcc -o conftest  -g -O2  -L/scratch/pmazumde/gitspace/icon-artifacts/velocity/integrate_meh conftest.c  -lm -lvelocity_cpu -lopenblas -lnetcdff -lnetcdf >&5
libtool: link: /apps/ault/spack/opt/spack/linux-centos8-zen/gcc-8.4.1/gcc-10.2.0-fqf4ze2mfclmx6e7ehrjckznpoqnevmi/bin/gcc -o conftest -g -O2 conftest.c  -L/scratch/pmazumde/gitspace/icon-artifacts/velocity/integrate_meh -lm -lvelocity_cpu -lopenblas -lnetcdff -lnetcdf
/tmp/ccHzmXYy.o: In function `main':
/scratch/pmazumde/paper-icon-dace/icon-dace/build/externals/mtime/conftest.c:34: undefined reference to `tcase_create'
collect2: error: ld returned 1 exit status
configure:18053: $? = 1
configure: failed program was:
| /* confdefs.h */
| #define PACKAGE_NAME "mtime"
| #define PACKAGE_TARNAME "mtime"
| #define PACKAGE_VERSION "1.2.2"
| #define PACKAGE_STRING "mtime 1.2.2"
| #define PACKAGE_BUGREPORT "luis.kornblueh@mpimet.mpg.de"
| #define PACKAGE_URL ""
| #define PACKAGE "mtime"
| #define VERSION "1.2.2"
| #define STDC_HEADERS 1
| #define HAVE_SYS_TYPES_H 1
| #define HAVE_SYS_STAT_H 1
| #define HAVE_STDLIB_H 1
| #define HAVE_STRING_H 1
| #define HAVE_MEMORY_H 1
| #define HAVE_STRINGS_H 1
| #define HAVE_INTTYPES_H 1
| #define HAVE_STDINT_H 1
| #define HAVE_UNISTD_H 1
| #define HAVE_DLFCN_H 1
| #define LT_OBJDIR ".libs/"
| /* end confdefs.h.  */
| 
| /* Override any GCC internal prototype to avoid an error.
|    Use char because int might match the return type of a GCC
|    builtin and then its argument prototype would still apply.  */
| #ifdef __cplusplus
| extern "C"
| #endif
| char tcase_create ();
| int
| main ()
| {
| return tcase_create ();
|   ;
|   return 0;
| }
configure:18053: /scratch/pmazumde/paper-icon-dace/icon-dace/build/externals/mtime/libtool --mode=link --tag=CC /apps/ault/spack/opt/spack/linux-centos8-zen/gcc-8.4.1/gcc-10.2.0-fqf4ze2mfclmx6e7ehrjckznpoqnevmi/bin/gcc -o conftest  -g -O2  -L/scratch/pmazumde/gitspace/icon-artifacts/velocity/integrate_meh conftest.c  -lcheck -lm -lvelocity_cpu -lopenblas -lnetcdff -lnetcdf >&5
libtool: link: /apps/ault/spack/opt/spack/linux-centos8-zen/gcc-8.4.1/gcc-10.2.0-fqf4ze2mfclmx6e7ehrjckznpoqnevmi/bin/gcc -o conftest -g -O2 conftest.c  -L/scratch/pmazumde/gitspace/icon-artifacts/velocity/integrate_meh -lcheck -lm -lvelocity_cpu -lopenblas -lnetcdff -lnetcdf
configure:18053: $? = 0
configure:18068: result:  -lcheck
configure:18614: checking for doxygen
configure:18632: found /usr/bin/doxygen
configure:18644: result: /usr/bin/doxygen
configure:18720: checking for perl
configure:18738: found /usr/bin/perl
configure:18750: result: /usr/bin/perl
configure:19480: checking for latex
configure:19513: result: no
configure:19533: WARNING: latex not found - will not generate doxygen PostScript documentation
configure:19586: checking for makeindex
configure:19619: result: no
configure:19692: checking for dvips
configure:19725: result: no
configure:19798: checking for egrep
configure:19816: found /usr/bin/egrep
configure:19828: result: /usr/bin/egrep
configure:19953: checking for pdflatex
configure:19986: result: no
configure:20006: WARNING: pdflatex not found - will not generate doxygen PDF documentation
configure:20059: checking for makeindex
configure:20092: result: no
configure:20165: checking for egrep
configure:20195: result: /usr/bin/egrep
configure:20632: checking that generated files are newer than configure
configure:20638: result: done
configure:20702: creating ./config.status

## ---------------------- ##
## Running config.status. ##
## ---------------------- ##

This file was extended by mtime config.status 1.2.2, which was
generated by GNU Autoconf 2.69.  Invocation command line was

  CONFIG_FILES    = 
  CONFIG_HEADERS  = 
  CONFIG_LINKS    = 
  CONFIG_COMMANDS = 
  $ ./config.status --quiet

on ault23.cscs.ch

config.status:1298: creating Makefile
config.status:1298: creating doc/Doxyfile
config.status:1298: creating doc/Makefile
config.status:1298: creating examples/Makefile
config.status:1298: creating include/Makefile
config.status:1298: creating python/Makefile
config.status:1298: creating src/Makefile
config.status:1298: creating test/Makefile
config.status:1298: creating test/test_python.sh
config.status:1298: creating config/config.h
config.status:1543: executing depfiles commands
config.status:1620: cd examples       && sed -e '/# am--include-marker/d' Makefile         | make -f - am--depfiles
make[2]: Entering directory '/scratch/pmazumde/paper-icon-dace/icon-dace/build/externals/mtime/examples'
make[2]: Leaving directory '/scratch/pmazumde/paper-icon-dace/icon-dace/build/externals/mtime/examples'
config.status:1625: $? = 0
config.status:1620: cd src       && sed -e '/# am--include-marker/d' Makefile         | make -f - am--depfiles
make[2]: Entering directory '/scratch/pmazumde/paper-icon-dace/icon-dace/build/externals/mtime/src'
make[2]: Leaving directory '/scratch/pmazumde/paper-icon-dace/icon-dace/build/externals/mtime/src'
config.status:1625: $? = 0
config.status:1620: cd test       && sed -e '/# am--include-marker/d' Makefile         | make -f - am--depfiles
make[2]: Entering directory '/scratch/pmazumde/paper-icon-dace/icon-dace/build/externals/mtime/test'
make[2]: Leaving directory '/scratch/pmazumde/paper-icon-dace/icon-dace/build/externals/mtime/test'
config.status:1625: $? = 0
config.status:1543: executing libtool commands

## ---------------- ##
## Cache variables. ##
## ---------------- ##

ac_cv_build=x86_64-pc-linux-gnu
ac_cv_c_compiler_gnu=yes
ac_cv_env_CC_set=set
ac_cv_env_CC_value=/apps/ault/spack/opt/spack/linux-centos8-zen/gcc-8.4.1/gcc-10.2.0-fqf4ze2mfclmx6e7ehrjckznpoqnevmi/bin/gcc
ac_cv_env_CFLAGS_set=set
ac_cv_env_CFLAGS_value='-g -O2'
ac_cv_env_CHECK_CFLAGS_set=
ac_cv_env_CHECK_CFLAGS_value=
ac_cv_env_CHECK_CLIBS_set=
ac_cv_env_CHECK_CLIBS_value=
ac_cv_env_CPPFLAGS_set=
ac_cv_env_CPPFLAGS_value=
ac_cv_env_CPP_set=
ac_cv_env_CPP_value=
ac_cv_env_DOXYGEN_PAPER_SIZE_set=
ac_cv_env_DOXYGEN_PAPER_SIZE_value=
ac_cv_env_FCFLAGS_set=set
ac_cv_env_FCFLAGS_value='-DDACE_SUBST_ENABLE -g -I/scratch/wbenjami/dafy/sdfg_gpu/spack/opt/spack/linux-centos8-zen2/gcc-10.2.0/netcdf-fortran-4.6.0-p7jdeag2groulzasdfqnokx2qiris3zh/include -I/scratch/wbenjami/dafy/sdfg_gpu/spack/opt/spack/linux-centos8-zen2/gcc-10.2.0/netcdf-c-4.9.2-zynxjqlltpkunevnlaltrm7kfqlwjgpu/include  -O2 -std=legacy'
ac_cv_env_FC_set=set
ac_cv_env_FC_value=/apps/ault/spack/opt/spack/linux-centos8-zen/gcc-8.4.1/gcc-10.2.0-fqf4ze2mfclmx6e7ehrjckznpoqnevmi/bin/gfortran
ac_cv_env_LDFLAGS_set=set
ac_cv_env_LDFLAGS_value=-L/scratch/pmazumde/gitspace/icon-artifacts/velocity/integrate_meh
ac_cv_env_LIBS_set=set
ac_cv_env_LIBS_value='-lvelocity_cpu -lopenblas -lnetcdff -lnetcdf'
ac_cv_env_LT_SYS_LIBRARY_PATH_set=
ac_cv_env_LT_SYS_LIBRARY_PATH_value=
ac_cv_env_PYTHON_set=
ac_cv_env_PYTHON_value=
ac_cv_env_build_alias_set=
ac_cv_env_build_alias_value=
ac_cv_env_host_alias_set=
ac_cv_env_host_alias_value=
ac_cv_env_target_alias_set=
ac_cv_env_target_alias_value=
ac_cv_fc_compiler_gnu=yes
ac_cv_header_check_h=yes
ac_cv_header_dlfcn_h=yes
ac_cv_header_inttypes_h=yes
ac_cv_header_memory_h=yes
ac_cv_header_stdc=yes
ac_cv_header_stdint_h=yes
ac_cv_header_stdlib_h=yes
ac_cv_header_string_h=yes
ac_cv_header_strings_h=yes
ac_cv_header_sys_stat_h=yes
ac_cv_header_sys_types_h=yes
ac_cv_header_unistd_h=yes
ac_cv_host=x86_64-pc-linux-gnu
ac_cv_objext=o
ac_cv_path_EGREP='/usr/bin/grep -E'
ac_cv_path_FGREP='/usr/bin/grep -F'
ac_cv_path_GREP=/usr/bin/grep
ac_cv_path_SED=/usr/bin/sed
ac_cv_path_ac_pt_DX_DOXYGEN=/usr/bin/doxygen
ac_cv_path_ac_pt_DX_EGREP=/usr/bin/egrep
ac_cv_path_ac_pt_DX_PERL=/usr/bin/perl
ac_cv_path_install='/usr/bin/install -c'
ac_cv_path_lt_DD=/usr/bin/dd
ac_cv_path_mkdir=/usr/bin/mkdir
ac_cv_prog_AWK=gawk
ac_cv_prog_CPP='/apps/ault/spack/opt/spack/linux-centos8-zen/gcc-8.4.1/gcc-10.2.0-fqf4ze2mfclmx6e7ehrjckznpoqnevmi/bin/gcc -E'
ac_cv_prog_ac_ct_AR=ar
ac_cv_prog_ac_ct_CC=/apps/ault/spack/opt/spack/linux-centos8-zen/gcc-8.4.1/gcc-10.2.0-fqf4ze2mfclmx6e7ehrjckznpoqnevmi/bin/gcc
ac_cv_prog_ac_ct_OBJDUMP=objdump
ac_cv_prog_ac_ct_RANLIB=ranlib
ac_cv_prog_ac_ct_STRIP=strip
ac_cv_prog_cc_c89=
ac_cv_prog_cc_c99=
ac_cv_prog_cc_g=yes
ac_cv_prog_fc_g=yes
ac_cv_prog_make_make_set=yes
ac_cv_search_roundf=-lm
acx_cv_c_lib_func_tcase_create=' -lcheck'
acx_cv_fc_line_length_unlimited=-ffree-line-length-none
acx_cv_fc_module_in_flag=-I
acx_cv_fc_module_naming_ext=mod
acx_cv_fc_module_naming_upper=no
acx_cv_fc_pp_srcext_f90=-cpp
acx_cv_libtool_c_works=yes
acx_cv_libtool_fc_works=yes
am_cv_CC_dependencies_compiler_type=gcc3
am_cv_make_support_nested_variables=yes
am_cv_prog_cc_c_o=yes
lt_cv_ar_at_file=@
lt_cv_deplibs_check_method=pass_all
lt_cv_file_magic_cmd='$MAGIC_CMD'
lt_cv_file_magic_test_file=
lt_cv_ld_reload_flag=-r
lt_cv_nm_interface='BSD nm'
lt_cv_objdir=.libs
lt_cv_path_LD=/usr/bin/ld
lt_cv_path_NM='/usr/bin/nm -B'
lt_cv_path_mainfest_tool=no
lt_cv_prog_compiler_c_o=yes
lt_cv_prog_compiler_c_o_FC=yes
lt_cv_prog_compiler_pic='-fPIC -DPIC'
lt_cv_prog_compiler_pic_FC=-fPIC
lt_cv_prog_compiler_pic_works=yes
lt_cv_prog_compiler_pic_works_FC=yes
lt_cv_prog_compiler_rtti_exceptions=no
lt_cv_prog_compiler_static_works=no
lt_cv_prog_compiler_static_works_FC=no
lt_cv_prog_gnu_ld=yes
lt_cv_sharedlib_from_linklib_cmd='printf %s\n'
lt_cv_shlibpath_overrides_runpath=no
lt_cv_sys_global_symbol_pipe='sed -n -e '\''s/^.*[	 ]\([ABCDGIRSTW][ABCDGIRSTW]*\)[	 ][	 ]*\([_A-Za-z][_A-Za-z0-9]*\)$/\1 \2 \2/p'\'' | sed '\''/ __gnu_lto/d'\'''
lt_cv_sys_global_symbol_to_c_name_address='sed -n -e '\''s/^: \(.*\) .*$/  {"\1", (void *) 0},/p'\'' -e '\''s/^[ABCDGIRSTW][ABCDGIRSTW]* .* \(.*\)$/  {"\1", (void *) \&\1},/p'\'''
lt_cv_sys_global_symbol_to_c_name_address_lib_prefix='sed -n -e '\''s/^: \(.*\) .*$/  {"\1", (void *) 0},/p'\'' -e '\''s/^[ABCDGIRSTW][ABCDGIRSTW]* .* \(lib.*\)$/  {"\1", (void *) \&\1},/p'\'' -e '\''s/^[ABCDGIRSTW][ABCDGIRSTW]* .* \(.*\)$/  {"lib\1", (void *) \&\1},/p'\'''
lt_cv_sys_global_symbol_to_cdecl='sed -n -e '\''s/^T .* \(.*\)$/extern int \1();/p'\'' -e '\''s/^[ABCDGIRSTW][ABCDGIRSTW]* .* \(.*\)$/extern char \1;/p'\'''
lt_cv_sys_global_symbol_to_import=
lt_cv_sys_max_cmd_len=1572864
lt_cv_to_host_file_cmd=func_convert_file_noop
lt_cv_to_tool_file_cmd=func_convert_file_noop
lt_cv_truncate_bin='/usr/bin/dd bs=4096 count=1'

## ----------------- ##
## Output variables. ##
## ----------------- ##












	$(AM_V_at)echo Timestamp >$@
	$(AM_V_at)rm -rf $(DX_DOCDIR)
	$(DX_CLEAN_CHI) \
	$(DX_CLEAN_CHM) \
	$(DX_CLEAN_HTML) \
	$(DX_CLEAN_LATEX)'
	$(DX_CLEAN_MAN) \
	$(DX_CLEAN_PDF) \
	$(DX_CLEAN_PS) \
	$(DX_CLEAN_RTF) \
	$(DX_CLEAN_XML) \
	$(DX_DOCDIR)/$(PACKAGE).tag \
	$(DX_DOCDIR)/doxygen_sqlite3.db \
	$(DX_V_DXGEN)$(DX_ENV) DOCDIR=$(DX_DOCDIR) $(DX_DOXYGEN) $(DX_CONFIG)
	-r \
                $(DX_DOCDIR)/html
               $(DX_DOCDIR)/man
## ------------------------------ ##
## ------------------------------ ##
## ------------------------------- ##
## ------------------------------- ##
## --------------------------------- ##
## Format-independent Doxygen rules. ##
## Rules specific for HTML output. ##
## Rules specific for MAN output. ##
$(DX_DOCDIR)/$(PACKAGE).tag: $(DX_CONFIG) $(pkginclude_HEADERS)
.INTERMEDIATE: doxygen-run $(DX_PS_GOAL) $(DX_PDF_GOAL)
.PHONY: doxygen-run doxygen-doc $(DX_PS_GOAL) $(DX_PDF_GOAL)
ACLOCAL='${SHELL} '\''/scratch/pmazumde/paper-icon-dace/icon-dace/icon-model/externals/mtime/config/missing'\'' aclocal-1.16'
AMDEPBACKSLASH='\'
AMDEP_FALSE='#'
AMDEP_TRUE=''
AMTAR='$${TAR-tar}'
AM_BACKSLASH='\'
AM_DEFAULT_V='$(AM_DEFAULT_VERBOSITY)'
AM_DEFAULT_VERBOSITY='0'
AM_V='$(V)'
AR='ar'
AUTOCONF='${SHELL} '\''/scratch/pmazumde/paper-icon-dace/icon-dace/icon-model/externals/mtime/config/missing'\'' autoconf'
AUTOHEADER='${SHELL} '\''/scratch/pmazumde/paper-icon-dace/icon-dace/icon-model/externals/mtime/config/missing'\'' autoheader'
AUTOMAKE='${SHELL} '\''/scratch/pmazumde/paper-icon-dace/icon-dace/icon-model/externals/mtime/config/missing'\'' automake-1.16'
AWK='gawk'
CC='/apps/ault/spack/opt/spack/linux-centos8-zen/gcc-8.4.1/gcc-10.2.0-fqf4ze2mfclmx6e7ehrjckznpoqnevmi/bin/gcc'
CCDEPMODE='depmode=gcc3'
CFLAGS='-g -O2'
CHECK_CFLAGS=''
CHECK_CLIBS=' -lcheck'
CPP='/apps/ault/spack/opt/spack/linux-centos8-zen/gcc-8.4.1/gcc-10.2.0-fqf4ze2mfclmx6e7ehrjckznpoqnevmi/bin/gcc -E'
CPPFLAGS=''
CSCOPE='cscope'
CTAGS='ctags'
CYGPATH_W='echo'
DEFS='-DHAVE_CONFIG_H'
DEPDIR='.deps'
DLLTOOL='false'
DOT_PATH=''
DOXYGEN_PAPER_SIZE=''
DSYMUTIL=''
DUMPBIN=''
DX_CLEANFILES = \
DX_CLEAN_HTML = $(DX_DOCDIR)/html\
DX_CLEAN_MAN = $(DX_DOCDIR)/man\
DX_CONFIG='$(builddir)/Doxyfile'
DX_DOCDIR='doxygen-doc'
DX_DOT=''
DX_DOXYGEN='/usr/bin/doxygen'
DX_DVIPS=''
DX_EGREP='/usr/bin/egrep'
DX_ENV=' SRCDIR='\''/scratch/pmazumde/paper-icon-dace/icon-dace/icon-model/externals/mtime'\'' PROJECT='\''mtime'\'' VERSION='\''1.2.2'\'' PERL_PATH='\''/usr/bin/perl'\'' HAVE_DOT='\''NO'\'' GENERATE_MAN='\''YES'\'' GENERATE_RTF='\''NO'\'' GENERATE_XML='\''NO'\'' GENERATE_HTMLHELP='\''NO'\'' GENERATE_CHI='\''NO'\'' GENERATE_HTML='\''YES'\'' GENERATE_LATEX='\''NO'\'''
DX_FLAG_chi='0'
DX_FLAG_chm='0'
DX_FLAG_doc='1'
DX_FLAG_dot='0'
DX_FLAG_html='1'
DX_FLAG_html_FALSE='#'
DX_FLAG_html_TRUE=''
DX_FLAG_man='1'
DX_FLAG_man_FALSE='#'
DX_FLAG_man_TRUE=''
DX_FLAG_pdf='0'
DX_FLAG_pdf_FALSE=''
DX_FLAG_pdf_TRUE='#'
DX_FLAG_ps='0'
DX_FLAG_ps_FALSE=''
DX_FLAG_ps_TRUE='#'
DX_FLAG_rtf='0'
DX_FLAG_xml='0'
DX_HHC=''
DX_LATEX=''
DX_MAKEINDEX=''
DX_PDFLATEX=''
DX_PERL='/usr/bin/perl'
DX_PROJECT='mtime'
DX_RULES='## --------------------------------- ##
DX_V_DXGEN = $(_DX_v_DXGEN_$(V))
ECHO_C=''
ECHO_N='-n'
ECHO_T=''
EGREP='/usr/bin/grep -E'
ENABLE_CHECK_FALSE='#'
ENABLE_CHECK_TRUE=''
ENABLE_EXAMPLES_FALSE=''
ENABLE_EXAMPLES_TRUE='#'
ENABLE_FORTRAN_HL_FALSE=''
ENABLE_FORTRAN_HL_TRUE='#'
ENABLE_PYTHON_FALSE=''
ENABLE_PYTHON_TRUE='#'
ETAGS='etags'
EXEEXT=''
FC='/apps/ault/spack/opt/spack/linux-centos8-zen/gcc-8.4.1/gcc-10.2.0-fqf4ze2mfclmx6e7ehrjckznpoqnevmi/bin/gfortran'
FCFLAGS='-DDACE_SUBST_ENABLE -g -I/scratch/wbenjami/dafy/sdfg_gpu/spack/opt/spack/linux-centos8-zen2/gcc-10.2.0/netcdf-fortran-4.6.0-p7jdeag2groulzasdfqnokx2qiris3zh/include -I/scratch/wbenjami/dafy/sdfg_gpu/spack/opt/spack/linux-centos8-zen2/gcc-10.2.0/netcdf-c-4.9.2-zynxjqlltpkunevnlaltrm7kfqlwjgpu/include -O2 -std=legacy -ffree-line-length-none'
FCFLAGS_f90='-cpp'
FCMODEXT='mod'
FCMODINC='-I'
FCMODUC_FALSE=''
FCMODUC_TRUE='#'
FGREP='/usr/bin/grep -F'
GENERATE_CHI='NO'
GENERATE_HTML='YES'
GENERATE_HTMLHELP='NO'
GENERATE_LATEX='NO'
GENERATE_MAN='YES'
GENERATE_RTF='NO'
GENERATE_XML='NO'
GREP='/usr/bin/grep'
HAVE_DOT='NO'
HHC_PATH=''
INSTALL_DATA='${INSTALL} -m 644'
INSTALL_PROGRAM='${INSTALL}'
INSTALL_SCRIPT='${INSTALL}'
INSTALL_STRIP_PROGRAM='$(install_sh) -c -s'
LD='/usr/bin/ld -m elf_x86_64'
LDFLAGS='-L/scratch/pmazumde/gitspace/icon-artifacts/velocity/integrate_meh'
LIBOBJS=''
LIBS='-lm -lvelocity_cpu -lopenblas -lnetcdff -lnetcdf'
LIBTOOL='$(SHELL) $(top_builddir)/libtool'
LIPO=''
LN_S='ln -s'
LTLIBOBJS=''
LT_SYS_LIBRARY_PATH=''
MAINT='#'
MAINTAINER_MODE_FALSE=''
MAINTAINER_MODE_TRUE='#'
MAKEINFO='${SHELL} '\''/scratch/pmazumde/paper-icon-dace/icon-dace/icon-model/externals/mtime/config/missing'\'' makeinfo'
MANIFEST_TOOL=':'
MKDIR_P='/usr/bin/mkdir -p'
MTIME_VERSION_MAJOR='1'
MTIME_VERSION_MINOR='2'
MTIME_VERSION_PATCH='2'
NM='/usr/bin/nm -B'
NMEDIT=''
OBJDUMP='objdump'
OBJEXT='o'
OTOOL64=''
OTOOL=''
PACKAGE='mtime'
PACKAGE_BUGREPORT='luis.kornblueh@mpimet.mpg.de'
PACKAGE_NAME='mtime'
PACKAGE_STRING='mtime 1.2.2'
PACKAGE_TARNAME='mtime'
PACKAGE_URL=''
PACKAGE_VERSION='1.2.2'
PAPER_SIZE=''
PATH_SEPARATOR=':'
PERL_PATH='/usr/bin/perl'
PROJECT='mtime'
PYTHON=''
PYTHON_EXEC_PREFIX=''
PYTHON_PLATFORM=''
PYTHON_PREFIX=''
PYTHON_VERSION=''
RAGEL='${SHELL} '\''/scratch/pmazumde/paper-icon-dace/icon-dace/icon-model/externals/mtime/config/missing'\'' ragel'
RANLIB='ranlib'
SED='/usr/bin/sed'
SET_MAKE=''
SHELL='/bin/sh'
SRCDIR='/scratch/pmazumde/paper-icon-dace/icon-dace/icon-model/externals/mtime'
STRIP='strip'
VERSION='1.2.2'
_DX_v_DXGEN_ = $(_DX_v_DXGEN_$(AM_DEFAULT_VERBOSITY))
_DX_v_DXGEN_0 = @echo "  DXGEN " $<;
ac_ct_AR='ar'
ac_ct_CC='/apps/ault/spack/opt/spack/linux-centos8-zen/gcc-8.4.1/gcc-10.2.0-fqf4ze2mfclmx6e7ehrjckznpoqnevmi/bin/gcc'
ac_ct_DUMPBIN=''
ac_ct_FC=''
acx_modext='.so'
am__EXEEXT_FALSE=''
am__EXEEXT_TRUE='#'
am__fastdepCC_FALSE='#'
am__fastdepCC_TRUE=''
am__include='include'
am__isrc=' -I$(srcdir)'
am__leading_dot='.'
am__nodep='_no'
am__quote=''
am__tar='$${TAR-tar} chof - "$$tardir"'
am__untar='$${TAR-tar} xf -'
bindir='${exec_prefix}/bin'
build='x86_64-pc-linux-gnu'
build_alias=''
build_cpu='x86_64'
build_os='linux-gnu'
build_vendor='pc'
datadir='${datarootdir}'
datarootdir='${prefix}/share'
docdir='${datarootdir}/doc/${PACKAGE_TARNAME}'
doxygen-doc: doxygen-run $(DX_PS_GOAL) $(DX_PDF_GOAL)
doxygen-run: $(DX_DOCDIR)/$(PACKAGE).tag
dvidir='${docdir}'
exec_prefix='${prefix}'
host='x86_64-pc-linux-gnu'
host_alias=''
host_cpu='x86_64'
host_os='linux-gnu'
host_vendor='pc'
htmldir='${docdir}'
includedir='${prefix}/include'
infodir='${datarootdir}/info'
install_sh='${SHELL} /scratch/pmazumde/paper-icon-dace/icon-dace/icon-model/externals/mtime/config/install-sh'
libdir='${exec_prefix}/lib'
libexecdir='${exec_prefix}/libexec'
localedir='${datarootdir}/locale'
localstatedir='${prefix}/var'
mandir='${datarootdir}/man'
mkdir_p='$(MKDIR_P)'
oldincludedir='/usr/include'
pdfdir='${docdir}'
pkgpyexecdir=''
pkgpythondir=''
prefix='/usr/local'
program_transform_name='s,x,x,'
psdir='${docdir}'
pyexecdir=''
pythondir=''
sbindir='${exec_prefix}/sbin'
sharedstatedir='${prefix}/com'
sysconfdir='${prefix}/etc'
target_alias=''

## ----------- ##
## confdefs.h. ##
## ----------- ##

/* confdefs.h */
#define PACKAGE_NAME "mtime"
#define PACKAGE_TARNAME "mtime"
#define PACKAGE_VERSION "1.2.2"
#define PACKAGE_STRING "mtime 1.2.2"
#define PACKAGE_BUGREPORT "luis.kornblueh@mpimet.mpg.de"
#define PACKAGE_URL ""
#define PACKAGE "mtime"
#define VERSION "1.2.2"
#define STDC_HEADERS 1
#define HAVE_SYS_TYPES_H 1
#define HAVE_SYS_STAT_H 1
#define HAVE_STDLIB_H 1
#define HAVE_STRING_H 1
#define HAVE_MEMORY_H 1
#define HAVE_STRINGS_H 1
#define HAVE_INTTYPES_H 1
#define HAVE_STDINT_H 1
#define HAVE_UNISTD_H 1
#define HAVE_DLFCN_H 1
#define LT_OBJDIR ".libs/"
#define ENABLE_CHECK 1

configure: exit 0
